C:/Users/gsahinpi/STM32CubeIDE/workspace2/BSP/Drivers/BSP/STM32F4-Discovery/stm32f4_discovery_audio.c:646:16:I2S3_Init	8	static
C:/Users/gsahinpi/STM32CubeIDE/workspace2/BSP/Drivers/BSP/STM32F4-Discovery/stm32f4_discovery_audio.c:249:9:BSP_AUDIO_OUT_Play	16	static
C:/Users/gsahinpi/STM32CubeIDE/workspace2/BSP/Drivers/BSP/STM32F4-Discovery/stm32f4_discovery_audio.c:271:6:BSP_AUDIO_OUT_ChangeBuffer	0	static
C:/Users/gsahinpi/STM32CubeIDE/workspace2/BSP/Drivers/BSP/STM32F4-Discovery/stm32f4_discovery_audio.c:284:9:BSP_AUDIO_OUT_Pause	16	static
C:/Users/gsahinpi/STM32CubeIDE/workspace2/BSP/Drivers/BSP/STM32F4-Discovery/stm32f4_discovery_audio.c:308:9:BSP_AUDIO_OUT_Resume	16	static
C:/Users/gsahinpi/STM32CubeIDE/workspace2/BSP/Drivers/BSP/STM32F4-Discovery/stm32f4_discovery_audio.c:332:9:BSP_AUDIO_OUT_Stop	16	static
C:/Users/gsahinpi/STM32CubeIDE/workspace2/BSP/Drivers/BSP/STM32F4-Discovery/stm32f4_discovery_audio.c:364:9:BSP_AUDIO_OUT_SetVolume	8	static
C:/Users/gsahinpi/STM32CubeIDE/workspace2/BSP/Drivers/BSP/STM32F4-Discovery/stm32f4_discovery_audio.c:384:9:BSP_AUDIO_OUT_SetMute	8	static
C:/Users/gsahinpi/STM32CubeIDE/workspace2/BSP/Drivers/BSP/STM32F4-Discovery/stm32f4_discovery_audio.c:406:9:BSP_AUDIO_OUT_SetOutputMode	8	static
C:/Users/gsahinpi/STM32CubeIDE/workspace2/BSP/Drivers/BSP/STM32F4-Discovery/stm32f4_discovery_audio.c:470:13:BSP_AUDIO_OUT_ClockConfig	32	static
C:/Users/gsahinpi/STM32CubeIDE/workspace2/BSP/Drivers/BSP/STM32F4-Discovery/stm32f4_discovery_audio.c:426:6:BSP_AUDIO_OUT_SetFrequency	8	static
C:/Users/gsahinpi/STM32CubeIDE/workspace2/BSP/Drivers/BSP/STM32F4-Discovery/stm32f4_discovery_audio.c:512:13:BSP_AUDIO_OUT_MspInit	56	static
C:/Users/gsahinpi/STM32CubeIDE/workspace2/BSP/Drivers/BSP/STM32F4-Discovery/stm32f4_discovery_audio.c:197:9:BSP_AUDIO_OUT_Init	32	static
C:/Users/gsahinpi/STM32CubeIDE/workspace2/BSP/Drivers/BSP/STM32F4-Discovery/stm32f4_discovery_audio.c:582:13:BSP_AUDIO_OUT_MspDeInit	8	static
C:/Users/gsahinpi/STM32CubeIDE/workspace2/BSP/Drivers/BSP/STM32F4-Discovery/stm32f4_discovery_audio.c:620:13:BSP_AUDIO_OUT_TransferComplete_CallBack	0	static
C:/Users/gsahinpi/STM32CubeIDE/workspace2/BSP/Drivers/BSP/STM32F4-Discovery/stm32f4_discovery_audio.c:439:6:HAL_I2S_TxCpltCallback	8	static
C:/Users/gsahinpi/STM32CubeIDE/workspace2/BSP/Drivers/BSP/STM32F4-Discovery/stm32f4_discovery_audio.c:627:13:BSP_AUDIO_OUT_HalfTransfer_CallBack	0	static
C:/Users/gsahinpi/STM32CubeIDE/workspace2/BSP/Drivers/BSP/STM32F4-Discovery/stm32f4_discovery_audio.c:452:6:HAL_I2S_TxHalfCpltCallback	8	static
C:/Users/gsahinpi/STM32CubeIDE/workspace2/BSP/Drivers/BSP/STM32F4-Discovery/stm32f4_discovery_audio.c:634:13:BSP_AUDIO_OUT_Error_CallBack	0	static
C:/Users/gsahinpi/STM32CubeIDE/workspace2/BSP/Drivers/BSP/STM32F4-Discovery/stm32f4_discovery_audio.c:720:9:BSP_AUDIO_IN_Record	8	static
C:/Users/gsahinpi/STM32CubeIDE/workspace2/BSP/Drivers/BSP/STM32F4-Discovery/stm32f4_discovery_audio.c:737:9:BSP_AUDIO_IN_Stop	8	static
C:/Users/gsahinpi/STM32CubeIDE/workspace2/BSP/Drivers/BSP/STM32F4-Discovery/stm32f4_discovery_audio.c:754:9:BSP_AUDIO_IN_Pause	8	static
C:/Users/gsahinpi/STM32CubeIDE/workspace2/BSP/Drivers/BSP/STM32F4-Discovery/stm32f4_discovery_audio.c:767:9:BSP_AUDIO_IN_Resume	8	static
C:/Users/gsahinpi/STM32CubeIDE/workspace2/BSP/Drivers/BSP/STM32F4-Discovery/stm32f4_discovery_audio.c:782:9:BSP_AUDIO_IN_SetVolume	0	static
C:/Users/gsahinpi/STM32CubeIDE/workspace2/BSP/Drivers/BSP/STM32F4-Discovery/stm32f4_discovery_audio.c:797:9:BSP_AUDIO_IN_PDMToPCM	144	static
C:/Users/gsahinpi/STM32CubeIDE/workspace2/BSP/Drivers/BSP/STM32F4-Discovery/stm32f4_discovery_audio.c:852:13:BSP_AUDIO_IN_ClockConfig	24	static
C:/Users/gsahinpi/STM32CubeIDE/workspace2/BSP/Drivers/BSP/STM32F4-Discovery/stm32f4_discovery_audio.c:886:13:BSP_AUDIO_IN_MspInit	64	static
C:/Users/gsahinpi/STM32CubeIDE/workspace2/BSP/Drivers/BSP/STM32F4-Discovery/stm32f4_discovery_audio.c:688:9:BSP_AUDIO_IN_Init	48	static
C:/Users/gsahinpi/STM32CubeIDE/workspace2/BSP/Drivers/BSP/STM32F4-Discovery/stm32f4_discovery_audio.c:952:13:BSP_AUDIO_IN_MspDeInit	8	static
C:/Users/gsahinpi/STM32CubeIDE/workspace2/BSP/Drivers/BSP/STM32F4-Discovery/stm32f4_discovery_audio.c:984:13:BSP_AUDIO_IN_TransferComplete_CallBack	0	static
C:/Users/gsahinpi/STM32CubeIDE/workspace2/BSP/Drivers/BSP/STM32F4-Discovery/stm32f4_discovery_audio.c:827:6:HAL_I2S_RxCpltCallback	8	static
C:/Users/gsahinpi/STM32CubeIDE/workspace2/BSP/Drivers/BSP/STM32F4-Discovery/stm32f4_discovery_audio.c:994:13:BSP_AUDIO_IN_HalfTransfer_CallBack	0	static
C:/Users/gsahinpi/STM32CubeIDE/workspace2/BSP/Drivers/BSP/STM32F4-Discovery/stm32f4_discovery_audio.c:837:6:HAL_I2S_RxHalfCpltCallback	8	static
C:/Users/gsahinpi/STM32CubeIDE/workspace2/BSP/Drivers/BSP/STM32F4-Discovery/stm32f4_discovery_audio.c:1004:13:BSP_AUDIO_IN_Error_Callback	0	static
C:/Users/gsahinpi/STM32CubeIDE/workspace2/BSP/Drivers/BSP/STM32F4-Discovery/stm32f4_discovery_audio.c:1093:6:HAL_I2S_ErrorCallback	8	static
