C:/Users/gsahinpi/STM32CubeIDE/workspace2/BSP/Drivers/BSP/STM32F4-Discovery/stm32f4_discovery.c:292:13:SPIx_Init	40	static
C:/Users/gsahinpi/STM32CubeIDE/workspace2/BSP/Drivers/BSP/STM32F4-Discovery/stm32f4_discovery.c:321:16:SPIx_WriteRead	32	static
C:/Users/gsahinpi/STM32CubeIDE/workspace2/BSP/Drivers/BSP/STM32F4-Discovery/stm32f4_discovery.c:373:13:I2Cx_Init	48	static
C:/Users/gsahinpi/STM32CubeIDE/workspace2/BSP/Drivers/BSP/STM32F4-Discovery/stm32f4_discovery.c:139:10:BSP_GetVersion	0	static
C:/Users/gsahinpi/STM32CubeIDE/workspace2/BSP/Drivers/BSP/STM32F4-Discovery/stm32f4_discovery.c:153:6:BSP_LED_Init	56	static
C:/Users/gsahinpi/STM32CubeIDE/workspace2/BSP/Drivers/BSP/STM32F4-Discovery/stm32f4_discovery.c:180:6:BSP_LED_On	0	static
C:/Users/gsahinpi/STM32CubeIDE/workspace2/BSP/Drivers/BSP/STM32F4-Discovery/stm32f4_discovery.c:194:6:BSP_LED_Off	0	static
C:/Users/gsahinpi/STM32CubeIDE/workspace2/BSP/Drivers/BSP/STM32F4-Discovery/stm32f4_discovery.c:208:6:BSP_LED_Toggle	0	static
C:/Users/gsahinpi/STM32CubeIDE/workspace2/BSP/Drivers/BSP/STM32F4-Discovery/stm32f4_discovery.c:231:6:BSP_PB_Init	32	static
C:/Users/gsahinpi/STM32CubeIDE/workspace2/BSP/Drivers/BSP/STM32F4-Discovery/stm32f4_discovery.c:270:10:BSP_PB_GetState	8	static
C:/Users/gsahinpi/STM32CubeIDE/workspace2/BSP/Drivers/BSP/STM32F4-Discovery/stm32f4_discovery.c:491:6:ACCELERO_IO_Init	40	static
C:/Users/gsahinpi/STM32CubeIDE/workspace2/BSP/Drivers/BSP/STM32F4-Discovery/stm32f4_discovery.c:516:6:ACCELERO_IO_ITConfig	32	static
C:/Users/gsahinpi/STM32CubeIDE/workspace2/BSP/Drivers/BSP/STM32F4-Discovery/stm32f4_discovery.c:541:6:ACCELERO_IO_Write	16	static
C:/Users/gsahinpi/STM32CubeIDE/workspace2/BSP/Drivers/BSP/STM32F4-Discovery/stm32f4_discovery.c:575:6:ACCELERO_IO_Read	16	static
C:/Users/gsahinpi/STM32CubeIDE/workspace2/BSP/Drivers/BSP/STM32F4-Discovery/stm32f4_discovery.c:609:6:AUDIO_IO_Init	48	static
C:/Users/gsahinpi/STM32CubeIDE/workspace2/BSP/Drivers/BSP/STM32F4-Discovery/stm32f4_discovery.c:641:6:AUDIO_IO_DeInit	0	static
C:/Users/gsahinpi/STM32CubeIDE/workspace2/BSP/Drivers/BSP/STM32F4-Discovery/stm32f4_discovery.c:652:6:AUDIO_IO_Write	32	static
C:/Users/gsahinpi/STM32CubeIDE/workspace2/BSP/Drivers/BSP/STM32F4-Discovery/stm32f4_discovery.c:663:9:AUDIO_IO_Read	32	static
