../Core/Src/stm32f429i_discovery.c:143:10:BSP_GetVersion	4	static
../Core/Src/stm32f429i_discovery.c:155:6:BSP_LED_Init	48	static
../Core/Src/stm32f429i_discovery.c:180:6:BSP_LED_On	16	static
../Core/Src/stm32f429i_discovery.c:192:6:BSP_LED_Off	16	static
../Core/Src/stm32f429i_discovery.c:204:6:BSP_LED_Toggle	16	static
../Core/Src/stm32f429i_discovery.c:219:6:BSP_PB_Init	40	static
../Core/Src/stm32f429i_discovery.c:256:10:BSP_PB_GetState	16	static
../Core/Src/stm32f429i_discovery.c:307:13:SPIx_Init	8	static
../Core/Src/stm32f429i_discovery.c:345:17:SPIx_Read	24	static
../Core/Src/stm32f429i_discovery.c:366:13:SPIx_Write	24	static
../Core/Src/stm32f429i_discovery.c:386:16:SPIx_WriteRead	32	static
../Core/Src/stm32f429i_discovery.c:403:13:SPIx_Error	8	static
../Core/Src/stm32f429i_discovery.c:416:13:SPIx_MspInit	48	static
../Core/Src/stm32f429i_discovery.c:440:6:LCD_IO_Init	40	static
../Core/Src/stm32f429i_discovery.c:484:6:LCD_IO_WriteData	16	static
../Core/Src/stm32f429i_discovery.c:500:6:LCD_IO_WriteReg	16	static
../Core/Src/stm32f429i_discovery.c:519:10:LCD_IO_ReadData	24	static
../Core/Src/stm32f429i_discovery.c:546:6:LCD_Delay	16	static
../Core/Src/stm32f429i_discovery.c:560:6:IOE_Init	8	static
../Core/Src/stm32f429i_discovery.c:568:6:IOE_ITConfig	8	static
../Core/Src/stm32f429i_discovery.c:579:6:IOE_Write	16	static
../Core/Src/stm32f429i_discovery.c:590:9:IOE_Read	16	static
../Core/Src/stm32f429i_discovery.c:602:6:IOE_WriteMultiple	16	static
../Core/Src/stm32f429i_discovery.c:615:10:IOE_ReadMultiple	16	static
../Core/Src/stm32f429i_discovery.c:624:6:IOE_Delay	16	static
../Core/Src/stm32f429i_discovery.c:634:6:GYRO_IO_Init	40	static
../Core/Src/stm32f429i_discovery.c:667:6:GYRO_IO_Write	16	static
../Core/Src/stm32f429i_discovery.c:701:6:GYRO_IO_Read	16	static
