Archive member included to satisfy reference by file (symbol)

c:/st/stm32cubeide_1.8.0/stm32cubeide/plugins/com.st.stm32cube.ide.mcu.externaltools.gnu-tools-for-stm32.10.3-2021.10.win32_1.0.0.202111181127/tools/bin/../lib/gcc/arm-none-eabi/10.3.1/../../../../arm-none-eabi/lib/thumb/v7e-m+fp/hard\libc_nano.a(lib_a-errno.o)
                              ./Core/Src/syscalls.o (__errno)
c:/st/stm32cubeide_1.8.0/stm32cubeide/plugins/com.st.stm32cube.ide.mcu.externaltools.gnu-tools-for-stm32.10.3-2021.10.win32_1.0.0.202111181127/tools/bin/../lib/gcc/arm-none-eabi/10.3.1/../../../../arm-none-eabi/lib/thumb/v7e-m+fp/hard\libc_nano.a(lib_a-exit.o)
                              c:/st/stm32cubeide_1.8.0/stm32cubeide/plugins/com.st.stm32cube.ide.mcu.externaltools.gnu-tools-for-stm32.10.3-2021.10.win32_1.0.0.202111181127/tools/bin/../lib/gcc/arm-none-eabi/10.3.1/../../../../arm-none-eabi/lib/thumb/v7e-m+fp/hard/crt0.o (exit)
c:/st/stm32cubeide_1.8.0/stm32cubeide/plugins/com.st.stm32cube.ide.mcu.externaltools.gnu-tools-for-stm32.10.3-2021.10.win32_1.0.0.202111181127/tools/bin/../lib/gcc/arm-none-eabi/10.3.1/../../../../arm-none-eabi/lib/thumb/v7e-m+fp/hard\libc_nano.a(lib_a-impure.o)
                              c:/st/stm32cubeide_1.8.0/stm32cubeide/plugins/com.st.stm32cube.ide.mcu.externaltools.gnu-tools-for-stm32.10.3-2021.10.win32_1.0.0.202111181127/tools/bin/../lib/gcc/arm-none-eabi/10.3.1/../../../../arm-none-eabi/lib/thumb/v7e-m+fp/hard\libc_nano.a(lib_a-exit.o) (_global_impure_ptr)
c:/st/stm32cubeide_1.8.0/stm32cubeide/plugins/com.st.stm32cube.ide.mcu.externaltools.gnu-tools-for-stm32.10.3-2021.10.win32_1.0.0.202111181127/tools/bin/../lib/gcc/arm-none-eabi/10.3.1/../../../../arm-none-eabi/lib/thumb/v7e-m+fp/hard\libc_nano.a(lib_a-init.o)
                              c:/st/stm32cubeide_1.8.0/stm32cubeide/plugins/com.st.stm32cube.ide.mcu.externaltools.gnu-tools-for-stm32.10.3-2021.10.win32_1.0.0.202111181127/tools/bin/../lib/gcc/arm-none-eabi/10.3.1/../../../../arm-none-eabi/lib/thumb/v7e-m+fp/hard/crt0.o (__libc_init_array)
c:/st/stm32cubeide_1.8.0/stm32cubeide/plugins/com.st.stm32cube.ide.mcu.externaltools.gnu-tools-for-stm32.10.3-2021.10.win32_1.0.0.202111181127/tools/bin/../lib/gcc/arm-none-eabi/10.3.1/../../../../arm-none-eabi/lib/thumb/v7e-m+fp/hard\libc_nano.a(lib_a-memset.o)
                              c:/st/stm32cubeide_1.8.0/stm32cubeide/plugins/com.st.stm32cube.ide.mcu.externaltools.gnu-tools-for-stm32.10.3-2021.10.win32_1.0.0.202111181127/tools/bin/../lib/gcc/arm-none-eabi/10.3.1/../../../../arm-none-eabi/lib/thumb/v7e-m+fp/hard/crt0.o (memset)
c:/st/stm32cubeide_1.8.0/stm32cubeide/plugins/com.st.stm32cube.ide.mcu.externaltools.gnu-tools-for-stm32.10.3-2021.10.win32_1.0.0.202111181127/tools/bin/../lib/gcc/arm-none-eabi/10.3.1/thumb/v7e-m+fp/hard\libgcc.a(_aeabi_uldivmod.o)
                              ./Drivers/STM32F4xx_HAL_Driver/Src/stm32f4xx_hal_rcc.o (__aeabi_uldivmod)
c:/st/stm32cubeide_1.8.0/stm32cubeide/plugins/com.st.stm32cube.ide.mcu.externaltools.gnu-tools-for-stm32.10.3-2021.10.win32_1.0.0.202111181127/tools/bin/../lib/gcc/arm-none-eabi/10.3.1/thumb/v7e-m+fp/hard\libgcc.a(_udivmoddi4.o)
                              c:/st/stm32cubeide_1.8.0/stm32cubeide/plugins/com.st.stm32cube.ide.mcu.externaltools.gnu-tools-for-stm32.10.3-2021.10.win32_1.0.0.202111181127/tools/bin/../lib/gcc/arm-none-eabi/10.3.1/thumb/v7e-m+fp/hard\libgcc.a(_aeabi_uldivmod.o) (__udivmoddi4)
c:/st/stm32cubeide_1.8.0/stm32cubeide/plugins/com.st.stm32cube.ide.mcu.externaltools.gnu-tools-for-stm32.10.3-2021.10.win32_1.0.0.202111181127/tools/bin/../lib/gcc/arm-none-eabi/10.3.1/thumb/v7e-m+fp/hard\libgcc.a(_dvmd_tls.o)
                              c:/st/stm32cubeide_1.8.0/stm32cubeide/plugins/com.st.stm32cube.ide.mcu.externaltools.gnu-tools-for-stm32.10.3-2021.10.win32_1.0.0.202111181127/tools/bin/../lib/gcc/arm-none-eabi/10.3.1/thumb/v7e-m+fp/hard\libgcc.a(_aeabi_uldivmod.o) (__aeabi_ldiv0)

Discarded input sections

 .text          0x0000000000000000        0x0 c:/st/stm32cubeide_1.8.0/stm32cubeide/plugins/com.st.stm32cube.ide.mcu.externaltools.gnu-tools-for-stm32.10.3-2021.10.win32_1.0.0.202111181127/tools/bin/../lib/gcc/arm-none-eabi/10.3.1/thumb/v7e-m+fp/hard/crti.o
 .data          0x0000000000000000        0x0 c:/st/stm32cubeide_1.8.0/stm32cubeide/plugins/com.st.stm32cube.ide.mcu.externaltools.gnu-tools-for-stm32.10.3-2021.10.win32_1.0.0.202111181127/tools/bin/../lib/gcc/arm-none-eabi/10.3.1/thumb/v7e-m+fp/hard/crti.o
 .bss           0x0000000000000000        0x0 c:/st/stm32cubeide_1.8.0/stm32cubeide/plugins/com.st.stm32cube.ide.mcu.externaltools.gnu-tools-for-stm32.10.3-2021.10.win32_1.0.0.202111181127/tools/bin/../lib/gcc/arm-none-eabi/10.3.1/thumb/v7e-m+fp/hard/crti.o
[...]
Memory Configuration

Name             Origin             Length             Attributes
CCMRAM           0x0000000010000000 0x0000000000010000 xrw
RAM              0x0000000020000000 0x0000000000030000 xrw
FLASH            0x0000000008000000 0x0000000000200000 xr
*default*        0x0000000000000000 0xffffffffffffffff

Linker script and memory map

LOAD c:/st/stm32cubeide_1.8.0/stm32cubeide/plugins/com.st.stm32cube.ide.mcu.externaltools.gnu-tools-for-stm32.10.3-2021.10.win32_1.0.0.202111181127/tools/bin/../lib/gcc/arm-none-eabi/10.3.1/thumb/v7e-m+fp/hard/crti.o
LOAD c:/st/stm32cubeide_1.8.0/stm32cubeide/plugins/com.st.stm32cube.ide.mcu.externaltools.gnu-tools-for-stm32.10.3-2021.10.win32_1.0.0.202111181127/tools/bin/../lib/gcc/arm-none-eabi/10.3.1/thumb/v7e-m+fp/hard/crtbegin.o
LOAD c:/st/stm32cubeide_1.8.0/stm32cubeide/plugins/com.st.stm32cube.ide.mcu.externaltools.gnu-tools-for-stm32.10.3-2021.10.win32_1.0.0.202111181127/tools/bin/../lib/gcc/arm-none-eabi/10.3.1/../../../../arm-none-eabi/lib/thumb/v7e-m+fp/hard/crt0.o
LOAD ./Core/Src/i3g4250d.o
LOAD ./Core/Src/l3gd20.o
LOAD ./Core/Src/main.o
LOAD ./Core/Src/stm32f429i_discovery.o
LOAD ./Core/Src/stm32f429i_discovery_gyroscope.o
LOAD ./Core/Src/stm32f4xx_hal_msp.o
LOAD ./Core/Src/stm32f4xx_it.o
LOAD ./Core/Src/syscalls.o
LOAD ./Core/Src/sysmem.o
LOAD ./Core/Src/system_stm32f4xx.o
LOAD ./Core/Startup/startup_stm32f429zitx.o
LOAD ./Drivers/STM32F4xx_HAL_Driver/Src/stm32f4xx_hal.o
LOAD ./Drivers/STM32F4xx_HAL_Driver/Src/stm32f4xx_hal_cortex.o
LOAD ./Drivers/STM32F4xx_HAL_Driver/Src/stm32f4xx_hal_dma.o
LOAD ./Drivers/STM32F4xx_HAL_Driver/Src/stm32f4xx_hal_dma_ex.o
LOAD ./Drivers/STM32F4xx_HAL_Driver/Src/stm32f4xx_hal_exti.o
LOAD ./Drivers/STM32F4xx_HAL_Driver/Src/stm32f4xx_hal_flash.o
LOAD ./Drivers/STM32F4xx_HAL_Driver/Src/stm32f4xx_hal_flash_ex.o
LOAD ./Drivers/STM32F4xx_HAL_Driver/Src/stm32f4xx_hal_flash_ramfunc.o
LOAD ./Drivers/STM32F4xx_HAL_Driver/Src/stm32f4xx_hal_gpio.o
LOAD ./Drivers/STM32F4xx_HAL_Driver/Src/stm32f4xx_hal_pwr.o
LOAD ./Drivers/STM32F4xx_HAL_Driver/Src/stm32f4xx_hal_pwr_ex.o
LOAD ./Drivers/STM32F4xx_HAL_Driver/Src/stm32f4xx_hal_rcc.o
LOAD ./Drivers/STM32F4xx_HAL_Driver/Src/stm32f4xx_hal_rcc_ex.o
LOAD ./Drivers/STM32F4xx_HAL_Driver/Src/stm32f4xx_hal_spi.o
LOAD ./Drivers/STM32F4xx_HAL_Driver/Src/stm32f4xx_hal_tim.o
LOAD ./Drivers/STM32F4xx_HAL_Driver/Src/stm32f4xx_hal_tim_ex.o
START GROUP
LOAD c:/st/stm32cubeide_1.8.0/stm32cubeide/plugins/com.st.stm32cube.ide.mcu.externaltools.gnu-tools-for-stm32.10.3-2021.10.win32_1.0.0.202111181127/tools/bin/../lib/gcc/arm-none-eabi/10.3.1/../../../../arm-none-eabi/lib/thumb/v7e-m+fp/hard\libc_nano.a
LOAD c:/st/stm32cubeide_1.8.0/stm32cubeide/plugins/com.st.stm32cube.ide.mcu.externaltools.gnu-tools-for-stm32.10.3-2021.10.win32_1.0.0.202111181127/tools/bin/../lib/gcc/arm-none-eabi/10.3.1/../../../../arm-none-eabi/lib/thumb/v7e-m+fp/hard\libm.a
END GROUP
START GROUP
LOAD c:/st/stm32cubeide_1.8.0/stm32cubeide/plugins/com.st.stm32cube.ide.mcu.externaltools.gnu-tools-for-stm32.10.3-2021.10.win32_1.0.0.202111181127/tools/bin/../lib/gcc/arm-none-eabi/10.3.1/thumb/v7e-m+fp/hard\libgcc.a
LOAD c:/st/stm32cubeide_1.8.0/stm32cubeide/plugins/com.st.stm32cube.ide.mcu.externaltools.gnu-tools-for-stm32.10.3-2021.10.win32_1.0.0.202111181127/tools/bin/../lib/gcc/arm-none-eabi/10.3.1/../../../../arm-none-eabi/lib/thumb/v7e-m+fp/hard\libc_nano.a
END GROUP
START GROUP
LOAD c:/st/stm32cubeide_1.8.0/stm32cubeide/plugins/com.st.stm32cube.ide.mcu.externaltools.gnu-tools-for-stm32.10.3-2021.10.win32_1.0.0.202111181127/tools/bin/../lib/gcc/arm-none-eabi/10.3.1/thumb/v7e-m+fp/hard\libgcc.a
LOAD c:/st/stm32cubeide_1.8.0/stm32cubeide/plugins/com.st.stm32cube.ide.mcu.externaltools.gnu-tools-for-stm32.10.3-2021.10.win32_1.0.0.202111181127/tools/bin/../lib/gcc/arm-none-eabi/10.3.1/../../../../arm-none-eabi/lib/thumb/v7e-m+fp/hard\libc_nano.a
LOAD c:/st/stm32cubeide_1.8.0/stm32cubeide/plugins/com.st.stm32cube.ide.mcu.externaltools.gnu-tools-for-stm32.10.3-2021.10.win32_1.0.0.202111181127/tools/bin/../lib/gcc/arm-none-eabi/10.3.1/../../../../arm-none-eabi/lib/thumb/v7e-m+fp/hard\libnosys.a
END GROUP
START GROUP
LOAD c:/st/stm32cubeide_1.8.0/stm32cubeide/plugins/com.st.stm32cube.ide.mcu.externaltools.gnu-tools-for-stm32.10.3-2021.10.win32_1.0.0.202111181127/tools/bin/../lib/gcc/arm-none-eabi/10.3.1/thumb/v7e-m+fp/hard\libgcc.a
LOAD c:/st/stm32cubeide_1.8.0/stm32cubeide/plugins/com.st.stm32cube.ide.mcu.externaltools.gnu-tools-for-stm32.10.3-2021.10.win32_1.0.0.202111181127/tools/bin/../lib/gcc/arm-none-eabi/10.3.1/../../../../arm-none-eabi/lib/thumb/v7e-m+fp/hard\libc_nano.a
LOAD c:/st/stm32cubeide_1.8.0/stm32cubeide/plugins/com.st.stm32cube.ide.mcu.externaltools.gnu-tools-for-stm32.10.3-2021.10.win32_1.0.0.202111181127/tools/bin/../lib/gcc/arm-none-eabi/10.3.1/../../../../arm-none-eabi/lib/thumb/v7e-m+fp/hard\libnosys.a
END GROUP
LOAD c:/st/stm32cubeide_1.8.0/stm32cubeide/plugins/com.st.stm32cube.ide.mcu.externaltools.gnu-tools-for-stm32.10.3-2021.10.win32_1.0.0.202111181127/tools/bin/../lib/gcc/arm-none-eabi/10.3.1/thumb/v7e-m+fp/hard/crtend.o
LOAD c:/st/stm32cubeide_1.8.0/stm32cubeide/plugins/com.st.stm32cube.ide.mcu.externaltools.gnu-tools-for-stm32.10.3-2021.10.win32_1.0.0.202111181127/tools/bin/../lib/gcc/arm-none-eabi/10.3.1/thumb/v7e-m+fp/hard/crtn.o
                0x0000000020030000                _estack = (ORIGIN (RAM) + LENGTH (RAM))
                0x0000000000000200                _Min_Heap_Size = 0x200
                0x0000000000000400                _Min_Stack_Size = 0x400

.isr_vector     0x0000000008000000      0x1ac
                0x0000000008000000                . = ALIGN (0x4)
 *(.isr_vector)
 .isr_vector    0x0000000008000000      0x1ac ./Core/Startup/startup_stm32f429zitx.o
                0x0000000008000000                g_pfnVectors
                0x00000000080001ac                . = ALIGN (0x4)

.text           0x00000000080001ac     0x27c4
                0x00000000080001ac                . = ALIGN (0x4)
 *(.text)
 .text          0x00000000080001ac       0x40 c:/st/stm32cubeide_1.8.0/stm32cubeide/plugins/com.st.stm32cube.ide.mcu.externaltools.gnu-tools-for-stm32.10.3-2021.10.win32_1.0.0.202111181127/tools/bin/../lib/gcc/arm-none-eabi/10.3.1/thumb/v7e-m+fp/hard/crtbegin.o
 .text          0x00000000080001ec       0x30 c:/st/stm32cubeide_1.8.0/stm32cubeide/plugins/com.st.stm32cube.ide.mcu.externaltools.gnu-tools-for-stm32.10.3-2021.10.win32_1.0.0.202111181127/tools/bin/../lib/gcc/arm-none-eabi/10.3.1/thumb/v7e-m+fp/hard\libgcc.a(_aeabi_uldivmod.o)
                0x00000000080001ec                __aeabi_uldivmod
 .text          0x000000000800021c      0x2d0 c:/st/stm32cubeide_1.8.0/stm32cubeide/plugins/com.st.stm32cube.ide.mcu.externaltools.gnu-tools-for-stm32.10.3-2021.10.win32_1.0.0.202111181127/tools/bin/../lib/gcc/arm-none-eabi/10.3.1/thumb/v7e-m+fp/hard\libgcc.a(_udivmoddi4.o)
                0x000000000800021c                __udivmoddi4
 .text          0x00000000080004ec        0x4 c:/st/stm32cubeide_1.8.0/stm32cubeide/plugins/com.st.stm32cube.ide.mcu.externaltools.gnu-tools-for-stm32.10.3-2021.10.win32_1.0.0.202111181127/tools/bin/../lib/gcc/arm-none-eabi/10.3.1/thumb/v7e-m+fp/hard\libgcc.a(_dvmd_tls.o)
                0x00000000080004ec                __aeabi_idiv0
                0x00000000080004ec                __aeabi_ldiv0
 *(.text*)
 .text.L3GD20_Init
                0x00000000080004f0       0x46 ./Core/Src/l3gd20.o
                0x00000000080004f0                L3GD20_Init
 .text.L3GD20_DeInit
                0x0000000008000536        0xe ./Core/Src/l3gd20.o
                0x0000000008000536                L3GD20_DeInit
 .text.L3GD20_ReadID
                0x0000000008000544       0x20 ./Core/Src/l3gd20.o
                0x0000000008000544                L3GD20_ReadID
 .text.L3GD20_RebootCmd
                0x0000000008000564       0x30 ./Core/Src/l3gd20.o
                0x0000000008000564                L3GD20_RebootCmd
 .text.L3GD20_LowPower
                0x0000000008000594       0x2a ./Core/Src/l3gd20.o
                0x0000000008000594                L3GD20_LowPower
 .text.L3GD20_INT1InterruptConfig
                0x00000000080005be       0x86 ./Core/Src/l3gd20.o
                0x00000000080005be                L3GD20_INT1InterruptConfig
 .text.L3GD20_EnableIT
                0x0000000008000644       0x64 ./Core/Src/l3gd20.o
                0x0000000008000644                L3GD20_EnableIT
 .text.L3GD20_DisableIT
                0x00000000080006a8       0x58 ./Core/Src/l3gd20.o
                0x00000000080006a8                L3GD20_DisableIT
 .text.L3GD20_FilterConfig
                0x0000000008000700       0x42 ./Core/Src/l3gd20.o
                0x0000000008000700                L3GD20_FilterConfig
 .text.L3GD20_FilterCmd
                0x0000000008000742       0x42 ./Core/Src/l3gd20.o
                0x0000000008000742                L3GD20_FilterCmd
 .text.L3GD20_ReadXYZAngRate
                0x0000000008000784      0x158 ./Core/Src/l3gd20.o
                0x0000000008000784                L3GD20_ReadXYZAngRate
 .text.main     0x00000000080008dc       0x3c ./Core/Src/main.o
                0x00000000080008dc                main
 .text.SystemClock_Config
                0x0000000008000918       0xc0 ./Core/Src/main.o
                0x0000000008000918                SystemClock_Config
 .text.MX_SPI5_Init
                0x00000000080009d8       0x6c ./Core/Src/main.o
 .text.MX_GPIO_Init
                0x0000000008000a44       0xfc ./Core/Src/main.o
 .text.Error_Handler
                0x0000000008000b40        0xa ./Core/Src/main.o
                0x0000000008000b40                Error_Handler
 *fill*         0x0000000008000b4a        0x2 
 .text.SPIx_Init
                0x0000000008000b4c       0x74 ./Core/Src/stm32f429i_discovery.o
 .text.SPIx_WriteRead
                0x0000000008000bc0       0x40 ./Core/Src/stm32f429i_discovery.o
 .text.SPIx_Error
                0x0000000008000c00       0x18 ./Core/Src/stm32f429i_discovery.o
 .text.SPIx_MspInit
                0x0000000008000c18       0x74 ./Core/Src/stm32f429i_discovery.o
 .text.GYRO_IO_Init
                0x0000000008000c8c       0x98 ./Core/Src/stm32f429i_discovery.o
                0x0000000008000c8c                GYRO_IO_Init
 .text.GYRO_IO_Write
                0x0000000008000d24       0x64 ./Core/Src/stm32f429i_discovery.o
                0x0000000008000d24                GYRO_IO_Write
 .text.GYRO_IO_Read
                0x0000000008000d88       0x74 ./Core/Src/stm32f429i_discovery.o
                0x0000000008000d88                GYRO_IO_Read
 .text.BSP_GYRO_Init
                0x0000000008000dfc       0xcc ./Core/Src/stm32f429i_discovery_gyroscope.o
                0x0000000008000dfc                BSP_GYRO_Init
 .text.BSP_GYRO_ReadID
                0x0000000008000ec8       0x30 ./Core/Src/stm32f429i_discovery_gyroscope.o
                0x0000000008000ec8                BSP_GYRO_ReadID
 .text.BSP_GYRO_GetXYZ
                0x0000000008000ef8       0x28 ./Core/Src/stm32f429i_discovery_gyroscope.o
                0x0000000008000ef8                BSP_GYRO_GetXYZ
 .text.HAL_MspInit
                0x0000000008000f20       0x50 ./Core/Src/stm32f4xx_hal_msp.o
                0x0000000008000f20                HAL_MspInit
 .text.HAL_SPI_MspInit
                0x0000000008000f70       0x90 ./Core/Src/stm32f4xx_hal_msp.o
                0x0000000008000f70                HAL_SPI_MspInit
 .text.HAL_SPI_MspDeInit
                0x0000000008001000       0x3c ./Core/Src/stm32f4xx_hal_msp.o
                0x0000000008001000                HAL_SPI_MspDeInit
 .text.NMI_Handler
                0x000000000800103c        0x6 ./Core/Src/stm32f4xx_it.o
                0x000000000800103c                NMI_Handler
 .text.HardFault_Handler
                0x0000000008001042        0x6 ./Core/Src/stm32f4xx_it.o
                0x0000000008001042                HardFault_Handler
 .text.MemManage_Handler
                0x0000000008001048        0x6 ./Core/Src/stm32f4xx_it.o
                0x0000000008001048                MemManage_Handler
 .text.BusFault_Handler
                0x000000000800104e        0x6 ./Core/Src/stm32f4xx_it.o
                0x000000000800104e                BusFault_Handler
 .text.UsageFault_Handler
                0x0000000008001054        0x6 ./Core/Src/stm32f4xx_it.o
                0x0000000008001054                UsageFault_Handler
 .text.SVC_Handler
                0x000000000800105a        0xe ./Core/Src/stm32f4xx_it.o
                0x000000000800105a                SVC_Handler
 .text.DebugMon_Handler
                0x0000000008001068        0xe ./Core/Src/stm32f4xx_it.o
                0x0000000008001068                DebugMon_Handler
 .text.PendSV_Handler
                0x0000000008001076        0xe ./Core/Src/stm32f4xx_it.o
                0x0000000008001076                PendSV_Handler
 .text.SysTick_Handler
                0x0000000008001084        0xc ./Core/Src/stm32f4xx_it.o
                0x0000000008001084                SysTick_Handler
 .text.EXTI1_IRQHandler
                0x0000000008001090        0xe ./Core/Src/stm32f4xx_it.o
                0x0000000008001090                EXTI1_IRQHandler
 .text.EXTI2_IRQHandler
                0x000000000800109e        0xe ./Core/Src/stm32f4xx_it.o
                0x000000000800109e                EXTI2_IRQHandler
 .text.SystemInit
                0x00000000080010ac       0x24 ./Core/Src/system_stm32f4xx.o
                0x00000000080010ac                SystemInit
 .text.Reset_Handler
                0x00000000080010d0       0x50 ./Core/Startup/startup_stm32f429zitx.o
                0x00000000080010d0                Reset_Handler
 .text.Default_Handler
                0x0000000008001120        0x2 ./Core/Startup/startup_stm32f429zitx.o
                0x0000000008001120                RTC_Alarm_IRQHandler
                0x0000000008001120                HASH_RNG_IRQHandler
                0x0000000008001120                TIM8_CC_IRQHandler
                0x0000000008001120                UART8_IRQHandler
                0x0000000008001120                SPI4_IRQHandler
                0x0000000008001120                TIM1_CC_IRQHandler
                0x0000000008001120                DMA2_Stream5_IRQHandler
                0x0000000008001120                DMA1_Stream5_IRQHandler
                0x0000000008001120                PVD_IRQHandler
                0x0000000008001120                SDIO_IRQHandler
                0x0000000008001120                TAMP_STAMP_IRQHandler
                0x0000000008001120                CAN2_RX1_IRQHandler
                0x0000000008001120                EXTI3_IRQHandler
                0x0000000008001120                TIM8_TRG_COM_TIM14_IRQHandler
                0x0000000008001120                TIM1_UP_TIM10_IRQHandler
                0x0000000008001120                TIM8_UP_TIM13_IRQHandler
                0x0000000008001120                I2C3_ER_IRQHandler
                0x0000000008001120                EXTI0_IRQHandler
                0x0000000008001120                I2C2_EV_IRQHandler
                0x0000000008001120                DMA1_Stream2_IRQHandler
                0x0000000008001120                CAN1_RX0_IRQHandler
                0x0000000008001120                FPU_IRQHandler
                0x0000000008001120                OTG_HS_WKUP_IRQHandler
                0x0000000008001120                LTDC_ER_IRQHandler
                0x0000000008001120                CAN2_SCE_IRQHandler
                0x0000000008001120                DMA2_Stream2_IRQHandler
                0x0000000008001120                SPI1_IRQHandler
                0x0000000008001120                TIM6_DAC_IRQHandler
                0x0000000008001120                TIM1_BRK_TIM9_IRQHandler
                0x0000000008001120                DCMI_IRQHandler
                0x0000000008001120                CAN2_RX0_IRQHandler
                0x0000000008001120                DMA2_Stream3_IRQHandler
                0x0000000008001120                USART6_IRQHandler
                0x0000000008001120                USART3_IRQHandler
                0x0000000008001120                CAN1_RX1_IRQHandler
                0x0000000008001120                UART5_IRQHandler
                0x0000000008001120                DMA2_Stream0_IRQHandler
                0x0000000008001120                TIM4_IRQHandler
                0x0000000008001120                I2C1_EV_IRQHandler
                0x0000000008001120                DMA1_Stream6_IRQHandler
                0x0000000008001120                DMA1_Stream1_IRQHandler
                0x0000000008001120                UART4_IRQHandler
                0x0000000008001120                TIM3_IRQHandler
                0x0000000008001120                RCC_IRQHandler
                0x0000000008001120                TIM8_BRK_TIM12_IRQHandler
                0x0000000008001120                Default_Handler
                0x0000000008001120                EXTI15_10_IRQHandler
                0x0000000008001120                ADC_IRQHandler
                0x0000000008001120                DMA1_Stream7_IRQHandler
                0x0000000008001120                SPI5_IRQHandler
                0x0000000008001120                TIM7_IRQHandler
                0x0000000008001120                CAN2_TX_IRQHandler
                0x0000000008001120                TIM5_IRQHandler
                0x0000000008001120                DMA2_Stream7_IRQHandler
                0x0000000008001120                I2C3_EV_IRQHandler
                0x0000000008001120                EXTI9_5_IRQHandler
                0x0000000008001120                RTC_WKUP_IRQHandler
                0x0000000008001120                LTDC_IRQHandler
                0x0000000008001120                ETH_WKUP_IRQHandler
                0x0000000008001120                SPI2_IRQHandler
                0x0000000008001120                OTG_HS_EP1_IN_IRQHandler
                0x0000000008001120                DMA1_Stream0_IRQHandler
                0x0000000008001120                CAN1_TX_IRQHandler
                0x0000000008001120                EXTI4_IRQHandler
                0x0000000008001120                ETH_IRQHandler
                0x0000000008001120                OTG_HS_EP1_OUT_IRQHandler
                0x0000000008001120                WWDG_IRQHandler
                0x0000000008001120                SPI6_IRQHandler
                0x0000000008001120                TIM2_IRQHandler
                0x0000000008001120                OTG_FS_WKUP_IRQHandler
                0x0000000008001120                TIM1_TRG_COM_TIM11_IRQHandler
                0x0000000008001120                OTG_HS_IRQHandler
                0x0000000008001120                DMA2D_IRQHandler
                0x0000000008001120                UART7_IRQHandler
                0x0000000008001120                USART2_IRQHandler
                0x0000000008001120                I2C2_ER_IRQHandler
                0x0000000008001120                DMA2_Stream1_IRQHandler
                0x0000000008001120                CAN1_SCE_IRQHandler
                0x0000000008001120                FLASH_IRQHandler
                0x0000000008001120                DMA2_Stream4_IRQHandler
                0x0000000008001120                USART1_IRQHandler
                0x0000000008001120                OTG_FS_IRQHandler
                0x0000000008001120                SPI3_IRQHandler
                0x0000000008001120                DMA1_Stream4_IRQHandler
                0x0000000008001120                I2C1_ER_IRQHandler
                0x0000000008001120                FMC_IRQHandler
                0x0000000008001120                DMA2_Stream6_IRQHandler
                0x0000000008001120                SAI1_IRQHandler
                0x0000000008001120                DMA1_Stream3_IRQHandler
 *fill*         0x0000000008001122        0x2 
 .text.HAL_Init
                0x0000000008001124       0x44 ./Drivers/STM32F4xx_HAL_Driver/Src/stm32f4xx_hal.o
                0x0000000008001124                HAL_Init
 .text.HAL_InitTick
                0x0000000008001168       0x60 ./Drivers/STM32F4xx_HAL_Driver/Src/stm32f4xx_hal.o
                0x0000000008001168                HAL_InitTick
 .text.HAL_IncTick
                0x00000000080011c8       0x28 ./Drivers/STM32F4xx_HAL_Driver/Src/stm32f4xx_hal.o
                0x00000000080011c8                HAL_IncTick
 .text.HAL_GetTick
                0x00000000080011f0       0x18 ./Drivers/STM32F4xx_HAL_Driver/Src/stm32f4xx_hal.o
                0x00000000080011f0                HAL_GetTick
 .text.HAL_Delay
                0x0000000008001208       0x48 ./Drivers/STM32F4xx_HAL_Driver/Src/stm32f4xx_hal.o
                0x0000000008001208                HAL_Delay
 .text.__NVIC_SetPriorityGrouping
                0x0000000008001250       0x48 ./Drivers/STM32F4xx_HAL_Driver/Src/stm32f4xx_hal_cortex.o
 .text.__NVIC_GetPriorityGrouping
                0x0000000008001298       0x1c ./Drivers/STM32F4xx_HAL_Driver/Src/stm32f4xx_hal_cortex.o
 .text.__NVIC_EnableIRQ
                0x00000000080012b4       0x3c ./Drivers/STM32F4xx_HAL_Driver/Src/stm32f4xx_hal_cortex.o
 .text.__NVIC_SetPriority
                0x00000000080012f0       0x54 ./Drivers/STM32F4xx_HAL_Driver/Src/stm32f4xx_hal_cortex.o
 .text.NVIC_EncodePriority
                0x0000000008001344       0x66 ./Drivers/STM32F4xx_HAL_Driver/Src/stm32f4xx_hal_cortex.o
 *fill*         0x00000000080013aa        0x2 
 .text.SysTick_Config
                0x00000000080013ac       0x44 ./Drivers/STM32F4xx_HAL_Driver/Src/stm32f4xx_hal_cortex.o
 .text.HAL_NVIC_SetPriorityGrouping
                0x00000000080013f0       0x16 ./Drivers/STM32F4xx_HAL_Driver/Src/stm32f4xx_hal_cortex.o
                0x00000000080013f0                HAL_NVIC_SetPriorityGrouping
 .text.HAL_NVIC_SetPriority
                0x0000000008001406       0x38 ./Drivers/STM32F4xx_HAL_Driver/Src/stm32f4xx_hal_cortex.o
                0x0000000008001406                HAL_NVIC_SetPriority
 .text.HAL_NVIC_EnableIRQ
                0x000000000800143e       0x1c ./Drivers/STM32F4xx_HAL_Driver/Src/stm32f4xx_hal_cortex.o
                0x000000000800143e                HAL_NVIC_EnableIRQ
 .text.HAL_SYSTICK_Config
                0x000000000800145a       0x18 ./Drivers/STM32F4xx_HAL_Driver/Src/stm32f4xx_hal_cortex.o
                0x000000000800145a                HAL_SYSTICK_Config
 *fill*         0x0000000008001472        0x2 
 .text.HAL_GPIO_Init
                0x0000000008001474      0x358 ./Drivers/STM32F4xx_HAL_Driver/Src/stm32f4xx_hal_gpio.o
                0x0000000008001474                HAL_GPIO_Init
 .text.HAL_GPIO_DeInit
                0x00000000080017cc      0x218 ./Drivers/STM32F4xx_HAL_Driver/Src/stm32f4xx_hal_gpio.o
                0x00000000080017cc                HAL_GPIO_DeInit
 .text.HAL_GPIO_WritePin
                0x00000000080019e4       0x32 ./Drivers/STM32F4xx_HAL_Driver/Src/stm32f4xx_hal_gpio.o
                0x00000000080019e4                HAL_GPIO_WritePin
 *fill*         0x0000000008001a16        0x2 
 .text.HAL_GPIO_EXTI_IRQHandler
                0x0000000008001a18       0x30 ./Drivers/STM32F4xx_HAL_Driver/Src/stm32f4xx_hal_gpio.o
                0x0000000008001a18                HAL_GPIO_EXTI_IRQHandler
 .text.HAL_GPIO_EXTI_Callback
                0x0000000008001a48       0x16 ./Drivers/STM32F4xx_HAL_Driver/Src/stm32f4xx_hal_gpio.o
                0x0000000008001a48                HAL_GPIO_EXTI_Callback
 *fill*         0x0000000008001a5e        0x2 
 .text.HAL_RCC_OscConfig
                0x0000000008001a60      0x4f0 ./Drivers/STM32F4xx_HAL_Driver/Src/stm32f4xx_hal_rcc.o
                0x0000000008001a60                HAL_RCC_OscConfig
 .text.HAL_RCC_ClockConfig
                0x0000000008001f50      0x1cc ./Drivers/STM32F4xx_HAL_Driver/Src/stm32f4xx_hal_rcc.o
                0x0000000008001f50                HAL_RCC_ClockConfig
 .text.HAL_RCC_GetSysClockFreq
                0x000000000800211c      0x18c ./Drivers/STM32F4xx_HAL_Driver/Src/stm32f4xx_hal_rcc.o
                0x000000000800211c                HAL_RCC_GetSysClockFreq
 .text.HAL_SPI_Init
                0x00000000080022a8      0x112 ./Drivers/STM32F4xx_HAL_Driver/Src/stm32f4xx_hal_spi.o
                0x00000000080022a8                HAL_SPI_Init
 .text.HAL_SPI_DeInit
                0x00000000080023ba       0x50 ./Drivers/STM32F4xx_HAL_Driver/Src/stm32f4xx_hal_spi.o
                0x00000000080023ba                HAL_SPI_DeInit
 .text.HAL_SPI_TransmitReceive
                0x000000000800240a      0x344 ./Drivers/STM32F4xx_HAL_Driver/Src/stm32f4xx_hal_spi.o
                0x000000000800240a                HAL_SPI_TransmitReceive
 .text.HAL_SPI_GetState
                0x000000000800274e       0x1c ./Drivers/STM32F4xx_HAL_Driver/Src/stm32f4xx_hal_spi.o
                0x000000000800274e                HAL_SPI_GetState
 *fill*         0x000000000800276a        0x2 
 .text.SPI_WaitFlagStateUntilTimeout
                0x000000000800276c      0x110 ./Drivers/STM32F4xx_HAL_Driver/Src/stm32f4xx_hal_spi.o
 .text.SPI_EndRxTxTransaction
                0x000000000800287c       0x84 ./Drivers/STM32F4xx_HAL_Driver/Src/stm32f4xx_hal_spi.o
 .text.__libc_init_array
                0x0000000008002900       0x48 c:/st/stm32cubeide_1.8.0/stm32cubeide/plugins/com.st.stm32cube.ide.mcu.externaltools.gnu-tools-for-stm32.10.3-2021.10.win32_1.0.0.202111181127/tools/bin/../lib/gcc/arm-none-eabi/10.3.1/../../../../arm-none-eabi/lib/thumb/v7e-m+fp/hard\libc_nano.a(lib_a-init.o)
                0x0000000008002900                __libc_init_array
 .text.memset   0x0000000008002948       0x10 c:/st/stm32cubeide_1.8.0/stm32cubeide/plugins/com.st.stm32cube.ide.mcu.externaltools.gnu-tools-for-stm32.10.3-2021.10.win32_1.0.0.202111181127/tools/bin/../lib/gcc/arm-none-eabi/10.3.1/../../../../arm-none-eabi/lib/thumb/v7e-m+fp/hard\libc_nano.a(lib_a-memset.o)
                0x0000000008002948                memset
 *(.glue_7)
 .glue_7        0x0000000008002958        0x0 linker stubs
 *(.glue_7t)
 .glue_7t       0x0000000008002958        0x0 linker stubs
 *(.eh_frame)
 .eh_frame      0x0000000008002958        0x0 c:/st/stm32cubeide_1.8.0/stm32cubeide/plugins/com.st.stm32cube.ide.mcu.externaltools.gnu-tools-for-stm32.10.3-2021.10.win32_1.0.0.202111181127/tools/bin/../lib/gcc/arm-none-eabi/10.3.1/thumb/v7e-m+fp/hard/crtbegin.o
 *(.init)
 .init          0x0000000008002958        0x4 c:/st/stm32cubeide_1.8.0/stm32cubeide/plugins/com.st.stm32cube.ide.mcu.externaltools.gnu-tools-for-stm32.10.3-2021.10.win32_1.0.0.202111181127/tools/bin/../lib/gcc/arm-none-eabi/10.3.1/thumb/v7e-m+fp/hard/crti.o
                0x0000000008002958                _init
 .init          0x000000000800295c        0x8 c:/st/stm32cubeide_1.8.0/stm32cubeide/plugins/com.st.stm32cube.ide.mcu.externaltools.gnu-tools-for-stm32.10.3-2021.10.win32_1.0.0.202111181127/tools/bin/../lib/gcc/arm-none-eabi/10.3.1/thumb/v7e-m+fp/hard/crtn.o
 *(.fini)
 .fini          0x0000000008002964        0x4 c:/st/stm32cubeide_1.8.0/stm32cubeide/plugins/com.st.stm32cube.ide.mcu.externaltools.gnu-tools-for-stm32.10.3-2021.10.win32_1.0.0.202111181127/tools/bin/../lib/gcc/arm-none-eabi/10.3.1/thumb/v7e-m+fp/hard/crti.o
                0x0000000008002964                _fini
 .fini          0x0000000008002968        0x8 c:/st/stm32cubeide_1.8.0/stm32cubeide/plugins/com.st.stm32cube.ide.mcu.externaltools.gnu-tools-for-stm32.10.3-2021.10.win32_1.0.0.202111181127/tools/bin/../lib/gcc/arm-none-eabi/10.3.1/thumb/v7e-m+fp/hard/crtn.o
                0x0000000008002970                . = ALIGN (0x4)
                0x0000000008002970                _etext = .

.vfp11_veneer   0x0000000008002970        0x0
 .vfp11_veneer  0x0000000008002970        0x0 linker stubs

.v4_bx          0x0000000008002970        0x0
 .v4_bx         0x0000000008002970        0x0 linker stubs

.iplt           0x0000000008002970        0x0
 .iplt          0x0000000008002970        0x0 c:/st/stm32cubeide_1.8.0/stm32cubeide/plugins/com.st.stm32cube.ide.mcu.externaltools.gnu-tools-for-stm32.10.3-2021.10.win32_1.0.0.202111181127/tools/bin/../lib/gcc/arm-none-eabi/10.3.1/thumb/v7e-m+fp/hard/crtbegin.o

.rodata         0x0000000008002970       0x10
                0x0000000008002970                . = ALIGN (0x4)
 *(.rodata)
 *(.rodata*)
 .rodata.AHBPrescTable
                0x0000000008002970       0x10 ./Core/Src/system_stm32f4xx.o
                0x0000000008002970                AHBPrescTable
                0x0000000008002980                . = ALIGN (0x4)

.ARM.extab      0x0000000008002980        0x0
                0x0000000008002980                . = ALIGN (0x4)
 *(.ARM.extab* .gnu.linkonce.armextab.*)
                0x0000000008002980                . = ALIGN (0x4)

.ARM            0x0000000008002980        0x8
                0x0000000008002980                . = ALIGN (0x4)
                0x0000000008002980                __exidx_start = .
 *(.ARM.exidx*)
 .ARM.exidx     0x0000000008002980        0x8 c:/st/stm32cubeide_1.8.0/stm32cubeide/plugins/com.st.stm32cube.ide.mcu.externaltools.gnu-tools-for-stm32.10.3-2021.10.win32_1.0.0.202111181127/tools/bin/../lib/gcc/arm-none-eabi/10.3.1/thumb/v7e-m+fp/hard\libgcc.a(_udivmoddi4.o)
                0x0000000008002988                __exidx_end = .
                0x0000000008002988                . = ALIGN (0x4)

.rel.dyn        0x0000000008002988        0x0
 .rel.iplt      0x0000000008002988        0x0 c:/st/stm32cubeide_1.8.0/stm32cubeide/plugins/com.st.stm32cube.ide.mcu.externaltools.gnu-tools-for-stm32.10.3-2021.10.win32_1.0.0.202111181127/tools/bin/../lib/gcc/arm-none-eabi/10.3.1/thumb/v7e-m+fp/hard/crtbegin.o

.preinit_array  0x0000000008002988        0x0
                0x0000000008002988                . = ALIGN (0x4)
                0x0000000008002988                PROVIDE (__preinit_array_start = .)
 *(.preinit_array*)
                0x0000000008002988                PROVIDE (__preinit_array_end = .)
                0x0000000008002988                . = ALIGN (0x4)

.init_array     0x0000000008002988        0x4
                0x0000000008002988                . = ALIGN (0x4)
                0x0000000008002988                PROVIDE (__init_array_start = .)
 *(SORT_BY_NAME(.init_array.*))
 *(.init_array*)
 .init_array    0x0000000008002988        0x4 c:/st/stm32cubeide_1.8.0/stm32cubeide/plugins/com.st.stm32cube.ide.mcu.externaltools.gnu-tools-for-stm32.10.3-2021.10.win32_1.0.0.202111181127/tools/bin/../lib/gcc/arm-none-eabi/10.3.1/thumb/v7e-m+fp/hard/crtbegin.o
                0x000000000800298c                PROVIDE (__init_array_end = .)
                0x000000000800298c                . = ALIGN (0x4)

.fini_array     0x000000000800298c        0x4
                0x000000000800298c                . = ALIGN (0x4)
                [!provide]                        PROVIDE (__fini_array_start = .)
 *(SORT_BY_NAME(.fini_array.*))
 *(.fini_array*)
 .fini_array    0x000000000800298c        0x4 c:/st/stm32cubeide_1.8.0/stm32cubeide/plugins/com.st.stm32cube.ide.mcu.externaltools.gnu-tools-for-stm32.10.3-2021.10.win32_1.0.0.202111181127/tools/bin/../lib/gcc/arm-none-eabi/10.3.1/thumb/v7e-m+fp/hard/crtbegin.o
                [!provide]                        PROVIDE (__fini_array_end = .)
                0x0000000008002990                . = ALIGN (0x4)
                0x0000000008002990                _sidata = LOADADDR (.data)

.data           0x0000000020000000       0x48 load address 0x0000000008002990
                0x0000000020000000                . = ALIGN (0x4)
                0x0000000020000000                _sdata = .
 *(.data)
 *(.data*)
 .data.L3gd20Drv
                0x0000000020000000       0x34 ./Core/Src/l3gd20.o
                0x0000000020000000                L3gd20Drv
 .data.returnid
                0x0000000020000034        0x1 ./Core/Src/main.o
                0x0000000020000034                returnid
 *fill*         0x0000000020000035        0x3 
 .data.SpixTimeout
                0x0000000020000038        0x4 ./Core/Src/stm32f429i_discovery.o
                0x0000000020000038                SpixTimeout
 .data.SystemCoreClock
                0x000000002000003c        0x4 ./Core/Src/system_stm32f4xx.o
                0x000000002000003c                SystemCoreClock
 .data.uwTickPrio
                0x0000000020000040        0x4 ./Drivers/STM32F4xx_HAL_Driver/Src/stm32f4xx_hal.o
                0x0000000020000040                uwTickPrio
 .data.uwTickFreq
                0x0000000020000044        0x1 ./Drivers/STM32F4xx_HAL_Driver/Src/stm32f4xx_hal.o
                0x0000000020000044                uwTickFreq
 *(.RamFunc)
 *(.RamFunc*)
                0x0000000020000048                . = ALIGN (0x4)
 *fill*         0x0000000020000045        0x3 
                0x0000000020000048                _edata = .
                0x00000000080029d8                _siccmram = LOADADDR (.ccmram)

.igot.plt       0x0000000020000048        0x0 load address 0x00000000080029d8
 .igot.plt      0x0000000020000048        0x0 c:/st/stm32cubeide_1.8.0/stm32cubeide/plugins/com.st.stm32cube.ide.mcu.externaltools.gnu-tools-for-stm32.10.3-2021.10.win32_1.0.0.202111181127/tools/bin/../lib/gcc/arm-none-eabi/10.3.1/thumb/v7e-m+fp/hard/crtbegin.o

.ccmram         0x0000000010000000        0x0 load address 0x00000000080029d8
                0x0000000010000000                . = ALIGN (0x4)
                0x0000000010000000                _sccmram = .
 *(.ccmram)
 *(.ccmram*)
                0x0000000010000000                . = ALIGN (0x4)
                0x0000000010000000                _eccmram = .
                0x0000000010000000                . = ALIGN (0x4)

.bss            0x0000000020000048       0xe0
                0x0000000020000048                _sbss = .
                0x0000000020000048                __bss_start__ = _sbss
 *(.bss)
 .bss           0x0000000020000048       0x1c c:/st/stm32cubeide_1.8.0/stm32cubeide/plugins/com.st.stm32cube.ide.mcu.externaltools.gnu-tools-for-stm32.10.3-2021.10.win32_1.0.0.202111181127/tools/bin/../lib/gcc/arm-none-eabi/10.3.1/thumb/v7e-m+fp/hard/crtbegin.o
 *(.bss*)
 .bss.hspi5     0x0000000020000064       0x58 ./Core/Src/main.o
                0x0000000020000064                hspi5
 .bss.pfData    0x00000000200000bc        0xc ./Core/Src/main.o
                0x00000000200000bc                pfData
 .bss.SpiHandle
                0x00000000200000c8       0x58 ./Core/Src/stm32f429i_discovery.o
 .bss.GyroscopeDrv
                0x0000000020000120        0x4 ./Core/Src/stm32f429i_discovery_gyroscope.o
 .bss.uwTick    0x0000000020000124        0x4 ./Drivers/STM32F4xx_HAL_Driver/Src/stm32f4xx_hal.o
                0x0000000020000124                uwTick
 *(COMMON)
                0x0000000020000128                . = ALIGN (0x4)
                0x0000000020000128                _ebss = .
                0x0000000020000128                __bss_end__ = _ebss

._user_heap_stack
                0x0000000020000128      0x600
                0x0000000020000128                . = ALIGN (0x8)
                [!provide]                        PROVIDE (end = .)
                0x0000000020000128                PROVIDE (_end = .)
                0x0000000020000328                . = (. + _Min_Heap_Size)
 *fill*         0x0000000020000128      0x200 
                0x0000000020000728                . = (. + _Min_Stack_Size)
 *fill*         0x0000000020000328      0x400 
                0x0000000020000728                . = ALIGN (0x8)

/DISCARD/
 libc.a(*)
 libm.a(*)
 libgcc.a(*)

.ARM.attributes
                0x0000000000000000       0x30
 *(.ARM.attributes)
 .ARM.attributes
                0x0000000000000000       0x1e c:/st/stm32cubeide_1.8.0/stm32cubeide/plugins/com.st.stm32cube.ide.mcu.externaltools.gnu-tools-for-stm32.10.3-2021.10.win32_1.0.0.202111181127/tools/bin/../lib/gcc/arm-none-eabi/10.3.1/thumb/v7e-m+fp/hard/crti.o
 .ARM.attributes
                0x000000000000001e       0x34 c:/st/stm32cubeide_1.8.0/stm32cubeide/plugins/com.st.stm32cube.ide.mcu.externaltools.gnu-tools-for-stm32.10.3-2021.10.win32_1.0.0.202111181127/tools/bin/../lib/gcc/arm-none-eabi/10.3.1/thumb/v7e-m+fp/hard/crtbegin.o
 .ARM.attributes
                0x0000000000000052       0x34 ./Core/Src/l3gd20.o
 .ARM.attributes
                0x0000000000000086       0x34 ./Core/Src/main.o
 .ARM.attributes
                0x00000000000000ba       0x34 ./Core/Src/stm32f429i_discovery.o
 .ARM.attributes
                0x00000000000000ee       0x34 ./Core/Src/stm32f429i_discovery_gyroscope.o
 .ARM.attributes
                0x0000000000000122       0x34 ./Core/Src/stm32f4xx_hal_msp.o
 .ARM.attributes
                0x0000000000000156       0x34 ./Core/Src/stm32f4xx_it.o
 .ARM.attributes
                0x000000000000018a       0x34 ./Core/Src/system_stm32f4xx.o
 .ARM.attributes
                0x00000000000001be       0x21 ./Core/Startup/startup_stm32f429zitx.o
 .ARM.attributes
                0x00000000000001df       0x34 ./Drivers/STM32F4xx_HAL_Driver/Src/stm32f4xx_hal.o
 .ARM.attributes
                0x0000000000000213       0x34 ./Drivers/STM32F4xx_HAL_Driver/Src/stm32f4xx_hal_cortex.o
 .ARM.attributes
                0x0000000000000247       0x34 ./Drivers/STM32F4xx_HAL_Driver/Src/stm32f4xx_hal_gpio.o
 .ARM.attributes
                0x000000000000027b       0x34 ./Drivers/STM32F4xx_HAL_Driver/Src/stm32f4xx_hal_rcc.o
 .ARM.attributes
                0x00000000000002af       0x34 ./Drivers/STM32F4xx_HAL_Driver/Src/stm32f4xx_hal_spi.o
 .ARM.attributes
                0x00000000000002e3       0x34 c:/st/stm32cubeide_1.8.0/stm32cubeide/plugins/com.st.stm32cube.ide.mcu.externaltools.gnu-tools-for-stm32.10.3-2021.10.win32_1.0.0.202111181127/tools/bin/../lib/gcc/arm-none-eabi/10.3.1/../../../../arm-none-eabi/lib/thumb/v7e-m+fp/hard\libc_nano.a(lib_a-init.o)
 .ARM.attributes
                0x0000000000000317       0x34 c:/st/stm32cubeide_1.8.0/stm32cubeide/plugins/com.st.stm32cube.ide.mcu.externaltools.gnu-tools-for-stm32.10.3-2021.10.win32_1.0.0.202111181127/tools/bin/../lib/gcc/arm-none-eabi/10.3.1/../../../../arm-none-eabi/lib/thumb/v7e-m+fp/hard\libc_nano.a(lib_a-memset.o)
 .ARM.attributes
                0x000000000000034b       0x1e c:/st/stm32cubeide_1.8.0/stm32cubeide/plugins/com.st.stm32cube.ide.mcu.externaltools.gnu-tools-for-stm32.10.3-2021.10.win32_1.0.0.202111181127/tools/bin/../lib/gcc/arm-none-eabi/10.3.1/thumb/v7e-m+fp/hard\libgcc.a(_aeabi_uldivmod.o)
 .ARM.attributes
                0x0000000000000369       0x34 c:/st/stm32cubeide_1.8.0/stm32cubeide/plugins/com.st.stm32cube.ide.mcu.externaltools.gnu-tools-for-stm32.10.3-2021.10.win32_1.0.0.202111181127/tools/bin/../lib/gcc/arm-none-eabi/10.3.1/thumb/v7e-m+fp/hard\libgcc.a(_udivmoddi4.o)
 .ARM.attributes
                0x000000000000039d       0x1e c:/st/stm32cubeide_1.8.0/stm32cubeide/plugins/com.st.stm32cube.ide.mcu.externaltools.gnu-tools-for-stm32.10.3-2021.10.win32_1.0.0.202111181127/tools/bin/../lib/gcc/arm-none-eabi/10.3.1/thumb/v7e-m+fp/hard\libgcc.a(_dvmd_tls.o)
 .ARM.attributes
                0x00000000000003bb       0x1e c:/st/stm32cubeide_1.8.0/stm32cubeide/plugins/com.st.stm32cube.ide.mcu.externaltools.gnu-tools-for-stm32.10.3-2021.10.win32_1.0.0.202111181127/tools/bin/../lib/gcc/arm-none-eabi/10.3.1/thumb/v7e-m+fp/hard/crtn.o
OUTPUT(accel429inclass.elf elf32-littlearm)
LOAD linker stubs
LOAD c:/st/stm32cubeide_1.8.0/stm32cubeide/plugins/com.st.stm32cube.ide.mcu.externaltools.gnu-tools-for-stm32.10.3-2021.10.win32_1.0.0.202111181127/tools/bin/../lib/gcc/arm-none-eabi/10.3.1/../../../../arm-none-eabi/lib/thumb/v7e-m+fp/hard\libc.a
LOAD c:/st/stm32cubeide_1.8.0/stm32cubeide/plugins/com.st.stm32cube.ide.mcu.externaltools.gnu-tools-for-stm32.10.3-2021.10.win32_1.0.0.202111181127/tools/bin/../lib/gcc/arm-none-eabi/10.3.1/../../../../arm-none-eabi/lib/thumb/v7e-m+fp/hard\libm.a
LOAD c:/st/stm32cubeide_1.8.0/stm32cubeide/plugins/com.st.stm32cube.ide.mcu.externaltools.gnu-tools-for-stm32.10.3-2021.10.win32_1.0.0.202111181127/tools/bin/../lib/gcc/arm-none-eabi/10.3.1/thumb/v7e-m+fp/hard\libgcc.a

.debug_info     0x0000000000000000     0x7ff8
 .debug_info    0x0000000000000000      0x508 ./Core/Src/l3gd20.o
 .debug_info    0x0000000000000508      0xf9a ./Core/Src/main.o
 .debug_info    0x00000000000014a2     0x15c8 ./Core/Src/stm32f429i_discovery.o
 .debug_info    0x0000000000002a6a      0x447 ./Core/Src/stm32f429i_discovery_gyroscope.o
 .debug_info    0x0000000000002eb1      0x9d2 ./Core/Src/stm32f4xx_hal_msp.o
 .debug_info    0x0000000000003883      0x16f ./Core/Src/stm32f4xx_it.o
 .debug_info    0x00000000000039f2      0x53f ./Core/Src/system_stm32f4xx.o
 .debug_info    0x0000000000003f31       0x22 ./Core/Startup/startup_stm32f429zitx.o
 .debug_info    0x0000000000003f53      0x9f4 ./Drivers/STM32F4xx_HAL_Driver/Src/stm32f4xx_hal.o
 .debug_info    0x0000000000004947      0xe51 ./Drivers/STM32F4xx_HAL_Driver/Src/stm32f4xx_hal_cortex.o
 .debug_info    0x0000000000005798      0x786 ./Drivers/STM32F4xx_HAL_Driver/Src/stm32f4xx_hal_gpio.o
 .debug_info    0x0000000000005f1e      0x982 ./Drivers/STM32F4xx_HAL_Driver/Src/stm32f4xx_hal_rcc.o
 .debug_info    0x00000000000068a0     0x1758 ./Drivers/STM32F4xx_HAL_Driver/Src/stm32f4xx_hal_spi.o

.debug_abbrev   0x0000000000000000     0x17fd
 .debug_abbrev  0x0000000000000000      0x1fa ./Core/Src/l3gd20.o
 .debug_abbrev  0x00000000000001fa      0x252 ./Core/Src/main.o
 .debug_abbrev  0x000000000000044c      0x2f5 ./Core/Src/stm32f429i_discovery.o
 .debug_abbrev  0x0000000000000741      0x162 ./Core/Src/stm32f429i_discovery_gyroscope.o
 .debug_abbrev  0x00000000000008a3      0x194 ./Core/Src/stm32f4xx_hal_msp.o
 .debug_abbrev  0x0000000000000a37       0x9f ./Core/Src/stm32f4xx_it.o
 .debug_abbrev  0x0000000000000ad6      0x116 ./Core/Src/system_stm32f4xx.o
 .debug_abbrev  0x0000000000000bec       0x12 ./Core/Startup/startup_stm32f429zitx.o
 .debug_abbrev  0x0000000000000bfe      0x20d ./Drivers/STM32F4xx_HAL_Driver/Src/stm32f4xx_hal.o
 .debug_abbrev  0x0000000000000e0b      0x316 ./Drivers/STM32F4xx_HAL_Driver/Src/stm32f4xx_hal_cortex.o
 .debug_abbrev  0x0000000000001121      0x1c4 ./Drivers/STM32F4xx_HAL_Driver/Src/stm32f4xx_hal_gpio.o
 .debug_abbrev  0x00000000000012e5      0x2aa ./Drivers/STM32F4xx_HAL_Driver/Src/stm32f4xx_hal_rcc.o
 .debug_abbrev  0x000000000000158f      0x26e ./Drivers/STM32F4xx_HAL_Driver/Src/stm32f4xx_hal_spi.o

.debug_aranges  0x0000000000000000      0x7b8
 .debug_aranges
                0x0000000000000000       0x78 ./Core/Src/l3gd20.o
 .debug_aranges
                0x0000000000000078       0x40 ./Core/Src/main.o
 .debug_aranges
                0x00000000000000b8       0xf8 ./Core/Src/stm32f429i_discovery.o
 .debug_aranges
                0x00000000000001b0       0x50 ./Core/Src/stm32f429i_discovery_gyroscope.o
 .debug_aranges
                0x0000000000000200       0x30 ./Core/Src/stm32f4xx_hal_msp.o
 .debug_aranges
                0x0000000000000230       0x70 ./Core/Src/stm32f4xx_it.o
 .debug_aranges
                0x00000000000002a0       0x28 ./Core/Src/system_stm32f4xx.o
 .debug_aranges
                0x00000000000002c8       0x28 ./Core/Startup/startup_stm32f429zitx.o
 .debug_aranges
                0x00000000000002f0      0x100 ./Drivers/STM32F4xx_HAL_Driver/Src/stm32f4xx_hal.o
 .debug_aranges
                0x00000000000003f0      0x118 ./Drivers/STM32F4xx_HAL_Driver/Src/stm32f4xx_hal_cortex.o
 .debug_aranges
                0x0000000000000508       0x58 ./Drivers/STM32F4xx_HAL_Driver/Src/stm32f4xx_hal_gpio.o
 .debug_aranges
                0x0000000000000560       0x88 ./Drivers/STM32F4xx_HAL_Driver/Src/stm32f4xx_hal_rcc.o
 .debug_aranges
                0x00000000000005e8      0x1d0 ./Drivers/STM32F4xx_HAL_Driver/Src/stm32f4xx_hal_spi.o

.debug_ranges   0x0000000000000000      0x6f0
 .debug_ranges  0x0000000000000000       0x68 ./Core/Src/l3gd20.o
 .debug_ranges  0x0000000000000068       0x30 ./Core/Src/main.o
 .debug_ranges  0x0000000000000098       0xe8 ./Core/Src/stm32f429i_discovery.o
 .debug_ranges  0x0000000000000180       0x40 ./Core/Src/stm32f429i_discovery_gyroscope.o
 .debug_ranges  0x00000000000001c0       0x20 ./Core/Src/stm32f4xx_hal_msp.o
 .debug_ranges  0x00000000000001e0       0x60 ./Core/Src/stm32f4xx_it.o
 .debug_ranges  0x0000000000000240       0x18 ./Core/Src/system_stm32f4xx.o
 .debug_ranges  0x0000000000000258       0x20 ./Core/Startup/startup_stm32f429zitx.o
 .debug_ranges  0x0000000000000278       0xf0 ./Drivers/STM32F4xx_HAL_Driver/Src/stm32f4xx_hal.o
 .debug_ranges  0x0000000000000368      0x108 ./Drivers/STM32F4xx_HAL_Driver/Src/stm32f4xx_hal_cortex.o
 .debug_ranges  0x0000000000000470       0x48 ./Drivers/STM32F4xx_HAL_Driver/Src/stm32f4xx_hal_gpio.o
 .debug_ranges  0x00000000000004b8       0x78 ./Drivers/STM32F4xx_HAL_Driver/Src/stm32f4xx_hal_rcc.o
 .debug_ranges  0x0000000000000530      0x1c0 ./Drivers/STM32F4xx_HAL_Driver/Src/stm32f4xx_hal_spi.o

.debug_macro    0x0000000000000000    0x215b1
 .debug_macro   0x0000000000000000       0x7c ./Core/Src/l3gd20.o
 .debug_macro   0x000000000000007c      0x212 ./Core/Src/l3gd20.o
 .debug_macro   0x000000000000028e      0x1f5 ./Core/Src/main.o
 .debug_macro   0x0000000000000483      0x295 ./Core/Src/main.o
 .debug_macro   0x0000000000000718       0x2e ./Core/Src/main.o
 .debug_macro   0x0000000000000746       0x28 ./Core/Src/main.o
 .debug_macro   0x000000000000076e       0x1c ./Core/Src/main.o
 .debug_macro   0x000000000000078a       0x22 ./Core/Src/main.o
 .debug_macro   0x00000000000007ac       0xd9 ./Core/Src/main.o
 .debug_macro   0x0000000000000885     0x102d ./Core/Src/main.o
 .debug_macro   0x00000000000018b2      0x11f ./Core/Src/main.o
 .debug_macro   0x00000000000019d1    0x17fc0 ./Core/Src/main.o
 .debug_macro   0x0000000000019991       0x6d ./Core/Src/main.o
 .debug_macro   0x00000000000199fe     0x36f5 ./Core/Src/main.o
 .debug_macro   0x000000000001d0f3      0x174 ./Core/Src/main.o
 .debug_macro   0x000000000001d267       0x5c ./Core/Src/main.o
 .debug_macro   0x000000000001d2c3      0xca5 ./Core/Src/main.o
 .debug_macro   0x000000000001df68      0x9fe ./Core/Src/main.o
 .debug_macro   0x000000000001e966      0x115 ./Core/Src/main.o
 .debug_macro   0x000000000001ea7b      0x156 ./Core/Src/main.o
 .debug_macro   0x000000000001ebd1       0xa5 ./Core/Src/main.o
 .debug_macro   0x000000000001ec76      0x182 ./Core/Src/main.o
 .debug_macro   0x000000000001edf8      0x287 ./Core/Src/main.o
 .debug_macro   0x000000000001f07f       0x5f ./Core/Src/main.o
 .debug_macro   0x000000000001f0de      0x236 ./Core/Src/main.o
 .debug_macro   0x000000000001f314      0x132 ./Core/Src/main.o
 .debug_macro   0x000000000001f446      0x41d ./Core/Src/main.o
 .debug_macro   0x000000000001f863       0x2e ./Core/Src/main.o
 .debug_macro   0x000000000001f891      0x11a ./Core/Src/main.o
 .debug_macro   0x000000000001f9ab       0xe2 ./Core/Src/main.o
 .debug_macro   0x000000000001fa8d       0x89 ./Core/Src/main.o
 .debug_macro   0x000000000001fb16      0x225 ./Core/Src/main.o
 .debug_macro   0x000000000001fd3b      0x134 ./Core/Src/main.o
 .debug_macro   0x000000000001fe6f       0x28 ./Core/Src/main.o
 .debug_macro   0x000000000001fe97      0x25e ./Core/Src/main.o
 .debug_macro   0x00000000000200f5      0x1e7 ./Core/Src/stm32f429i_discovery.o
 .debug_macro   0x00000000000202dc      0x258 ./Core/Src/stm32f429i_discovery.o
 .debug_macro   0x0000000000020534      0x1ec ./Core/Src/stm32f429i_discovery_gyroscope.o
 .debug_macro   0x0000000000020720      0x1c9 ./Core/Src/stm32f4xx_hal_msp.o
 .debug_macro   0x00000000000208e9      0x1d3 ./Core/Src/stm32f4xx_it.o
 .debug_macro   0x0000000000020abc      0x1ba ./Core/Src/system_stm32f4xx.o
 .debug_macro   0x0000000000020c76      0x21a ./Drivers/STM32F4xx_HAL_Driver/Src/stm32f4xx_hal.o
 .debug_macro   0x0000000000020e90      0x1ba ./Drivers/STM32F4xx_HAL_Driver/Src/stm32f4xx_hal_cortex.o
 .debug_macro   0x000000000002104a      0x1c0 ./Drivers/STM32F4xx_HAL_Driver/Src/stm32f4xx_hal_gpio.o
 .debug_macro   0x000000000002120a      0x1de ./Drivers/STM32F4xx_HAL_Driver/Src/stm32f4xx_hal_rcc.o
 .debug_macro   0x00000000000213e8      0x1c9 ./Drivers/STM32F4xx_HAL_Driver/Src/stm32f4xx_hal_spi.o

.debug_line     0x0000000000000000     0x7ff9
 .debug_line    0x0000000000000000      0x618 ./Core/Src/l3gd20.o
 .debug_line    0x0000000000000618      0x7d5 ./Core/Src/main.o
 .debug_line    0x0000000000000ded      0xa4f ./Core/Src/stm32f429i_discovery.o
 .debug_line    0x000000000000183c      0x83e ./Core/Src/stm32f429i_discovery_gyroscope.o
 .debug_line    0x000000000000207a      0x6d2 ./Core/Src/stm32f4xx_hal_msp.o
 .debug_line    0x000000000000274c      0x778 ./Core/Src/stm32f4xx_it.o
 .debug_line    0x0000000000002ec4      0x707 ./Core/Src/system_stm32f4xx.o
 .debug_line    0x00000000000035cb       0x88 ./Core/Startup/startup_stm32f429zitx.o
 .debug_line    0x0000000000003653      0x9a3 ./Drivers/STM32F4xx_HAL_Driver/Src/stm32f4xx_hal.o
 .debug_line    0x0000000000003ff6      0xc1c ./Drivers/STM32F4xx_HAL_Driver/Src/stm32f4xx_hal_cortex.o
 .debug_line    0x0000000000004c12      0xb09 ./Drivers/STM32F4xx_HAL_Driver/Src/stm32f4xx_hal_gpio.o
 .debug_line    0x000000000000571b      0xce7 ./Drivers/STM32F4xx_HAL_Driver/Src/stm32f4xx_hal_rcc.o
 .debug_line    0x0000000000006402     0x1bf7 ./Drivers/STM32F4xx_HAL_Driver/Src/stm32f4xx_hal_spi.o

.debug_str      0x0000000000000000    0xcefad
 .debug_str     0x0000000000000000     0x46aa ./Core/Src/l3gd20.o
                                       0x487c (size before relaxing)
 .debug_str     0x00000000000046aa    0xc8da1 ./Core/Src/main.o
                                      0xcd5c4 (size before relaxing)
 .debug_str     0x00000000000cd44b      0x517 ./Core/Src/stm32f429i_discovery.o
                                      0xcce0f (size before relaxing)
 .debug_str     0x00000000000cd962      0x1f9 ./Core/Src/stm32f429i_discovery_gyroscope.o
                                      0xcca11 (size before relaxing)
 .debug_str     0x00000000000cdb5b       0x5e ./Core/Src/stm32f4xx_hal_msp.o
                                      0xcb3e5 (size before relaxing)
 .debug_str     0x00000000000cdbb9      0x104 ./Core/Src/stm32f4xx_it.o
                                      0xcaeac (size before relaxing)
 .debug_str     0x00000000000cdcbd       0xdb ./Core/Src/system_stm32f4xx.o
                                      0xcaefc (size before relaxing)
 .debug_str     0x00000000000cdd98       0x36 ./Core/Startup/startup_stm32f429zitx.o
                                         0x71 (size before relaxing)
 .debug_str     0x00000000000cddce      0x63e ./Drivers/STM32F4xx_HAL_Driver/Src/stm32f4xx_hal.o
                                      0xcbb1f (size before relaxing)
 .debug_str     0x00000000000ce40c      0x341 ./Drivers/STM32F4xx_HAL_Driver/Src/stm32f4xx_hal_cortex.o
                                      0xcb804 (size before relaxing)
 .debug_str     0x00000000000ce74d       0xe4 ./Drivers/STM32F4xx_HAL_Driver/Src/stm32f4xx_hal_gpio.o
                                      0xcb077 (size before relaxing)
 .debug_str     0x00000000000ce831      0x233 ./Drivers/STM32F4xx_HAL_Driver/Src/stm32f4xx_hal_rcc.o
                                      0xcb330 (size before relaxing)
 .debug_str     0x00000000000cea64      0x549 ./Drivers/STM32F4xx_HAL_Driver/Src/stm32f4xx_hal_spi.o
                                      0xcb7ad (size before relaxing)

.comment        0x0000000000000000       0x50
 .comment       0x0000000000000000       0x50 ./Core/Src/l3gd20.o
                                         0x51 (size before relaxing)
 .comment       0x0000000000000050       0x51 ./Core/Src/main.o
 .comment       0x0000000000000050       0x51 ./Core/Src/stm32f429i_discovery.o
 .comment       0x0000000000000050       0x51 ./Core/Src/stm32f429i_discovery_gyroscope.o
 .comment       0x0000000000000050       0x51 ./Core/Src/stm32f4xx_hal_msp.o
 .comment       0x0000000000000050       0x51 ./Core/Src/stm32f4xx_it.o
 .comment       0x0000000000000050       0x51 ./Core/Src/system_stm32f4xx.o
 .comment       0x0000000000000050       0x51 ./Drivers/STM32F4xx_HAL_Driver/Src/stm32f4xx_hal.o
 .comment       0x0000000000000050       0x51 ./Drivers/STM32F4xx_HAL_Driver/Src/stm32f4xx_hal_cortex.o
 .comment       0x0000000000000050       0x51 ./Drivers/STM32F4xx_HAL_Driver/Src/stm32f4xx_hal_gpio.o
 .comment       0x0000000000000050       0x51 ./Drivers/STM32F4xx_HAL_Driver/Src/stm32f4xx_hal_rcc.o
 .comment       0x0000000000000050       0x51 ./Drivers/STM32F4xx_HAL_Driver/Src/stm32f4xx_hal_spi.o

.debug_frame    0x0000000000000000     0x1db4
 .debug_frame   0x0000000000000000      0x1bc ./Core/Src/l3gd20.o
 .debug_frame   0x00000000000001bc       0xa8 ./Core/Src/main.o
 .debug_frame   0x0000000000000264      0x3dc ./Core/Src/stm32f429i_discovery.o
 .debug_frame   0x0000000000000640      0x104 ./Core/Src/stm32f429i_discovery_gyroscope.o
 .debug_frame   0x0000000000000744       0x80 ./Core/Src/stm32f4xx_hal_msp.o
 .debug_frame   0x00000000000007c4      0x13c ./Core/Src/stm32f4xx_it.o
 .debug_frame   0x0000000000000900       0x58 ./Core/Src/system_stm32f4xx.o
 .debug_frame   0x0000000000000958      0x3b4 ./Drivers/STM32F4xx_HAL_Driver/Src/stm32f4xx_hal.o
 .debug_frame   0x0000000000000d0c      0x498 ./Drivers/STM32F4xx_HAL_Driver/Src/stm32f4xx_hal_cortex.o
 .debug_frame   0x00000000000011a4      0x14c ./Drivers/STM32F4xx_HAL_Driver/Src/stm32f4xx_hal_gpio.o
 .debug_frame   0x00000000000012f0      0x1f4 ./Drivers/STM32F4xx_HAL_Driver/Src/stm32f4xx_hal_rcc.o
 .debug_frame   0x00000000000014e4      0x824 ./Drivers/STM32F4xx_HAL_Driver/Src/stm32f4xx_hal_spi.o
 .debug_frame   0x0000000000001d08       0x2c c:/st/stm32cubeide_1.8.0/stm32cubeide/plugins/com.st.stm32cube.ide.mcu.externaltools.gnu-tools-for-stm32.10.3-2021.10.win32_1.0.0.202111181127/tools/bin/../lib/gcc/arm-none-eabi/10.3.1/../../../../arm-none-eabi/lib/thumb/v7e-m+fp/hard\libc_nano.a(lib_a-init.o)
 .debug_frame   0x0000000000001d34       0x20 c:/st/stm32cubeide_1.8.0/stm32cubeide/plugins/com.st.stm32cube.ide.mcu.externaltools.gnu-tools-for-stm32.10.3-2021.10.win32_1.0.0.202111181127/tools/bin/../lib/gcc/arm-none-eabi/10.3.1/../../../../arm-none-eabi/lib/thumb/v7e-m+fp/hard\libc_nano.a(lib_a-memset.o)
 .debug_frame   0x0000000000001d54       0x2c c:/st/stm32cubeide_1.8.0/stm32cubeide/plugins/com.st.stm32cube.ide.mcu.externaltools.gnu-tools-for-stm32.10.3-2021.10.win32_1.0.0.202111181127/tools/bin/../lib/gcc/arm-none-eabi/10.3.1/thumb/v7e-m+fp/hard\libgcc.a(_aeabi_uldivmod.o)
 .debug_frame   0x0000000000001d80       0x34 c:/st/stm32cubeide_1.8.0/stm32cubeide/plugins/com.st.stm32cube.ide.mcu.externaltools.gnu-tools-for-stm32.10.3-2021.10.win32_1.0.0.202111181127/tools/bin/../lib/gcc/arm-none-eabi/10.3.1/thumb/v7e-m+fp/hard\libgcc.a(_udivmoddi4.o)
