../Core/Src/stm32f4_discovery.c:139:10:BSP_GetVersion	4	static
../Core/Src/stm32f4_discovery.c:153:6:BSP_LED_Init	56	static
../Core/Src/stm32f4_discovery.c:180:6:BSP_LED_On	16	static
../Core/Src/stm32f4_discovery.c:194:6:BSP_LED_Off	16	static
../Core/Src/stm32f4_discovery.c:208:6:BSP_LED_Toggle	16	static
../Core/Src/stm32f4_discovery.c:231:6:BSP_PB_Init	40	static
../Core/Src/stm32f4_discovery.c:270:10:BSP_PB_GetState	16	static
../Core/Src/stm32f4_discovery.c:292:13:SPIx_Init	8	static
../Core/Src/stm32f4_discovery.c:321:16:SPIx_WriteRead	32	static
../Core/Src/stm32f4_discovery.c:338:13:SPIx_Error	8	static
../Core/Src/stm32f4_discovery.c:350:13:SPIx_MspInit	40	static
../Core/Src/stm32f4_discovery.c:373:13:I2Cx_Init	8	static
../Core/Src/stm32f4_discovery.c:397:13:I2Cx_WriteData	40	static
../Core/Src/stm32f4_discovery.c:417:17:I2Cx_ReadData	40	static
../Core/Src/stm32f4_discovery.c:437:13:I2Cx_Error	16	static
../Core/Src/stm32f4_discovery.c:449:13:I2Cx_MspInit	40	static
../Core/Src/stm32f4_discovery.c:491:6:ACCELERO_IO_Init	32	static
../Core/Src/stm32f4_discovery.c:516:6:ACCELERO_IO_ITConfig	32	static
../Core/Src/stm32f4_discovery.c:541:6:ACCELERO_IO_Write	16	static
../Core/Src/stm32f4_discovery.c:575:6:ACCELERO_IO_Read	16	static
../Core/Src/stm32f4_discovery.c:609:6:AUDIO_IO_Init	32	static
../Core/Src/stm32f4_discovery.c:641:6:AUDIO_IO_DeInit	4	static
../Core/Src/stm32f4_discovery.c:652:6:AUDIO_IO_Write	16	static
../Core/Src/stm32f4_discovery.c:663:9:AUDIO_IO_Read	16	static
