Archive member included to satisfy reference by file (symbol)

c:/st/stm32cubeide_1.8.0/stm32cubeide/plugins/com.st.stm32cube.ide.mcu.externaltools.gnu-tools-for-stm32.10.3-2021.10.win32_1.0.0.202111181127/tools/bin/../lib/gcc/arm-none-eabi/10.3.1/../../../../arm-none-eabi/lib/thumb/v7e-m+fp/hard\libc_nano.a(lib_a-errno.o)
                              ./Core/Src/syscalls.o (__errno)
c:/st/stm32cubeide_1.8.0/stm32cubeide/plugins/com.st.stm32cube.ide.mcu.externaltools.gnu-tools-for-stm32.10.3-2021.10.win32_1.0.0.202111181127/tools/bin/../lib/gcc/arm-none-eabi/10.3.1/../../../../arm-none-eabi/lib/thumb/v7e-m+fp/hard\libc_nano.a(lib_a-exit.o)
                              c:/st/stm32cubeide_1.8.0/stm32cubeide/plugins/com.st.stm32cube.ide.mcu.externaltools.gnu-tools-for-stm32.10.3-2021.10.win32_1.0.0.202111181127/tools/bin/../lib/gcc/arm-none-eabi/10.3.1/../../../../arm-none-eabi/lib/thumb/v7e-m+fp/hard/crt0.o (exit)
c:/st/stm32cubeide_1.8.0/stm32cubeide/plugins/com.st.stm32cube.ide.mcu.externaltools.gnu-tools-for-stm32.10.3-2021.10.win32_1.0.0.202111181127/tools/bin/../lib/gcc/arm-none-eabi/10.3.1/../../../../arm-none-eabi/lib/thumb/v7e-m+fp/hard\libc_nano.a(lib_a-impure.o)
                              c:/st/stm32cubeide_1.8.0/stm32cubeide/plugins/com.st.stm32cube.ide.mcu.externaltools.gnu-tools-for-stm32.10.3-2021.10.win32_1.0.0.202111181127/tools/bin/../lib/gcc/arm-none-eabi/10.3.1/../../../../arm-none-eabi/lib/thumb/v7e-m+fp/hard\libc_nano.a(lib_a-exit.o) (_global_impure_ptr)
c:/st/stm32cubeide_1.8.0/stm32cubeide/plugins/com.st.stm32cube.ide.mcu.externaltools.gnu-tools-for-stm32.10.3-2021.10.win32_1.0.0.202111181127/tools/bin/../lib/gcc/arm-none-eabi/10.3.1/../../../../arm-none-eabi/lib/thumb/v7e-m+fp/hard\libc_nano.a(lib_a-init.o)
                              c:/st/stm32cubeide_1.8.0/stm32cubeide/plugins/com.st.stm32cube.ide.mcu.externaltools.gnu-tools-for-stm32.10.3-2021.10.win32_1.0.0.202111181127/tools/bin/../lib/gcc/arm-none-eabi/10.3.1/../../../../arm-none-eabi/lib/thumb/v7e-m+fp/hard/crt0.o (__libc_init_array)
c:/st/stm32cubeide_1.8.0/stm32cubeide/plugins/com.st.stm32cube.ide.mcu.externaltools.gnu-tools-for-stm32.10.3-2021.10.win32_1.0.0.202111181127/tools/bin/../lib/gcc/arm-none-eabi/10.3.1/../../../../arm-none-eabi/lib/thumb/v7e-m+fp/hard\libc_nano.a(lib_a-memset.o)
                              c:/st/stm32cubeide_1.8.0/stm32cubeide/plugins/com.st.stm32cube.ide.mcu.externaltools.gnu-tools-for-stm32.10.3-2021.10.win32_1.0.0.202111181127/tools/bin/../lib/gcc/arm-none-eabi/10.3.1/../../../../arm-none-eabi/lib/thumb/v7e-m+fp/hard/crt0.o (memset)
c:/st/stm32cubeide_1.8.0/stm32cubeide/plugins/com.st.stm32cube.ide.mcu.externaltools.gnu-tools-for-stm32.10.3-2021.10.win32_1.0.0.202111181127/tools/bin/../lib/gcc/arm-none-eabi/10.3.1/thumb/v7e-m+fp/hard\libgcc.a(_aeabi_uldivmod.o)
                              ./Drivers/STM32F4xx_HAL_Driver/Src/stm32f4xx_hal_rcc.o (__aeabi_uldivmod)
c:/st/stm32cubeide_1.8.0/stm32cubeide/plugins/com.st.stm32cube.ide.mcu.externaltools.gnu-tools-for-stm32.10.3-2021.10.win32_1.0.0.202111181127/tools/bin/../lib/gcc/arm-none-eabi/10.3.1/thumb/v7e-m+fp/hard\libgcc.a(_udivmoddi4.o)
                              c:/st/stm32cubeide_1.8.0/stm32cubeide/plugins/com.st.stm32cube.ide.mcu.externaltools.gnu-tools-for-stm32.10.3-2021.10.win32_1.0.0.202111181127/tools/bin/../lib/gcc/arm-none-eabi/10.3.1/thumb/v7e-m+fp/hard\libgcc.a(_aeabi_uldivmod.o) (__udivmoddi4)
c:/st/stm32cubeide_1.8.0/stm32cubeide/plugins/com.st.stm32cube.ide.mcu.externaltools.gnu-tools-for-stm32.10.3-2021.10.win32_1.0.0.202111181127/tools/bin/../lib/gcc/arm-none-eabi/10.3.1/thumb/v7e-m+fp/hard\libgcc.a(_dvmd_tls.o)
                              c:/st/stm32cubeide_1.8.0/stm32cubeide/plugins/com.st.stm32cube.ide.mcu.externaltools.gnu-tools-for-stm32.10.3-2021.10.win32_1.0.0.202111181127/tools/bin/../lib/gcc/arm-none-eabi/10.3.1/thumb/v7e-m+fp/hard\libgcc.a(_aeabi_uldivmod.o) (__aeabi_ldiv0)

Discarded input sections

 .text          0x0000000000000000        0x0 c:/st/stm32cubeide_1.8.0/stm32cubeide/plugins/com.st.stm32cube.ide.mcu.externaltools.gnu-tools-for-stm32.10.3-2021.10.win32_1.0.0.202111181127/tools/bin/../lib/gcc/arm-none-eabi/10.3.1/thumb/v7e-m+fp/hard/crti.o
 .data          0x0000000000000000        0x0 c:/st/stm32cubeide_1.8.0/stm32cubeide/plugins/com.st.stm32cube.ide.mcu.externaltools.gnu-tools-for-stm32.10.3-2021.10.win32_1.0.0.202111181127/tools/bin/../lib/gcc/arm-none-eabi/10.3.1/thumb/v7e-m+fp/hard/crti.o
 .bss           0x0000000000000000        0x0 c:/st/stm32cubeide_1.8.0/stm32cubeide/plugins/com.st.stm32cube.ide.mcu.externaltools.gnu-tools-for-stm32.10.3-2021.10.win32_1.0.0.202111181127/tools/bin/../lib/gcc/arm-none-eabi/10.3.1/thumb/v7e-m+fp/hard/crti.o
[...]
Memory Configuration

Name             Origin             Length             Attributes
CCMRAM           0x0000000010000000 0x0000000000010000 xrw
RAM              0x0000000020000000 0x0000000000020000 xrw
FLASH            0x0000000008000000 0x0000000000100000 xr
*default*        0x0000000000000000 0xffffffffffffffff

Linker script and memory map

LOAD c:/st/stm32cubeide_1.8.0/stm32cubeide/plugins/com.st.stm32cube.ide.mcu.externaltools.gnu-tools-for-stm32.10.3-2021.10.win32_1.0.0.202111181127/tools/bin/../lib/gcc/arm-none-eabi/10.3.1/thumb/v7e-m+fp/hard/crti.o
LOAD c:/st/stm32cubeide_1.8.0/stm32cubeide/plugins/com.st.stm32cube.ide.mcu.externaltools.gnu-tools-for-stm32.10.3-2021.10.win32_1.0.0.202111181127/tools/bin/../lib/gcc/arm-none-eabi/10.3.1/thumb/v7e-m+fp/hard/crtbegin.o
LOAD c:/st/stm32cubeide_1.8.0/stm32cubeide/plugins/com.st.stm32cube.ide.mcu.externaltools.gnu-tools-for-stm32.10.3-2021.10.win32_1.0.0.202111181127/tools/bin/../lib/gcc/arm-none-eabi/10.3.1/../../../../arm-none-eabi/lib/thumb/v7e-m+fp/hard/crt0.o
LOAD ./Core/Src/lis302dl.o
LOAD ./Core/Src/lis3dsh.o
LOAD ./Core/Src/main.o
LOAD ./Core/Src/stm32f4_discovery.o
LOAD ./Core/Src/stm32f4_discovery_accelerometer.o
LOAD ./Core/Src/stm32f4xx_hal_msp.o
LOAD ./Core/Src/stm32f4xx_it.o
LOAD ./Core/Src/syscalls.o
LOAD ./Core/Src/sysmem.o
LOAD ./Core/Src/system_stm32f4xx.o
LOAD ./Core/Startup/startup_stm32f407vgtx.o
LOAD ./Drivers/STM32F4xx_HAL_Driver/Src/stm32f4xx_hal.o
LOAD ./Drivers/STM32F4xx_HAL_Driver/Src/stm32f4xx_hal_cortex.o
LOAD ./Drivers/STM32F4xx_HAL_Driver/Src/stm32f4xx_hal_dma.o
LOAD ./Drivers/STM32F4xx_HAL_Driver/Src/stm32f4xx_hal_dma_ex.o
LOAD ./Drivers/STM32F4xx_HAL_Driver/Src/stm32f4xx_hal_exti.o
LOAD ./Drivers/STM32F4xx_HAL_Driver/Src/stm32f4xx_hal_flash.o
LOAD ./Drivers/STM32F4xx_HAL_Driver/Src/stm32f4xx_hal_flash_ex.o
LOAD ./Drivers/STM32F4xx_HAL_Driver/Src/stm32f4xx_hal_flash_ramfunc.o
LOAD ./Drivers/STM32F4xx_HAL_Driver/Src/stm32f4xx_hal_gpio.o
LOAD ./Drivers/STM32F4xx_HAL_Driver/Src/stm32f4xx_hal_i2c.o
LOAD ./Drivers/STM32F4xx_HAL_Driver/Src/stm32f4xx_hal_i2c_ex.o
LOAD ./Drivers/STM32F4xx_HAL_Driver/Src/stm32f4xx_hal_i2s.o
LOAD ./Drivers/STM32F4xx_HAL_Driver/Src/stm32f4xx_hal_i2s_ex.o
LOAD ./Drivers/STM32F4xx_HAL_Driver/Src/stm32f4xx_hal_pcd.o
LOAD ./Drivers/STM32F4xx_HAL_Driver/Src/stm32f4xx_hal_pcd_ex.o
LOAD ./Drivers/STM32F4xx_HAL_Driver/Src/stm32f4xx_hal_pwr.o
LOAD ./Drivers/STM32F4xx_HAL_Driver/Src/stm32f4xx_hal_pwr_ex.o
LOAD ./Drivers/STM32F4xx_HAL_Driver/Src/stm32f4xx_hal_rcc.o
LOAD ./Drivers/STM32F4xx_HAL_Driver/Src/stm32f4xx_hal_rcc_ex.o
LOAD ./Drivers/STM32F4xx_HAL_Driver/Src/stm32f4xx_hal_spi.o
LOAD ./Drivers/STM32F4xx_HAL_Driver/Src/stm32f4xx_hal_tim.o
LOAD ./Drivers/STM32F4xx_HAL_Driver/Src/stm32f4xx_hal_tim_ex.o
LOAD ./Drivers/STM32F4xx_HAL_Driver/Src/stm32f4xx_ll_usb.o
LOAD ./Middlewares/ST/STM32_USB_Device_Library/Class/CDC/Src/usbd_cdc.o
LOAD ./Middlewares/ST/STM32_USB_Device_Library/Core/Src/usbd_core.o
LOAD ./Middlewares/ST/STM32_USB_Device_Library/Core/Src/usbd_ctlreq.o
LOAD ./Middlewares/ST/STM32_USB_Device_Library/Core/Src/usbd_ioreq.o
LOAD ./USB_DEVICE/App/usb_device.o
LOAD ./USB_DEVICE/App/usbd_cdc_if.o
LOAD ./USB_DEVICE/App/usbd_desc.o
LOAD ./USB_DEVICE/Target/usbd_conf.o
START GROUP
LOAD c:/st/stm32cubeide_1.8.0/stm32cubeide/plugins/com.st.stm32cube.ide.mcu.externaltools.gnu-tools-for-stm32.10.3-2021.10.win32_1.0.0.202111181127/tools/bin/../lib/gcc/arm-none-eabi/10.3.1/../../../../arm-none-eabi/lib/thumb/v7e-m+fp/hard\libc_nano.a
LOAD c:/st/stm32cubeide_1.8.0/stm32cubeide/plugins/com.st.stm32cube.ide.mcu.externaltools.gnu-tools-for-stm32.10.3-2021.10.win32_1.0.0.202111181127/tools/bin/../lib/gcc/arm-none-eabi/10.3.1/../../../../arm-none-eabi/lib/thumb/v7e-m+fp/hard\libm.a
END GROUP
START GROUP
LOAD c:/st/stm32cubeide_1.8.0/stm32cubeide/plugins/com.st.stm32cube.ide.mcu.externaltools.gnu-tools-for-stm32.10.3-2021.10.win32_1.0.0.202111181127/tools/bin/../lib/gcc/arm-none-eabi/10.3.1/thumb/v7e-m+fp/hard\libgcc.a
LOAD c:/st/stm32cubeide_1.8.0/stm32cubeide/plugins/com.st.stm32cube.ide.mcu.externaltools.gnu-tools-for-stm32.10.3-2021.10.win32_1.0.0.202111181127/tools/bin/../lib/gcc/arm-none-eabi/10.3.1/../../../../arm-none-eabi/lib/thumb/v7e-m+fp/hard\libc_nano.a
END GROUP
START GROUP
LOAD c:/st/stm32cubeide_1.8.0/stm32cubeide/plugins/com.st.stm32cube.ide.mcu.externaltools.gnu-tools-for-stm32.10.3-2021.10.win32_1.0.0.202111181127/tools/bin/../lib/gcc/arm-none-eabi/10.3.1/thumb/v7e-m+fp/hard\libgcc.a
LOAD c:/st/stm32cubeide_1.8.0/stm32cubeide/plugins/com.st.stm32cube.ide.mcu.externaltools.gnu-tools-for-stm32.10.3-2021.10.win32_1.0.0.202111181127/tools/bin/../lib/gcc/arm-none-eabi/10.3.1/../../../../arm-none-eabi/lib/thumb/v7e-m+fp/hard\libc_nano.a
LOAD c:/st/stm32cubeide_1.8.0/stm32cubeide/plugins/com.st.stm32cube.ide.mcu.externaltools.gnu-tools-for-stm32.10.3-2021.10.win32_1.0.0.202111181127/tools/bin/../lib/gcc/arm-none-eabi/10.3.1/../../../../arm-none-eabi/lib/thumb/v7e-m+fp/hard\libnosys.a
END GROUP
START GROUP
LOAD c:/st/stm32cubeide_1.8.0/stm32cubeide/plugins/com.st.stm32cube.ide.mcu.externaltools.gnu-tools-for-stm32.10.3-2021.10.win32_1.0.0.202111181127/tools/bin/../lib/gcc/arm-none-eabi/10.3.1/thumb/v7e-m+fp/hard\libgcc.a
LOAD c:/st/stm32cubeide_1.8.0/stm32cubeide/plugins/com.st.stm32cube.ide.mcu.externaltools.gnu-tools-for-stm32.10.3-2021.10.win32_1.0.0.202111181127/tools/bin/../lib/gcc/arm-none-eabi/10.3.1/../../../../arm-none-eabi/lib/thumb/v7e-m+fp/hard\libc_nano.a
LOAD c:/st/stm32cubeide_1.8.0/stm32cubeide/plugins/com.st.stm32cube.ide.mcu.externaltools.gnu-tools-for-stm32.10.3-2021.10.win32_1.0.0.202111181127/tools/bin/../lib/gcc/arm-none-eabi/10.3.1/../../../../arm-none-eabi/lib/thumb/v7e-m+fp/hard\libnosys.a
END GROUP
LOAD c:/st/stm32cubeide_1.8.0/stm32cubeide/plugins/com.st.stm32cube.ide.mcu.externaltools.gnu-tools-for-stm32.10.3-2021.10.win32_1.0.0.202111181127/tools/bin/../lib/gcc/arm-none-eabi/10.3.1/thumb/v7e-m+fp/hard/crtend.o
LOAD c:/st/stm32cubeide_1.8.0/stm32cubeide/plugins/com.st.stm32cube.ide.mcu.externaltools.gnu-tools-for-stm32.10.3-2021.10.win32_1.0.0.202111181127/tools/bin/../lib/gcc/arm-none-eabi/10.3.1/thumb/v7e-m+fp/hard/crtn.o
                0x0000000020020000                _estack = (ORIGIN (RAM) + LENGTH (RAM))
                0x0000000000000200                _Min_Heap_Size = 0x200
                0x0000000000000400                _Min_Stack_Size = 0x400

.isr_vector     0x0000000008000000      0x188
                0x0000000008000000                . = ALIGN (0x4)
 *(.isr_vector)
 .isr_vector    0x0000000008000000      0x188 ./Core/Startup/startup_stm32f407vgtx.o
                0x0000000008000000                g_pfnVectors
                0x0000000008000188                . = ALIGN (0x4)

.text           0x0000000008000188     0x933c
                0x0000000008000188                . = ALIGN (0x4)
 *(.text)
 .text          0x0000000008000188       0x40 c:/st/stm32cubeide_1.8.0/stm32cubeide/plugins/com.st.stm32cube.ide.mcu.externaltools.gnu-tools-for-stm32.10.3-2021.10.win32_1.0.0.202111181127/tools/bin/../lib/gcc/arm-none-eabi/10.3.1/thumb/v7e-m+fp/hard/crtbegin.o
 .text          0x00000000080001c8       0x30 c:/st/stm32cubeide_1.8.0/stm32cubeide/plugins/com.st.stm32cube.ide.mcu.externaltools.gnu-tools-for-stm32.10.3-2021.10.win32_1.0.0.202111181127/tools/bin/../lib/gcc/arm-none-eabi/10.3.1/thumb/v7e-m+fp/hard\libgcc.a(_aeabi_uldivmod.o)
                0x00000000080001c8                __aeabi_uldivmod
 .text          0x00000000080001f8      0x2d0 c:/st/stm32cubeide_1.8.0/stm32cubeide/plugins/com.st.stm32cube.ide.mcu.externaltools.gnu-tools-for-stm32.10.3-2021.10.win32_1.0.0.202111181127/tools/bin/../lib/gcc/arm-none-eabi/10.3.1/thumb/v7e-m+fp/hard\libgcc.a(_udivmoddi4.o)
                0x00000000080001f8                __udivmoddi4
 .text          0x00000000080004c8        0x4 c:/st/stm32cubeide_1.8.0/stm32cubeide/plugins/com.st.stm32cube.ide.mcu.externaltools.gnu-tools-for-stm32.10.3-2021.10.win32_1.0.0.202111181127/tools/bin/../lib/gcc/arm-none-eabi/10.3.1/thumb/v7e-m+fp/hard\libgcc.a(_dvmd_tls.o)
                0x00000000080004c8                __aeabi_idiv0
                0x00000000080004c8                __aeabi_ldiv0
 *(.text*)
 .text.LIS302DL_Init
                0x00000000080004cc       0x2e ./Core/Src/lis302dl.o
                0x00000000080004cc                LIS302DL_Init
 .text.LIS302DL_DeInit
                0x00000000080004fa        0xe ./Core/Src/lis302dl.o
                0x00000000080004fa                LIS302DL_DeInit
 .text.LIS302DL_ReadID
                0x0000000008000508       0x24 ./Core/Src/lis302dl.o
                0x0000000008000508                LIS302DL_ReadID
 .text.LIS302DL_FilterConfig
                0x000000000800052c       0x46 ./Core/Src/lis302dl.o
                0x000000000800052c                LIS302DL_FilterConfig
 .text.LIS302DL_InterruptConfig
                0x0000000008000572       0x46 ./Core/Src/lis302dl.o
                0x0000000008000572                LIS302DL_InterruptConfig
 .text.LIS302DL_Click_IntConfig
                0x00000000080005b8       0xaa ./Core/Src/lis302dl.o
                0x00000000080005b8                LIS302DL_Click_IntConfig
 .text.LIS302DL_Click_IntClear
                0x0000000008000662       0x2c ./Core/Src/lis302dl.o
                0x0000000008000662                LIS302DL_Click_IntClear
 .text.LIS302DL_RebootCmd
                0x000000000800068e       0x30 ./Core/Src/lis302dl.o
                0x000000000800068e                LIS302DL_RebootCmd
 .text.LIS302DL_ReadACC
                0x00000000080006be       0xb4 ./Core/Src/lis302dl.o
                0x00000000080006be                LIS302DL_ReadACC
 .text.LIS3DSH_Init
                0x0000000008000772       0x46 ./Core/Src/lis3dsh.o
                0x0000000008000772                LIS3DSH_Init
 .text.LIS3DSH_DeInit
                0x00000000080007b8        0xe ./Core/Src/lis3dsh.o
                0x00000000080007b8                LIS3DSH_DeInit
 .text.LIS3DSH_ReadID
                0x00000000080007c6       0x24 ./Core/Src/lis3dsh.o
                0x00000000080007c6                LIS3DSH_ReadID
 .text.LIS3DSH_InterruptConfig
                0x00000000080007ea       0x70 ./Core/Src/lis3dsh.o
                0x00000000080007ea                LIS3DSH_InterruptConfig
 .text.LIS3DSH_Click_IntConfig
                0x000000000800085a       0xde ./Core/Src/lis3dsh.o
                0x000000000800085a                LIS3DSH_Click_IntConfig
 .text.LIS3DSH_RebootCmd
                0x0000000008000938       0x30 ./Core/Src/lis3dsh.o
                0x0000000008000938                LIS3DSH_RebootCmd
 .text.LIS3DSH_ReadACC
                0x0000000008000968      0x1b4 ./Core/Src/lis3dsh.o
                0x0000000008000968                LIS3DSH_ReadACC
 .text.main     0x0000000008000b1c       0x3c ./Core/Src/main.o
                0x0000000008000b1c                main
 .text.SystemClock_Config
                0x0000000008000b58       0xd4 ./Core/Src/main.o
                0x0000000008000b58                SystemClock_Config
 .text.MX_I2C1_Init
                0x0000000008000c2c       0x5c ./Core/Src/main.o
 .text.MX_I2S3_Init
                0x0000000008000c88       0x60 ./Core/Src/main.o
 .text.MX_SPI1_Init
                0x0000000008000ce8       0x6c ./Core/Src/main.o
 .text.MX_GPIO_Init
                0x0000000008000d54      0x1fc ./Core/Src/main.o
 .text.Error_Handler
                0x0000000008000f50        0xa ./Core/Src/main.o
                0x0000000008000f50                Error_Handler
 *fill*         0x0000000008000f5a        0x2 
 .text.SPIx_Init
                0x0000000008000f5c       0x74 ./Core/Src/stm32f4_discovery.o
 .text.SPIx_WriteRead
                0x0000000008000fd0       0x40 ./Core/Src/stm32f4_discovery.o
 .text.SPIx_Error
                0x0000000008001010       0x18 ./Core/Src/stm32f4_discovery.o
 .text.SPIx_MspInit
                0x0000000008001028       0x70 ./Core/Src/stm32f4_discovery.o
 .text.ACCELERO_IO_Init
                0x0000000008001098       0x5c ./Core/Src/stm32f4_discovery.o
                0x0000000008001098                ACCELERO_IO_Init
 .text.ACCELERO_IO_ITConfig
                0x00000000080010f4       0x60 ./Core/Src/stm32f4_discovery.o
                0x00000000080010f4                ACCELERO_IO_ITConfig
 .text.ACCELERO_IO_Write
                0x0000000008001154       0x64 ./Core/Src/stm32f4_discovery.o
                0x0000000008001154                ACCELERO_IO_Write
 .text.ACCELERO_IO_Read
                0x00000000080011b8       0x74 ./Core/Src/stm32f4_discovery.o
                0x00000000080011b8                ACCELERO_IO_Read
 .text.BSP_ACCELERO_Init
                0x000000000800122c      0x118 ./Core/Src/stm32f4_discovery_accelerometer.o
                0x000000000800122c                BSP_ACCELERO_Init
 .text.BSP_ACCELERO_ReadID
                0x0000000008001344       0x30 ./Core/Src/stm32f4_discovery_accelerometer.o
                0x0000000008001344                BSP_ACCELERO_ReadID
 .text.BSP_ACCELERO_GetXYZ
                0x0000000008001374       0x58 ./Core/Src/stm32f4_discovery_accelerometer.o
                0x0000000008001374                BSP_ACCELERO_GetXYZ
 .text.HAL_MspInit
                0x00000000080013cc       0x50 ./Core/Src/stm32f4xx_hal_msp.o
                0x00000000080013cc                HAL_MspInit
 .text.HAL_I2C_MspInit
                0x000000000800141c       0x90 ./Core/Src/stm32f4xx_hal_msp.o
                0x000000000800141c                HAL_I2C_MspInit
 .text.HAL_I2S_MspInit
                0x00000000080014ac      0x100 ./Core/Src/stm32f4xx_hal_msp.o
                0x00000000080014ac                HAL_I2S_MspInit
 .text.HAL_SPI_MspInit
                0x00000000080015ac       0x90 ./Core/Src/stm32f4xx_hal_msp.o
                0x00000000080015ac                HAL_SPI_MspInit
 .text.HAL_SPI_MspDeInit
                0x000000000800163c       0x3c ./Core/Src/stm32f4xx_hal_msp.o
                0x000000000800163c                HAL_SPI_MspDeInit
 .text.NMI_Handler
                0x0000000008001678        0x6 ./Core/Src/stm32f4xx_it.o
                0x0000000008001678                NMI_Handler
 .text.HardFault_Handler
                0x000000000800167e        0x6 ./Core/Src/stm32f4xx_it.o
                0x000000000800167e                HardFault_Handler
 .text.MemManage_Handler
                0x0000000008001684        0x6 ./Core/Src/stm32f4xx_it.o
                0x0000000008001684                MemManage_Handler
 .text.BusFault_Handler
                0x000000000800168a        0x6 ./Core/Src/stm32f4xx_it.o
                0x000000000800168a                BusFault_Handler
 .text.UsageFault_Handler
                0x0000000008001690        0x6 ./Core/Src/stm32f4xx_it.o
                0x0000000008001690                UsageFault_Handler
 .text.SVC_Handler
                0x0000000008001696        0xe ./Core/Src/stm32f4xx_it.o
                0x0000000008001696                SVC_Handler
 .text.DebugMon_Handler
                0x00000000080016a4        0xe ./Core/Src/stm32f4xx_it.o
                0x00000000080016a4                DebugMon_Handler
 .text.PendSV_Handler
                0x00000000080016b2        0xe ./Core/Src/stm32f4xx_it.o
                0x00000000080016b2                PendSV_Handler
 .text.SysTick_Handler
                0x00000000080016c0        0xc ./Core/Src/stm32f4xx_it.o
                0x00000000080016c0                SysTick_Handler
 .text.OTG_FS_IRQHandler
                0x00000000080016cc       0x14 ./Core/Src/stm32f4xx_it.o
                0x00000000080016cc                OTG_FS_IRQHandler
 .text.SystemInit
                0x00000000080016e0       0x24 ./Core/Src/system_stm32f4xx.o
                0x00000000080016e0                SystemInit
 .text.Reset_Handler
                0x0000000008001704       0x50 ./Core/Startup/startup_stm32f407vgtx.o
                0x0000000008001704                Reset_Handler
 .text.Default_Handler
                0x0000000008001754        0x2 ./Core/Startup/startup_stm32f407vgtx.o
                0x0000000008001754                RTC_Alarm_IRQHandler
                0x0000000008001754                HASH_RNG_IRQHandler
                0x0000000008001754                EXTI2_IRQHandler
                0x0000000008001754                TIM8_CC_IRQHandler
                0x0000000008001754                TIM1_CC_IRQHandler
                0x0000000008001754                DMA2_Stream5_IRQHandler
                0x0000000008001754                DMA1_Stream5_IRQHandler
                0x0000000008001754                PVD_IRQHandler
                0x0000000008001754                SDIO_IRQHandler
                0x0000000008001754                TAMP_STAMP_IRQHandler
                0x0000000008001754                CAN2_RX1_IRQHandler
                0x0000000008001754                EXTI3_IRQHandler
                0x0000000008001754                TIM8_TRG_COM_TIM14_IRQHandler
                0x0000000008001754                TIM1_UP_TIM10_IRQHandler
                0x0000000008001754                TIM8_UP_TIM13_IRQHandler
                0x0000000008001754                I2C3_ER_IRQHandler
                0x0000000008001754                EXTI0_IRQHandler
                0x0000000008001754                I2C2_EV_IRQHandler
                0x0000000008001754                DMA1_Stream2_IRQHandler
                0x0000000008001754                CAN1_RX0_IRQHandler
                0x0000000008001754                FPU_IRQHandler
                0x0000000008001754                OTG_HS_WKUP_IRQHandler
                0x0000000008001754                CAN2_SCE_IRQHandler
                0x0000000008001754                DMA2_Stream2_IRQHandler
                0x0000000008001754                SPI1_IRQHandler
                0x0000000008001754                TIM6_DAC_IRQHandler
                0x0000000008001754                TIM1_BRK_TIM9_IRQHandler
                0x0000000008001754                DCMI_IRQHandler
                0x0000000008001754                CAN2_RX0_IRQHandler
                0x0000000008001754                DMA2_Stream3_IRQHandler
                0x0000000008001754                USART6_IRQHandler
                0x0000000008001754                USART3_IRQHandler
                0x0000000008001754                CAN1_RX1_IRQHandler
                0x0000000008001754                UART5_IRQHandler
                0x0000000008001754                DMA2_Stream0_IRQHandler
                0x0000000008001754                TIM4_IRQHandler
                0x0000000008001754                I2C1_EV_IRQHandler
                0x0000000008001754                DMA1_Stream6_IRQHandler
                0x0000000008001754                DMA1_Stream1_IRQHandler
                0x0000000008001754                UART4_IRQHandler
                0x0000000008001754                TIM3_IRQHandler
                0x0000000008001754                RCC_IRQHandler
                0x0000000008001754                TIM8_BRK_TIM12_IRQHandler
                0x0000000008001754                Default_Handler
                0x0000000008001754                EXTI15_10_IRQHandler
                0x0000000008001754                ADC_IRQHandler
                0x0000000008001754                DMA1_Stream7_IRQHandler
                0x0000000008001754                TIM7_IRQHandler
                0x0000000008001754                CAN2_TX_IRQHandler
                0x0000000008001754                TIM5_IRQHandler
                0x0000000008001754                DMA2_Stream7_IRQHandler
                0x0000000008001754                I2C3_EV_IRQHandler
                0x0000000008001754                EXTI9_5_IRQHandler
                0x0000000008001754                RTC_WKUP_IRQHandler
                0x0000000008001754                ETH_WKUP_IRQHandler
                0x0000000008001754                SPI2_IRQHandler
                0x0000000008001754                OTG_HS_EP1_IN_IRQHandler
                0x0000000008001754                DMA1_Stream0_IRQHandler
                0x0000000008001754                CAN1_TX_IRQHandler
                0x0000000008001754                EXTI4_IRQHandler
                0x0000000008001754                FSMC_IRQHandler
                0x0000000008001754                ETH_IRQHandler
                0x0000000008001754                OTG_HS_EP1_OUT_IRQHandler
                0x0000000008001754                WWDG_IRQHandler
                0x0000000008001754                TIM2_IRQHandler
                0x0000000008001754                OTG_FS_WKUP_IRQHandler
                0x0000000008001754                TIM1_TRG_COM_TIM11_IRQHandler
                0x0000000008001754                OTG_HS_IRQHandler
                0x0000000008001754                EXTI1_IRQHandler
                0x0000000008001754                USART2_IRQHandler
                0x0000000008001754                I2C2_ER_IRQHandler
                0x0000000008001754                DMA2_Stream1_IRQHandler
                0x0000000008001754                CAN1_SCE_IRQHandler
                0x0000000008001754                FLASH_IRQHandler
                0x0000000008001754                DMA2_Stream4_IRQHandler
                0x0000000008001754                USART1_IRQHandler
                0x0000000008001754                SPI3_IRQHandler
                0x0000000008001754                DMA1_Stream4_IRQHandler
                0x0000000008001754                I2C1_ER_IRQHandler
                0x0000000008001754                DMA2_Stream6_IRQHandler
                0x0000000008001754                DMA1_Stream3_IRQHandler
 *fill*         0x0000000008001756        0x2 
 .text.HAL_Init
                0x0000000008001758       0x44 ./Drivers/STM32F4xx_HAL_Driver/Src/stm32f4xx_hal.o
                0x0000000008001758                HAL_Init
 .text.HAL_InitTick
                0x000000000800179c       0x60 ./Drivers/STM32F4xx_HAL_Driver/Src/stm32f4xx_hal.o
                0x000000000800179c                HAL_InitTick
 .text.HAL_IncTick
                0x00000000080017fc       0x28 ./Drivers/STM32F4xx_HAL_Driver/Src/stm32f4xx_hal.o
                0x00000000080017fc                HAL_IncTick
 .text.HAL_GetTick
                0x0000000008001824       0x18 ./Drivers/STM32F4xx_HAL_Driver/Src/stm32f4xx_hal.o
                0x0000000008001824                HAL_GetTick
 .text.HAL_Delay
                0x000000000800183c       0x48 ./Drivers/STM32F4xx_HAL_Driver/Src/stm32f4xx_hal.o
                0x000000000800183c                HAL_Delay
 .text.__NVIC_SetPriorityGrouping
                0x0000000008001884       0x48 ./Drivers/STM32F4xx_HAL_Driver/Src/stm32f4xx_hal_cortex.o
 .text.__NVIC_GetPriorityGrouping
                0x00000000080018cc       0x1c ./Drivers/STM32F4xx_HAL_Driver/Src/stm32f4xx_hal_cortex.o
 .text.__NVIC_EnableIRQ
                0x00000000080018e8       0x3c ./Drivers/STM32F4xx_HAL_Driver/Src/stm32f4xx_hal_cortex.o
 .text.__NVIC_SetPriority
                0x0000000008001924       0x54 ./Drivers/STM32F4xx_HAL_Driver/Src/stm32f4xx_hal_cortex.o
 .text.NVIC_EncodePriority
                0x0000000008001978       0x66 ./Drivers/STM32F4xx_HAL_Driver/Src/stm32f4xx_hal_cortex.o
 *fill*         0x00000000080019de        0x2 
 .text.SysTick_Config
                0x00000000080019e0       0x44 ./Drivers/STM32F4xx_HAL_Driver/Src/stm32f4xx_hal_cortex.o
 .text.HAL_NVIC_SetPriorityGrouping
                0x0000000008001a24       0x16 ./Drivers/STM32F4xx_HAL_Driver/Src/stm32f4xx_hal_cortex.o
                0x0000000008001a24                HAL_NVIC_SetPriorityGrouping
 .text.HAL_NVIC_SetPriority
                0x0000000008001a3a       0x38 ./Drivers/STM32F4xx_HAL_Driver/Src/stm32f4xx_hal_cortex.o
                0x0000000008001a3a                HAL_NVIC_SetPriority
 .text.HAL_NVIC_EnableIRQ
                0x0000000008001a72       0x1c ./Drivers/STM32F4xx_HAL_Driver/Src/stm32f4xx_hal_cortex.o
                0x0000000008001a72                HAL_NVIC_EnableIRQ
 .text.HAL_SYSTICK_Config
                0x0000000008001a8e       0x18 ./Drivers/STM32F4xx_HAL_Driver/Src/stm32f4xx_hal_cortex.o
                0x0000000008001a8e                HAL_SYSTICK_Config
 *fill*         0x0000000008001aa6        0x2 
 .text.HAL_GPIO_Init
                0x0000000008001aa8      0x338 ./Drivers/STM32F4xx_HAL_Driver/Src/stm32f4xx_hal_gpio.o
                0x0000000008001aa8                HAL_GPIO_Init
 .text.HAL_GPIO_DeInit
                0x0000000008001de0      0x1f8 ./Drivers/STM32F4xx_HAL_Driver/Src/stm32f4xx_hal_gpio.o
                0x0000000008001de0                HAL_GPIO_DeInit
 .text.HAL_GPIO_WritePin
                0x0000000008001fd8       0x32 ./Drivers/STM32F4xx_HAL_Driver/Src/stm32f4xx_hal_gpio.o
                0x0000000008001fd8                HAL_GPIO_WritePin
 *fill*         0x000000000800200a        0x2 
 .text.HAL_I2C_Init
                0x000000000800200c      0x288 ./Drivers/STM32F4xx_HAL_Driver/Src/stm32f4xx_hal_i2c.o
                0x000000000800200c                HAL_I2C_Init
 .text.HAL_I2S_Init
                0x0000000008002294      0x280 ./Drivers/STM32F4xx_HAL_Driver/Src/stm32f4xx_hal_i2s.o
                0x0000000008002294                HAL_I2S_Init
 .text.HAL_I2S_TxCpltCallback
                0x0000000008002514       0x14 ./Drivers/STM32F4xx_HAL_Driver/Src/stm32f4xx_hal_i2s.o
                0x0000000008002514                HAL_I2S_TxCpltCallback
 .text.HAL_I2S_RxCpltCallback
                0x0000000008002528       0x14 ./Drivers/STM32F4xx_HAL_Driver/Src/stm32f4xx_hal_i2s.o
                0x0000000008002528                HAL_I2S_RxCpltCallback
 .text.HAL_I2S_ErrorCallback
                0x000000000800253c       0x14 ./Drivers/STM32F4xx_HAL_Driver/Src/stm32f4xx_hal_i2s.o
                0x000000000800253c                HAL_I2S_ErrorCallback
 .text.I2S_Transmit_IT
                0x0000000008002550       0x5c ./Drivers/STM32F4xx_HAL_Driver/Src/stm32f4xx_hal_i2s.o
 .text.I2S_Receive_IT
                0x00000000080025ac       0x5e ./Drivers/STM32F4xx_HAL_Driver/Src/stm32f4xx_hal_i2s.o
 .text.I2S_IRQHandler
                0x000000000800260a      0x114 ./Drivers/STM32F4xx_HAL_Driver/Src/stm32f4xx_hal_i2s.o
 *fill*         0x000000000800271e        0x2 
 .text.HAL_I2SEx_FullDuplex_IRQHandler
                0x0000000008002720      0x2a8 ./Drivers/STM32F4xx_HAL_Driver/Src/stm32f4xx_hal_i2s_ex.o
                0x0000000008002720                HAL_I2SEx_FullDuplex_IRQHandler
 .text.HAL_I2SEx_TxRxCpltCallback
                0x00000000080029c8       0x14 ./Drivers/STM32F4xx_HAL_Driver/Src/stm32f4xx_hal_i2s_ex.o
                0x00000000080029c8                HAL_I2SEx_TxRxCpltCallback
 .text.I2SEx_TxISR_I2S
                0x00000000080029dc       0x62 ./Drivers/STM32F4xx_HAL_Driver/Src/stm32f4xx_hal_i2s_ex.o
 *fill*         0x0000000008002a3e        0x2 
 .text.I2SEx_TxISR_I2SExt
                0x0000000008002a40       0x98 ./Drivers/STM32F4xx_HAL_Driver/Src/stm32f4xx_hal_i2s_ex.o
 .text.I2SEx_RxISR_I2S
                0x0000000008002ad8       0x64 ./Drivers/STM32F4xx_HAL_Driver/Src/stm32f4xx_hal_i2s_ex.o
 .text.I2SEx_RxISR_I2SExt
                0x0000000008002b3c       0x98 ./Drivers/STM32F4xx_HAL_Driver/Src/stm32f4xx_hal_i2s_ex.o
 .text.HAL_PCD_Init
                0x0000000008002bd4      0x23a ./Drivers/STM32F4xx_HAL_Driver/Src/stm32f4xx_hal_pcd.o
                0x0000000008002bd4                HAL_PCD_Init
 .text.HAL_PCD_Start
                0x0000000008002e0e       0x66 ./Drivers/STM32F4xx_HAL_Driver/Src/stm32f4xx_hal_pcd.o
                0x0000000008002e0e                HAL_PCD_Start
 .text.HAL_PCD_IRQHandler
                0x0000000008002e74      0x93e ./Drivers/STM32F4xx_HAL_Driver/Src/stm32f4xx_hal_pcd.o
                0x0000000008002e74                HAL_PCD_IRQHandler
 .text.HAL_PCD_SetAddress
                0x00000000080037b2       0x4a ./Drivers/STM32F4xx_HAL_Driver/Src/stm32f4xx_hal_pcd.o
                0x00000000080037b2                HAL_PCD_SetAddress
 .text.HAL_PCD_EP_Open
                0x00000000080037fc       0xd0 ./Drivers/STM32F4xx_HAL_Driver/Src/stm32f4xx_hal_pcd.o
                0x00000000080037fc                HAL_PCD_EP_Open
 .text.HAL_PCD_EP_Close
                0x00000000080038cc       0x94 ./Drivers/STM32F4xx_HAL_Driver/Src/stm32f4xx_hal_pcd.o
                0x00000000080038cc                HAL_PCD_EP_Close
 .text.HAL_PCD_EP_Receive
                0x0000000008003960       0x96 ./Drivers/STM32F4xx_HAL_Driver/Src/stm32f4xx_hal_pcd.o
                0x0000000008003960                HAL_PCD_EP_Receive
 .text.HAL_PCD_EP_GetRxCount
                0x00000000080039f6       0x30 ./Drivers/STM32F4xx_HAL_Driver/Src/stm32f4xx_hal_pcd.o
                0x00000000080039f6                HAL_PCD_EP_GetRxCount
 .text.HAL_PCD_EP_Transmit
                0x0000000008003a26       0x94 ./Drivers/STM32F4xx_HAL_Driver/Src/stm32f4xx_hal_pcd.o
                0x0000000008003a26                HAL_PCD_EP_Transmit
 .text.HAL_PCD_EP_SetStall
                0x0000000008003aba       0xc8 ./Drivers/STM32F4xx_HAL_Driver/Src/stm32f4xx_hal_pcd.o
                0x0000000008003aba                HAL_PCD_EP_SetStall
 .text.HAL_PCD_EP_ClrStall
                0x0000000008003b82       0xac ./Drivers/STM32F4xx_HAL_Driver/Src/stm32f4xx_hal_pcd.o
                0x0000000008003b82                HAL_PCD_EP_ClrStall
 .text.HAL_PCD_EP_Abort
                0x0000000008003c2e       0x62 ./Drivers/STM32F4xx_HAL_Driver/Src/stm32f4xx_hal_pcd.o
                0x0000000008003c2e                HAL_PCD_EP_Abort
 .text.PCD_WriteEmptyTxFifo
                0x0000000008003c90      0x11a ./Drivers/STM32F4xx_HAL_Driver/Src/stm32f4xx_hal_pcd.o
 *fill*         0x0000000008003daa        0x2 
 .text.PCD_EP_OutXfrComplete_int
                0x0000000008003dac      0x1d0 ./Drivers/STM32F4xx_HAL_Driver/Src/stm32f4xx_hal_pcd.o
 .text.PCD_EP_OutSetupPacket_int
                0x0000000008003f7c       0x8c ./Drivers/STM32F4xx_HAL_Driver/Src/stm32f4xx_hal_pcd.o
 .text.HAL_PCDEx_SetTxFiFo
                0x0000000008004008       0x8e ./Drivers/STM32F4xx_HAL_Driver/Src/stm32f4xx_hal_pcd_ex.o
                0x0000000008004008                HAL_PCDEx_SetTxFiFo
 .text.HAL_PCDEx_SetRxFiFo
                0x0000000008004096       0x22 ./Drivers/STM32F4xx_HAL_Driver/Src/stm32f4xx_hal_pcd_ex.o
                0x0000000008004096                HAL_PCDEx_SetRxFiFo
 .text.HAL_PCDEx_LPM_Callback
                0x00000000080040b8       0x18 ./Drivers/STM32F4xx_HAL_Driver/Src/stm32f4xx_hal_pcd_ex.o
                0x00000000080040b8                HAL_PCDEx_LPM_Callback
 .text.HAL_RCC_OscConfig
                0x00000000080040d0      0x4f0 ./Drivers/STM32F4xx_HAL_Driver/Src/stm32f4xx_hal_rcc.o
                0x00000000080040d0                HAL_RCC_OscConfig
 .text.HAL_RCC_ClockConfig
                0x00000000080045c0      0x1cc ./Drivers/STM32F4xx_HAL_Driver/Src/stm32f4xx_hal_rcc.o
                0x00000000080045c0                HAL_RCC_ClockConfig
 .text.HAL_RCC_GetSysClockFreq
                0x000000000800478c      0x20c ./Drivers/STM32F4xx_HAL_Driver/Src/stm32f4xx_hal_rcc.o
                0x000000000800478c                HAL_RCC_GetSysClockFreq
 .text.HAL_RCC_GetHCLKFreq
                0x0000000008004998       0x18 ./Drivers/STM32F4xx_HAL_Driver/Src/stm32f4xx_hal_rcc.o
                0x0000000008004998                HAL_RCC_GetHCLKFreq
 .text.HAL_RCC_GetPCLK1Freq
                0x00000000080049b0       0x28 ./Drivers/STM32F4xx_HAL_Driver/Src/stm32f4xx_hal_rcc.o
                0x00000000080049b0                HAL_RCC_GetPCLK1Freq
 .text.HAL_RCCEx_PeriphCLKConfig
                0x00000000080049d8      0x1c4 ./Drivers/STM32F4xx_HAL_Driver/Src/stm32f4xx_hal_rcc_ex.o
                0x00000000080049d8                HAL_RCCEx_PeriphCLKConfig
 .text.HAL_RCCEx_GetPeriphCLKFreq
                0x0000000008004b9c       0xbc ./Drivers/STM32F4xx_HAL_Driver/Src/stm32f4xx_hal_rcc_ex.o
                0x0000000008004b9c                HAL_RCCEx_GetPeriphCLKFreq
 .text.HAL_SPI_Init
                0x0000000008004c58      0x112 ./Drivers/STM32F4xx_HAL_Driver/Src/stm32f4xx_hal_spi.o
                0x0000000008004c58                HAL_SPI_Init
 .text.HAL_SPI_DeInit
                0x0000000008004d6a       0x50 ./Drivers/STM32F4xx_HAL_Driver/Src/stm32f4xx_hal_spi.o
                0x0000000008004d6a                HAL_SPI_DeInit
 .text.HAL_SPI_TransmitReceive
                0x0000000008004dba      0x344 ./Drivers/STM32F4xx_HAL_Driver/Src/stm32f4xx_hal_spi.o
                0x0000000008004dba                HAL_SPI_TransmitReceive
 .text.HAL_SPI_GetState
                0x00000000080050fe       0x1c ./Drivers/STM32F4xx_HAL_Driver/Src/stm32f4xx_hal_spi.o
                0x00000000080050fe                HAL_SPI_GetState
 *fill*         0x000000000800511a        0x2 
 .text.SPI_WaitFlagStateUntilTimeout
                0x000000000800511c      0x110 ./Drivers/STM32F4xx_HAL_Driver/Src/stm32f4xx_hal_spi.o
 .text.SPI_EndRxTxTransaction
                0x000000000800522c       0x84 ./Drivers/STM32F4xx_HAL_Driver/Src/stm32f4xx_hal_spi.o
 .text.USB_CoreInit
                0x00000000080052b0       0xc2 ./Drivers/STM32F4xx_HAL_Driver/Src/stm32f4xx_ll_usb.o
                0x00000000080052b0                USB_CoreInit
 *fill*         0x0000000008005372        0x2 
 .text.USB_SetTurnaroundTime
                0x0000000008005374      0x144 ./Drivers/STM32F4xx_HAL_Driver/Src/stm32f4xx_ll_usb.o
                0x0000000008005374                USB_SetTurnaroundTime
 .text.USB_EnableGlobalInt
                0x00000000080054b8       0x22 ./Drivers/STM32F4xx_HAL_Driver/Src/stm32f4xx_ll_usb.o
                0x00000000080054b8                USB_EnableGlobalInt
 .text.USB_DisableGlobalInt
                0x00000000080054da       0x22 ./Drivers/STM32F4xx_HAL_Driver/Src/stm32f4xx_ll_usb.o
                0x00000000080054da                USB_DisableGlobalInt
 .text.USB_SetCurrentMode
                0x00000000080054fc       0x98 ./Drivers/STM32F4xx_HAL_Driver/Src/stm32f4xx_ll_usb.o
                0x00000000080054fc                USB_SetCurrentMode
 .text.USB_DevInit
                0x0000000008005594      0x2c8 ./Drivers/STM32F4xx_HAL_Driver/Src/stm32f4xx_ll_usb.o
                0x0000000008005594                USB_DevInit
 .text.USB_FlushTxFifo
                0x000000000800585c       0x68 ./Drivers/STM32F4xx_HAL_Driver/Src/stm32f4xx_ll_usb.o
                0x000000000800585c                USB_FlushTxFifo
 .text.USB_FlushRxFifo
                0x00000000080058c4       0x60 ./Drivers/STM32F4xx_HAL_Driver/Src/stm32f4xx_ll_usb.o
                0x00000000080058c4                USB_FlushRxFifo
 .text.USB_SetDevSpeed
                0x0000000008005924       0x32 ./Drivers/STM32F4xx_HAL_Driver/Src/stm32f4xx_ll_usb.o
                0x0000000008005924                USB_SetDevSpeed
 .text.USB_GetDevSpeed
                0x0000000008005956       0x4a ./Drivers/STM32F4xx_HAL_Driver/Src/stm32f4xx_ll_usb.o
                0x0000000008005956                USB_GetDevSpeed
 .text.USB_ActivateEndpoint
                0x00000000080059a0      0x10e ./Drivers/STM32F4xx_HAL_Driver/Src/stm32f4xx_ll_usb.o
                0x00000000080059a0                USB_ActivateEndpoint
 *fill*         0x0000000008005aae        0x2 
 .text.USB_DeactivateEndpoint
                0x0000000008005ab0      0x1b8 ./Drivers/STM32F4xx_HAL_Driver/Src/stm32f4xx_ll_usb.o
                0x0000000008005ab0                USB_DeactivateEndpoint
 .text.USB_EPStartXfer
                0x0000000008005c68      0x490 ./Drivers/STM32F4xx_HAL_Driver/Src/stm32f4xx_ll_usb.o
                0x0000000008005c68                USB_EPStartXfer
 .text.USB_EP0StartXfer
                0x00000000080060f8      0x2b0 ./Drivers/STM32F4xx_HAL_Driver/Src/stm32f4xx_ll_usb.o
                0x00000000080060f8                USB_EP0StartXfer
 .text.USB_EPStopXfer
                0x00000000080063a8      0x154 ./Drivers/STM32F4xx_HAL_Driver/Src/stm32f4xx_ll_usb.o
                0x00000000080063a8                USB_EPStopXfer
 .text.USB_WritePacket
                0x00000000080064fc       0x7c ./Drivers/STM32F4xx_HAL_Driver/Src/stm32f4xx_ll_usb.o
                0x00000000080064fc                USB_WritePacket
 .text.USB_ReadPacket
                0x0000000008006578       0xb0 ./Drivers/STM32F4xx_HAL_Driver/Src/stm32f4xx_ll_usb.o
                0x0000000008006578                USB_ReadPacket
 .text.USB_EPSetStall
                0x0000000008006628       0xdc ./Drivers/STM32F4xx_HAL_Driver/Src/stm32f4xx_ll_usb.o
                0x0000000008006628                USB_EPSetStall
 .text.USB_EPClearStall
                0x0000000008006704       0xcc ./Drivers/STM32F4xx_HAL_Driver/Src/stm32f4xx_ll_usb.o
                0x0000000008006704                USB_EPClearStall
 .text.USB_SetDevAddress
                0x00000000080067d0       0x4c ./Drivers/STM32F4xx_HAL_Driver/Src/stm32f4xx_ll_usb.o
                0x00000000080067d0                USB_SetDevAddress
 .text.USB_DevConnect
                0x000000000800681c       0x42 ./Drivers/STM32F4xx_HAL_Driver/Src/stm32f4xx_ll_usb.o
                0x000000000800681c                USB_DevConnect
 .text.USB_DevDisconnect
                0x000000000800685e       0x42 ./Drivers/STM32F4xx_HAL_Driver/Src/stm32f4xx_ll_usb.o
                0x000000000800685e                USB_DevDisconnect
 .text.USB_ReadInterrupts
                0x00000000080068a0       0x26 ./Drivers/STM32F4xx_HAL_Driver/Src/stm32f4xx_ll_usb.o
                0x00000000080068a0                USB_ReadInterrupts
 .text.USB_ReadDevAllOutEpInterrupt
                0x00000000080068c6       0x34 ./Drivers/STM32F4xx_HAL_Driver/Src/stm32f4xx_ll_usb.o
                0x00000000080068c6                USB_ReadDevAllOutEpInterrupt
 .text.USB_ReadDevAllInEpInterrupt
                0x00000000080068fa       0x34 ./Drivers/STM32F4xx_HAL_Driver/Src/stm32f4xx_ll_usb.o
                0x00000000080068fa                USB_ReadDevAllInEpInterrupt
 .text.USB_ReadDevOutEPInterrupt
                0x000000000800692e       0x3c ./Drivers/STM32F4xx_HAL_Driver/Src/stm32f4xx_ll_usb.o
                0x000000000800692e                USB_ReadDevOutEPInterrupt
 .text.USB_ReadDevInEPInterrupt
                0x000000000800696a       0x5c ./Drivers/STM32F4xx_HAL_Driver/Src/stm32f4xx_ll_usb.o
                0x000000000800696a                USB_ReadDevInEPInterrupt
 .text.USB_GetMode
                0x00000000080069c6       0x1c ./Drivers/STM32F4xx_HAL_Driver/Src/stm32f4xx_ll_usb.o
                0x00000000080069c6                USB_GetMode
 .text.USB_ActivateSetup
                0x00000000080069e2       0x46 ./Drivers/STM32F4xx_HAL_Driver/Src/stm32f4xx_ll_usb.o
                0x00000000080069e2                USB_ActivateSetup
 .text.USB_EP0_OutStart
                0x0000000008006a28       0xbc ./Drivers/STM32F4xx_HAL_Driver/Src/stm32f4xx_ll_usb.o
                0x0000000008006a28                USB_EP0_OutStart
 .text.USB_CoreReset
                0x0000000008006ae4       0x68 ./Drivers/STM32F4xx_HAL_Driver/Src/stm32f4xx_ll_usb.o
 .text.USBD_CDC_Init
                0x0000000008006b4c      0x1f0 ./Middlewares/ST/STM32_USB_Device_Library/Class/CDC/Src/usbd_cdc.o
 .text.USBD_CDC_DeInit
                0x0000000008006d3c      0x104 ./Middlewares/ST/STM32_USB_Device_Library/Class/CDC/Src/usbd_cdc.o
 .text.USBD_CDC_Setup
                0x0000000008006e40      0x1b8 ./Middlewares/ST/STM32_USB_Device_Library/Class/CDC/Src/usbd_cdc.o
 .text.USBD_CDC_DataIn
                0x0000000008006ff8       0xfe ./Middlewares/ST/STM32_USB_Device_Library/Class/CDC/Src/usbd_cdc.o
 .text.USBD_CDC_DataOut
                0x00000000080070f6       0x70 ./Middlewares/ST/STM32_USB_Device_Library/Class/CDC/Src/usbd_cdc.o
 .text.USBD_CDC_EP0_RxReady
                0x0000000008007166       0x76 ./Middlewares/ST/STM32_USB_Device_Library/Class/CDC/Src/usbd_cdc.o
 .text.USBD_CDC_GetFSCfgDesc
                0x00000000080071dc       0x70 ./Middlewares/ST/STM32_USB_Device_Library/Class/CDC/Src/usbd_cdc.o
 .text.USBD_CDC_GetHSCfgDesc
                0x000000000800724c       0x70 ./Middlewares/ST/STM32_USB_Device_Library/Class/CDC/Src/usbd_cdc.o
 .text.USBD_CDC_GetOtherSpeedCfgDesc
                0x00000000080072bc       0x70 ./Middlewares/ST/STM32_USB_Device_Library/Class/CDC/Src/usbd_cdc.o
 .text.USBD_CDC_GetDeviceQualifierDescriptor
                0x000000000800732c       0x20 ./Middlewares/ST/STM32_USB_Device_Library/Class/CDC/Src/usbd_cdc.o
                0x000000000800732c                USBD_CDC_GetDeviceQualifierDescriptor
 .text.USBD_CDC_RegisterInterface
                0x000000000800734c       0x34 ./Middlewares/ST/STM32_USB_Device_Library/Class/CDC/Src/usbd_cdc.o
                0x000000000800734c                USBD_CDC_RegisterInterface
 .text.USBD_CDC_SetTxBuffer
                0x0000000008007380       0x44 ./Middlewares/ST/STM32_USB_Device_Library/Class/CDC/Src/usbd_cdc.o
                0x0000000008007380                USBD_CDC_SetTxBuffer
 .text.USBD_CDC_SetRxBuffer
                0x00000000080073c4       0x3a ./Middlewares/ST/STM32_USB_Device_Library/Class/CDC/Src/usbd_cdc.o
                0x00000000080073c4                USBD_CDC_SetRxBuffer
 *fill*         0x00000000080073fe        0x2 
 .text.USBD_CDC_ReceivePacket
                0x0000000008007400       0x6c ./Middlewares/ST/STM32_USB_Device_Library/Class/CDC/Src/usbd_cdc.o
                0x0000000008007400                USBD_CDC_ReceivePacket
 .text.USBD_Init
                0x000000000800746c       0x60 ./Middlewares/ST/STM32_USB_Device_Library/Core/Src/usbd_core.o
                0x000000000800746c                USBD_Init
 .text.USBD_RegisterClass
                0x00000000080074cc       0x6c ./Middlewares/ST/STM32_USB_Device_Library/Core/Src/usbd_core.o
                0x00000000080074cc                USBD_RegisterClass
 .text.USBD_Start
                0x0000000008007538       0x18 ./Middlewares/ST/STM32_USB_Device_Library/Core/Src/usbd_core.o
                0x0000000008007538                USBD_Start
 .text.USBD_RunTestMode
                0x0000000008007550       0x16 ./Middlewares/ST/STM32_USB_Device_Library/Core/Src/usbd_core.o
                0x0000000008007550                USBD_RunTestMode
 .text.USBD_SetClassConfig
                0x0000000008007566       0x38 ./Middlewares/ST/STM32_USB_Device_Library/Core/Src/usbd_core.o
                0x0000000008007566                USBD_SetClassConfig
 .text.USBD_ClrClassConfig
                0x000000000800759e       0x34 ./Middlewares/ST/STM32_USB_Device_Library/Core/Src/usbd_core.o
                0x000000000800759e                USBD_ClrClassConfig
 .text.USBD_LL_SetupStage
                0x00000000080075d2       0xaa ./Middlewares/ST/STM32_USB_Device_Library/Core/Src/usbd_core.o
                0x00000000080075d2                USBD_LL_SetupStage
 .text.USBD_LL_DataOutStage
                0x000000000800767c      0x166 ./Middlewares/ST/STM32_USB_Device_Library/Core/Src/usbd_core.o
                0x000000000800767c                USBD_LL_DataOutStage
 .text.USBD_LL_DataInStage
                0x00000000080077e2      0x164 ./Middlewares/ST/STM32_USB_Device_Library/Core/Src/usbd_core.o
                0x00000000080077e2                USBD_LL_DataInStage
 .text.USBD_LL_Reset
                0x0000000008007946       0xa4 ./Middlewares/ST/STM32_USB_Device_Library/Core/Src/usbd_core.o
                0x0000000008007946                USBD_LL_Reset
 .text.USBD_LL_SetSpeed
                0x00000000080079ea       0x20 ./Middlewares/ST/STM32_USB_Device_Library/Core/Src/usbd_core.o
                0x00000000080079ea                USBD_LL_SetSpeed
 .text.USBD_LL_Suspend
                0x0000000008007a0a       0x2c ./Middlewares/ST/STM32_USB_Device_Library/Core/Src/usbd_core.o
                0x0000000008007a0a                USBD_LL_Suspend
 .text.USBD_LL_Resume
                0x0000000008007a36       0x30 ./Middlewares/ST/STM32_USB_Device_Library/Core/Src/usbd_core.o
                0x0000000008007a36                USBD_LL_Resume
 .text.USBD_LL_SOF
                0x0000000008007a66       0x40 ./Middlewares/ST/STM32_USB_Device_Library/Core/Src/usbd_core.o
                0x0000000008007a66                USBD_LL_SOF
 .text.USBD_LL_IsoINIncomplete
                0x0000000008007aa6       0x64 ./Middlewares/ST/STM32_USB_Device_Library/Core/Src/usbd_core.o
                0x0000000008007aa6                USBD_LL_IsoINIncomplete
 .text.USBD_LL_IsoOUTIncomplete
                0x0000000008007b0a       0x64 ./Middlewares/ST/STM32_USB_Device_Library/Core/Src/usbd_core.o
                0x0000000008007b0a                USBD_LL_IsoOUTIncomplete
 .text.USBD_LL_DevConnected
                0x0000000008007b6e       0x16 ./Middlewares/ST/STM32_USB_Device_Library/Core/Src/usbd_core.o
                0x0000000008007b6e                USBD_LL_DevConnected
 .text.USBD_LL_DevDisconnected
                0x0000000008007b84       0x46 ./Middlewares/ST/STM32_USB_Device_Library/Core/Src/usbd_core.o
                0x0000000008007b84                USBD_LL_DevDisconnected
 .text.USBD_CoreFindIF
                0x0000000008007bca       0x1a ./Middlewares/ST/STM32_USB_Device_Library/Core/Src/usbd_core.o
                0x0000000008007bca                USBD_CoreFindIF
 .text.USBD_CoreFindEP
                0x0000000008007be4       0x1a ./Middlewares/ST/STM32_USB_Device_Library/Core/Src/usbd_core.o
                0x0000000008007be4                USBD_CoreFindEP
 .text.USBD_GetEpDesc
                0x0000000008007bfe       0x74 ./Middlewares/ST/STM32_USB_Device_Library/Core/Src/usbd_core.o
                0x0000000008007bfe                USBD_GetEpDesc
 .text.USBD_GetNextDesc
                0x0000000008007c72       0x3a ./Middlewares/ST/STM32_USB_Device_Library/Core/Src/usbd_core.o
                0x0000000008007c72                USBD_GetNextDesc
 .text.SWAPBYTE
                0x0000000008007cac       0x3c ./Middlewares/ST/STM32_USB_Device_Library/Core/Src/usbd_ctlreq.o
 .text.USBD_StdDevReq
                0x0000000008007ce8       0xe4 ./Middlewares/ST/STM32_USB_Device_Library/Core/Src/usbd_ctlreq.o
                0x0000000008007ce8                USBD_StdDevReq
 .text.USBD_StdItfReq
                0x0000000008007dcc       0xd8 ./Middlewares/ST/STM32_USB_Device_Library/Core/Src/usbd_ctlreq.o
                0x0000000008007dcc                USBD_StdItfReq
 .text.USBD_StdEPReq
                0x0000000008007ea4      0x33a ./Middlewares/ST/STM32_USB_Device_Library/Core/Src/usbd_ctlreq.o
                0x0000000008007ea4                USBD_StdEPReq
 *fill*         0x00000000080081de        0x2 
 .text.USBD_GetDescriptor
                0x00000000080081e0      0x2d4 ./Middlewares/ST/STM32_USB_Device_Library/Core/Src/usbd_ctlreq.o
 .text.USBD_SetAddress
                0x00000000080084b4       0x88 ./Middlewares/ST/STM32_USB_Device_Library/Core/Src/usbd_ctlreq.o
 .text.USBD_SetConfig
                0x000000000800853c      0x154 ./Middlewares/ST/STM32_USB_Device_Library/Core/Src/usbd_ctlreq.o
 .text.USBD_GetConfig
                0x0000000008008690       0x6c ./Middlewares/ST/STM32_USB_Device_Library/Core/Src/usbd_ctlreq.o
 .text.USBD_GetStatus
                0x00000000080086fc       0x68 ./Middlewares/ST/STM32_USB_Device_Library/Core/Src/usbd_ctlreq.o
 .text.USBD_SetFeature
                0x0000000008008764       0x52 ./Middlewares/ST/STM32_USB_Device_Library/Core/Src/usbd_ctlreq.o
 .text.USBD_ClrFeature
                0x00000000080087b6       0x44 ./Middlewares/ST/STM32_USB_Device_Library/Core/Src/usbd_ctlreq.o
 .text.USBD_ParseSetupRequest
                0x00000000080087fa       0x74 ./Middlewares/ST/STM32_USB_Device_Library/Core/Src/usbd_ctlreq.o
                0x00000000080087fa                USBD_ParseSetupRequest
 .text.USBD_CtlError
                0x000000000800886e       0x22 ./Middlewares/ST/STM32_USB_Device_Library/Core/Src/usbd_ctlreq.o
                0x000000000800886e                USBD_CtlError
 .text.USBD_GetString
                0x0000000008008890       0x8c ./Middlewares/ST/STM32_USB_Device_Library/Core/Src/usbd_ctlreq.o
                0x0000000008008890                USBD_GetString
 .text.USBD_GetLen
                0x000000000800891c       0x34 ./Middlewares/ST/STM32_USB_Device_Library/Core/Src/usbd_ctlreq.o
 .text.USBD_CtlSendData
                0x0000000008008950       0x36 ./Middlewares/ST/STM32_USB_Device_Library/Core/Src/usbd_ioreq.o
                0x0000000008008950                USBD_CtlSendData
 .text.USBD_CtlContinueSendData
                0x0000000008008986       0x22 ./Middlewares/ST/STM32_USB_Device_Library/Core/Src/usbd_ioreq.o
                0x0000000008008986                USBD_CtlContinueSendData
 .text.USBD_CtlPrepareRx
                0x00000000080089a8       0x3a ./Middlewares/ST/STM32_USB_Device_Library/Core/Src/usbd_ioreq.o
                0x00000000080089a8                USBD_CtlPrepareRx
 .text.USBD_CtlContinueRx
                0x00000000080089e2       0x22 ./Middlewares/ST/STM32_USB_Device_Library/Core/Src/usbd_ioreq.o
                0x00000000080089e2                USBD_CtlContinueRx
 .text.USBD_CtlSendStatus
                0x0000000008008a04       0x26 ./Middlewares/ST/STM32_USB_Device_Library/Core/Src/usbd_ioreq.o
                0x0000000008008a04                USBD_CtlSendStatus
 .text.USBD_CtlReceiveStatus
                0x0000000008008a2a       0x26 ./Middlewares/ST/STM32_USB_Device_Library/Core/Src/usbd_ioreq.o
                0x0000000008008a2a                USBD_CtlReceiveStatus
 .text.MX_USB_DEVICE_Init
                0x0000000008008a50       0x60 ./USB_DEVICE/App/usb_device.o
                0x0000000008008a50                MX_USB_DEVICE_Init
 .text.CDC_Init_FS
                0x0000000008008ab0       0x28 ./USB_DEVICE/App/usbd_cdc_if.o
 .text.CDC_DeInit_FS
                0x0000000008008ad8       0x10 ./USB_DEVICE/App/usbd_cdc_if.o
 .text.CDC_Control_FS
                0x0000000008008ae8       0xbc ./USB_DEVICE/App/usbd_cdc_if.o
 .text.CDC_Receive_FS
                0x0000000008008ba4       0x28 ./USB_DEVICE/App/usbd_cdc_if.o
 .text.CDC_TransmitCplt_FS
                0x0000000008008bcc       0x22 ./USB_DEVICE/App/usbd_cdc_if.o
 *fill*         0x0000000008008bee        0x2 
 .text.USBD_FS_DeviceDescriptor
                0x0000000008008bf0       0x24 ./USB_DEVICE/App/usbd_desc.o
                0x0000000008008bf0                USBD_FS_DeviceDescriptor
 .text.USBD_FS_LangIDStrDescriptor
                0x0000000008008c14       0x24 ./USB_DEVICE/App/usbd_desc.o
                0x0000000008008c14                USBD_FS_LangIDStrDescriptor
 .text.USBD_FS_ProductStrDescriptor
                0x0000000008008c38       0x3c ./USB_DEVICE/App/usbd_desc.o
                0x0000000008008c38                USBD_FS_ProductStrDescriptor
 .text.USBD_FS_ManufacturerStrDescriptor
                0x0000000008008c74       0x28 ./USB_DEVICE/App/usbd_desc.o
                0x0000000008008c74                USBD_FS_ManufacturerStrDescriptor
 .text.USBD_FS_SerialStrDescriptor
                0x0000000008008c9c       0x24 ./USB_DEVICE/App/usbd_desc.o
                0x0000000008008c9c                USBD_FS_SerialStrDescriptor
 .text.USBD_FS_ConfigStrDescriptor
                0x0000000008008cc0       0x3c ./USB_DEVICE/App/usbd_desc.o
                0x0000000008008cc0                USBD_FS_ConfigStrDescriptor
 .text.USBD_FS_InterfaceStrDescriptor
                0x0000000008008cfc       0x3c ./USB_DEVICE/App/usbd_desc.o
                0x0000000008008cfc                USBD_FS_InterfaceStrDescriptor
 .text.Get_SerialNum
                0x0000000008008d38       0x58 ./USB_DEVICE/App/usbd_desc.o
 .text.IntToUnicode
                0x0000000008008d90       0x7e ./USB_DEVICE/App/usbd_desc.o
 *fill*         0x0000000008008e0e        0x2 
 .text.HAL_PCD_MspInit
                0x0000000008008e10       0xc4 ./USB_DEVICE/Target/usbd_conf.o
                0x0000000008008e10                HAL_PCD_MspInit
 .text.HAL_PCD_SetupStageCallback
                0x0000000008008ed4       0x24 ./USB_DEVICE/Target/usbd_conf.o
                0x0000000008008ed4                HAL_PCD_SetupStageCallback
 .text.HAL_PCD_DataOutStageCallback
                0x0000000008008ef8       0x36 ./USB_DEVICE/Target/usbd_conf.o
                0x0000000008008ef8                HAL_PCD_DataOutStageCallback
 .text.HAL_PCD_DataInStageCallback
                0x0000000008008f2e       0x34 ./USB_DEVICE/Target/usbd_conf.o
                0x0000000008008f2e                HAL_PCD_DataInStageCallback
 .text.HAL_PCD_SOFCallback
                0x0000000008008f62       0x1c ./USB_DEVICE/Target/usbd_conf.o
                0x0000000008008f62                HAL_PCD_SOFCallback
 .text.HAL_PCD_ResetCallback
                0x0000000008008f7e       0x50 ./USB_DEVICE/Target/usbd_conf.o
                0x0000000008008f7e                HAL_PCD_ResetCallback
 *fill*         0x0000000008008fce        0x2 
 .text.HAL_PCD_SuspendCallback
                0x0000000008008fd0       0x4c ./USB_DEVICE/Target/usbd_conf.o
                0x0000000008008fd0                HAL_PCD_SuspendCallback
 .text.HAL_PCD_ResumeCallback
                0x000000000800901c       0x1c ./USB_DEVICE/Target/usbd_conf.o
                0x000000000800901c                HAL_PCD_ResumeCallback
 .text.HAL_PCD_ISOOUTIncompleteCallback
                0x0000000008009038       0x24 ./USB_DEVICE/Target/usbd_conf.o
                0x0000000008009038                HAL_PCD_ISOOUTIncompleteCallback
 .text.HAL_PCD_ISOINIncompleteCallback
                0x000000000800905c       0x24 ./USB_DEVICE/Target/usbd_conf.o
                0x000000000800905c                HAL_PCD_ISOINIncompleteCallback
 .text.HAL_PCD_ConnectCallback
                0x0000000008009080       0x1c ./USB_DEVICE/Target/usbd_conf.o
                0x0000000008009080                HAL_PCD_ConnectCallback
 .text.HAL_PCD_DisconnectCallback
                0x000000000800909c       0x1c ./USB_DEVICE/Target/usbd_conf.o
                0x000000000800909c                HAL_PCD_DisconnectCallback
 .text.USBD_LL_Init
                0x00000000080090b8       0x98 ./USB_DEVICE/Target/usbd_conf.o
                0x00000000080090b8                USBD_LL_Init
 .text.USBD_LL_Start
                0x0000000008009150       0x36 ./USB_DEVICE/Target/usbd_conf.o
                0x0000000008009150                USBD_LL_Start
 .text.USBD_LL_OpenEP
                0x0000000008009186       0x4c ./USB_DEVICE/Target/usbd_conf.o
                0x0000000008009186                USBD_LL_OpenEP
 .text.USBD_LL_CloseEP
                0x00000000080091d2       0x3e ./USB_DEVICE/Target/usbd_conf.o
                0x00000000080091d2                USBD_LL_CloseEP
 .text.USBD_LL_StallEP
                0x0000000008009210       0x3e ./USB_DEVICE/Target/usbd_conf.o
                0x0000000008009210                USBD_LL_StallEP
 .text.USBD_LL_ClearStallEP
                0x000000000800924e       0x3e ./USB_DEVICE/Target/usbd_conf.o
                0x000000000800924e                USBD_LL_ClearStallEP
 .text.USBD_LL_IsStallEP
                0x000000000800928c       0x58 ./USB_DEVICE/Target/usbd_conf.o
                0x000000000800928c                USBD_LL_IsStallEP
 .text.USBD_LL_SetUSBAddress
                0x00000000080092e4       0x3e ./USB_DEVICE/Target/usbd_conf.o
                0x00000000080092e4                USBD_LL_SetUSBAddress
 .text.USBD_LL_Transmit
                0x0000000008009322       0x42 ./USB_DEVICE/Target/usbd_conf.o
                0x0000000008009322                USBD_LL_Transmit
 .text.USBD_LL_PrepareReceive
                0x0000000008009364       0x42 ./USB_DEVICE/Target/usbd_conf.o
                0x0000000008009364                USBD_LL_PrepareReceive
 .text.USBD_LL_GetRxDataSize
                0x00000000080093a6       0x26 ./USB_DEVICE/Target/usbd_conf.o
                0x00000000080093a6                USBD_LL_GetRxDataSize
 .text.USBD_static_malloc
                0x00000000080093cc       0x1c ./USB_DEVICE/Target/usbd_conf.o
                0x00000000080093cc                USBD_static_malloc
 .text.USBD_static_free
                0x00000000080093e8       0x14 ./USB_DEVICE/Target/usbd_conf.o
                0x00000000080093e8                USBD_static_free
 .text.USBD_Get_USB_Status
                0x00000000080093fc       0x58 ./USB_DEVICE/Target/usbd_conf.o
                0x00000000080093fc                USBD_Get_USB_Status
 .text.__libc_init_array
                0x0000000008009454       0x48 c:/st/stm32cubeide_1.8.0/stm32cubeide/plugins/com.st.stm32cube.ide.mcu.externaltools.gnu-tools-for-stm32.10.3-2021.10.win32_1.0.0.202111181127/tools/bin/../lib/gcc/arm-none-eabi/10.3.1/../../../../arm-none-eabi/lib/thumb/v7e-m+fp/hard\libc_nano.a(lib_a-init.o)
                0x0000000008009454                __libc_init_array
 .text.memset   0x000000000800949c       0x10 c:/st/stm32cubeide_1.8.0/stm32cubeide/plugins/com.st.stm32cube.ide.mcu.externaltools.gnu-tools-for-stm32.10.3-2021.10.win32_1.0.0.202111181127/tools/bin/../lib/gcc/arm-none-eabi/10.3.1/../../../../arm-none-eabi/lib/thumb/v7e-m+fp/hard\libc_nano.a(lib_a-memset.o)
                0x000000000800949c                memset
 *(.glue_7)
 .glue_7        0x00000000080094ac        0x0 linker stubs
 *(.glue_7t)
 .glue_7t       0x00000000080094ac        0x0 linker stubs
 *(.eh_frame)
 .eh_frame      0x00000000080094ac        0x0 c:/st/stm32cubeide_1.8.0/stm32cubeide/plugins/com.st.stm32cube.ide.mcu.externaltools.gnu-tools-for-stm32.10.3-2021.10.win32_1.0.0.202111181127/tools/bin/../lib/gcc/arm-none-eabi/10.3.1/thumb/v7e-m+fp/hard/crtbegin.o
 *(.init)
 .init          0x00000000080094ac        0x4 c:/st/stm32cubeide_1.8.0/stm32cubeide/plugins/com.st.stm32cube.ide.mcu.externaltools.gnu-tools-for-stm32.10.3-2021.10.win32_1.0.0.202111181127/tools/bin/../lib/gcc/arm-none-eabi/10.3.1/thumb/v7e-m+fp/hard/crti.o
                0x00000000080094ac                _init
 .init          0x00000000080094b0        0x8 c:/st/stm32cubeide_1.8.0/stm32cubeide/plugins/com.st.stm32cube.ide.mcu.externaltools.gnu-tools-for-stm32.10.3-2021.10.win32_1.0.0.202111181127/tools/bin/../lib/gcc/arm-none-eabi/10.3.1/thumb/v7e-m+fp/hard/crtn.o
 *(.fini)
 .fini          0x00000000080094b8        0x4 c:/st/stm32cubeide_1.8.0/stm32cubeide/plugins/com.st.stm32cube.ide.mcu.externaltools.gnu-tools-for-stm32.10.3-2021.10.win32_1.0.0.202111181127/tools/bin/../lib/gcc/arm-none-eabi/10.3.1/thumb/v7e-m+fp/hard/crti.o
                0x00000000080094b8                _fini
 .fini          0x00000000080094bc        0x8 c:/st/stm32cubeide_1.8.0/stm32cubeide/plugins/com.st.stm32cube.ide.mcu.externaltools.gnu-tools-for-stm32.10.3-2021.10.win32_1.0.0.202111181127/tools/bin/../lib/gcc/arm-none-eabi/10.3.1/thumb/v7e-m+fp/hard/crtn.o
                0x00000000080094c4                . = ALIGN (0x4)
                0x00000000080094c4                _etext = .

.vfp11_veneer   0x00000000080094c4        0x0
 .vfp11_veneer  0x00000000080094c4        0x0 linker stubs

.v4_bx          0x00000000080094c4        0x0
 .v4_bx         0x00000000080094c4        0x0 linker stubs

.iplt           0x00000000080094c4        0x0
 .iplt          0x00000000080094c4        0x0 c:/st/stm32cubeide_1.8.0/stm32cubeide/plugins/com.st.stm32cube.ide.mcu.externaltools.gnu-tools-for-stm32.10.3-2021.10.win32_1.0.0.202111181127/tools/bin/../lib/gcc/arm-none-eabi/10.3.1/thumb/v7e-m+fp/hard/crtbegin.o

.rodata         0x00000000080094c4       0x60
                0x00000000080094c4                . = ALIGN (0x4)
 *(.rodata)
 .rodata        0x00000000080094c4       0x46 ./USB_DEVICE/App/usbd_desc.o
 *(.rodata*)
 *fill*         0x000000000800950a        0x2 
 .rodata.AHBPrescTable
                0x000000000800950c       0x10 ./Core/Src/system_stm32f4xx.o
                0x000000000800950c                AHBPrescTable
 .rodata.APBPrescTable
                0x000000000800951c        0x8 ./Core/Src/system_stm32f4xx.o
                0x000000000800951c                APBPrescTable
                0x0000000008009524                . = ALIGN (0x4)

.ARM.extab      0x0000000008009524        0x0
                0x0000000008009524                . = ALIGN (0x4)
 *(.ARM.extab* .gnu.linkonce.armextab.*)
                0x0000000008009524                . = ALIGN (0x4)

.ARM            0x0000000008009524        0x8
                0x0000000008009524                . = ALIGN (0x4)
                0x0000000008009524                __exidx_start = .
 *(.ARM.exidx*)
 .ARM.exidx     0x0000000008009524        0x8 c:/st/stm32cubeide_1.8.0/stm32cubeide/plugins/com.st.stm32cube.ide.mcu.externaltools.gnu-tools-for-stm32.10.3-2021.10.win32_1.0.0.202111181127/tools/bin/../lib/gcc/arm-none-eabi/10.3.1/thumb/v7e-m+fp/hard\libgcc.a(_udivmoddi4.o)
                0x000000000800952c                __exidx_end = .
                0x000000000800952c                . = ALIGN (0x4)

.rel.dyn        0x000000000800952c        0x0
 .rel.iplt      0x000000000800952c        0x0 c:/st/stm32cubeide_1.8.0/stm32cubeide/plugins/com.st.stm32cube.ide.mcu.externaltools.gnu-tools-for-stm32.10.3-2021.10.win32_1.0.0.202111181127/tools/bin/../lib/gcc/arm-none-eabi/10.3.1/thumb/v7e-m+fp/hard/crtbegin.o

.preinit_array  0x000000000800952c        0x0
                0x000000000800952c                . = ALIGN (0x4)
                0x000000000800952c                PROVIDE (__preinit_array_start = .)
 *(.preinit_array*)
                0x000000000800952c                PROVIDE (__preinit_array_end = .)
                0x000000000800952c                . = ALIGN (0x4)

.init_array     0x000000000800952c        0x4
                0x000000000800952c                . = ALIGN (0x4)
                0x000000000800952c                PROVIDE (__init_array_start = .)
 *(SORT_BY_NAME(.init_array.*))
 *(.init_array*)
 .init_array    0x000000000800952c        0x4 c:/st/stm32cubeide_1.8.0/stm32cubeide/plugins/com.st.stm32cube.ide.mcu.externaltools.gnu-tools-for-stm32.10.3-2021.10.win32_1.0.0.202111181127/tools/bin/../lib/gcc/arm-none-eabi/10.3.1/thumb/v7e-m+fp/hard/crtbegin.o
                0x0000000008009530                PROVIDE (__init_array_end = .)
                0x0000000008009530                . = ALIGN (0x4)

.fini_array     0x0000000008009530        0x4
                0x0000000008009530                . = ALIGN (0x4)
                [!provide]                        PROVIDE (__fini_array_start = .)
 *(SORT_BY_NAME(.fini_array.*))
 *(.fini_array*)
 .fini_array    0x0000000008009530        0x4 c:/st/stm32cubeide_1.8.0/stm32cubeide/plugins/com.st.stm32cube.ide.mcu.externaltools.gnu-tools-for-stm32.10.3-2021.10.win32_1.0.0.202111181127/tools/bin/../lib/gcc/arm-none-eabi/10.3.1/thumb/v7e-m+fp/hard/crtbegin.o
                [!provide]                        PROVIDE (__fini_array_end = .)
                0x0000000008009534                . = ALIGN (0x4)
                0x0000000008009534                _sidata = LOADADDR (.data)

.data           0x0000000020000000      0x168 load address 0x0000000008009534
                0x0000000020000000                . = ALIGN (0x4)
                0x0000000020000000                _sdata = .
 *(.data)
 *(.data*)
 .data.Lis302dlDrv
                0x0000000020000000       0x34 ./Core/Src/lis302dl.o
                0x0000000020000000                Lis302dlDrv
 .data.Lis3dshDrv
                0x0000000020000034       0x34 ./Core/Src/lis3dsh.o
                0x0000000020000034                Lis3dshDrv
 .data.SpixTimeout
                0x0000000020000068        0x4 ./Core/Src/stm32f4_discovery.o
                0x0000000020000068                SpixTimeout
 .data.SystemCoreClock
                0x000000002000006c        0x4 ./Core/Src/system_stm32f4xx.o
                0x000000002000006c                SystemCoreClock
 .data.uwTickPrio
                0x0000000020000070        0x4 ./Drivers/STM32F4xx_HAL_Driver/Src/stm32f4xx_hal.o
                0x0000000020000070                uwTickPrio
 .data.uwTickFreq
                0x0000000020000074        0x1 ./Drivers/STM32F4xx_HAL_Driver/Src/stm32f4xx_hal.o
                0x0000000020000074                uwTickFreq
 *fill*         0x0000000020000075        0x3 
 .data.USBD_CDC_DeviceQualifierDesc
                0x0000000020000078        0xa ./Middlewares/ST/STM32_USB_Device_Library/Class/CDC/Src/usbd_cdc.o
 *fill*         0x0000000020000082        0x2 
 .data.USBD_CDC
                0x0000000020000084       0x38 ./Middlewares/ST/STM32_USB_Device_Library/Class/CDC/Src/usbd_cdc.o
                0x0000000020000084                USBD_CDC
 .data.USBD_CDC_CfgDesc
                0x00000000200000bc       0x43 ./Middlewares/ST/STM32_USB_Device_Library/Class/CDC/Src/usbd_cdc.o
 .data.CDCInEpAdd
                0x00000000200000ff        0x1 ./Middlewares/ST/STM32_USB_Device_Library/Class/CDC/Src/usbd_cdc.o
 .data.CDCOutEpAdd
                0x0000000020000100        0x1 ./Middlewares/ST/STM32_USB_Device_Library/Class/CDC/Src/usbd_cdc.o
 .data.CDCCmdEpAdd
                0x0000000020000101        0x1 ./Middlewares/ST/STM32_USB_Device_Library/Class/CDC/Src/usbd_cdc.o
 *fill*         0x0000000020000102        0x2 
 .data.USBD_Interface_fops_FS
                0x0000000020000104       0x14 ./USB_DEVICE/App/usbd_cdc_if.o
                0x0000000020000104                USBD_Interface_fops_FS
 .data.FS_Desc  0x0000000020000118       0x1c ./USB_DEVICE/App/usbd_desc.o
                0x0000000020000118                FS_Desc
 .data.USBD_FS_DeviceDesc
                0x0000000020000134       0x12 ./USB_DEVICE/App/usbd_desc.o
                0x0000000020000134                USBD_FS_DeviceDesc
 *fill*         0x0000000020000146        0x2 
 .data.USBD_LangIDDesc
                0x0000000020000148        0x4 ./USB_DEVICE/App/usbd_desc.o
                0x0000000020000148                USBD_LangIDDesc
 .data.USBD_StringSerial
                0x000000002000014c       0x1a ./USB_DEVICE/App/usbd_desc.o
                0x000000002000014c                USBD_StringSerial
 *(.RamFunc)
 *(.RamFunc*)
                0x0000000020000168                . = ALIGN (0x4)
 *fill*         0x0000000020000166        0x2 
                0x0000000020000168                _edata = .
                0x000000000800969c                _siccmram = LOADADDR (.ccmram)

.igot.plt       0x0000000020000168        0x0 load address 0x000000000800969c
 .igot.plt      0x0000000020000168        0x0 c:/st/stm32cubeide_1.8.0/stm32cubeide/plugins/com.st.stm32cube.ide.mcu.externaltools.gnu-tools-for-stm32.10.3-2021.10.win32_1.0.0.202111181127/tools/bin/../lib/gcc/arm-none-eabi/10.3.1/thumb/v7e-m+fp/hard/crtbegin.o

.ccmram         0x0000000010000000        0x0 load address 0x000000000800969c
                0x0000000010000000                . = ALIGN (0x4)
                0x0000000010000000                _sccmram = .
 *(.ccmram)
 *(.ccmram*)
                0x0000000010000000                . = ALIGN (0x4)
                0x0000000010000000                _eccmram = .
                0x0000000010000000                . = ALIGN (0x4)

.bss            0x0000000020000168     0x1d84
                0x0000000020000168                _sbss = .
                0x0000000020000168                __bss_start__ = _sbss
 *(.bss)
 .bss           0x0000000020000168       0x1c c:/st/stm32cubeide_1.8.0/stm32cubeide/plugins/com.st.stm32cube.ide.mcu.externaltools.gnu-tools-for-stm32.10.3-2021.10.win32_1.0.0.202111181127/tools/bin/../lib/gcc/arm-none-eabi/10.3.1/thumb/v7e-m+fp/hard/crtbegin.o
 *(.bss*)
 .bss.hi2c1     0x0000000020000184       0x54 ./Core/Src/main.o
                0x0000000020000184                hi2c1
 .bss.hi2s3     0x00000000200001d8       0x48 ./Core/Src/main.o
                0x00000000200001d8                hi2s3
 .bss.hspi1     0x0000000020000220       0x58 ./Core/Src/main.o
                0x0000000020000220                hspi1
 .bss.pDataXYZ  0x0000000020000278        0x6 ./Core/Src/main.o
                0x0000000020000278                pDataXYZ
 *fill*         0x000000002000027e        0x2 
 .bss.SpiHandle
                0x0000000020000280       0x58 ./Core/Src/stm32f4_discovery.o
 .bss.AcceleroDrv
                0x00000000200002d8        0x4 ./Core/Src/stm32f4_discovery_accelerometer.o
 .bss.uwTick    0x00000000200002dc        0x4 ./Drivers/STM32F4xx_HAL_Driver/Src/stm32f4xx_hal.o
                0x00000000200002dc                uwTick
 .bss.cfgidx.0  0x00000000200002e0        0x1 ./Middlewares/ST/STM32_USB_Device_Library/Core/Src/usbd_ctlreq.o
 *fill*         0x00000000200002e1        0x3 
 .bss.hUsbDeviceFS
                0x00000000200002e4      0x2dc ./USB_DEVICE/App/usb_device.o
                0x00000000200002e4                hUsbDeviceFS
 .bss.UserRxBufferFS
                0x00000000200005c0      0x800 ./USB_DEVICE/App/usbd_cdc_if.o
                0x00000000200005c0                UserRxBufferFS
 .bss.UserTxBufferFS
                0x0000000020000dc0      0x800 ./USB_DEVICE/App/usbd_cdc_if.o
                0x0000000020000dc0                UserTxBufferFS
 .bss.USBD_StrDesc
                0x00000000200015c0      0x200 ./USB_DEVICE/App/usbd_desc.o
                0x00000000200015c0                USBD_StrDesc
 .bss.hpcd_USB_OTG_FS
                0x00000000200017c0      0x50c ./USB_DEVICE/Target/usbd_conf.o
                0x00000000200017c0                hpcd_USB_OTG_FS
 .bss.mem.0     0x0000000020001ccc      0x220 ./USB_DEVICE/Target/usbd_conf.o
 *(COMMON)
                0x0000000020001eec                . = ALIGN (0x4)
                0x0000000020001eec                _ebss = .
                0x0000000020001eec                __bss_end__ = _ebss

._user_heap_stack
                0x0000000020001eec      0x604
                0x0000000020001ef0                . = ALIGN (0x8)
 *fill*         0x0000000020001eec        0x4 
                [!provide]                        PROVIDE (end = .)
                0x0000000020001ef0                PROVIDE (_end = .)
                0x00000000200020f0                . = (. + _Min_Heap_Size)
 *fill*         0x0000000020001ef0      0x200 
                0x00000000200024f0                . = (. + _Min_Stack_Size)
 *fill*         0x00000000200020f0      0x400 
                0x00000000200024f0                . = ALIGN (0x8)

/DISCARD/
 libc.a(*)
 libm.a(*)
 libgcc.a(*)

.ARM.attributes
                0x0000000000000000       0x30
 *(.ARM.attributes)
 .ARM.attributes
                0x0000000000000000       0x1e c:/st/stm32cubeide_1.8.0/stm32cubeide/plugins/com.st.stm32cube.ide.mcu.externaltools.gnu-tools-for-stm32.10.3-2021.10.win32_1.0.0.202111181127/tools/bin/../lib/gcc/arm-none-eabi/10.3.1/thumb/v7e-m+fp/hard/crti.o
 .ARM.attributes
                0x000000000000001e       0x34 c:/st/stm32cubeide_1.8.0/stm32cubeide/plugins/com.st.stm32cube.ide.mcu.externaltools.gnu-tools-for-stm32.10.3-2021.10.win32_1.0.0.202111181127/tools/bin/../lib/gcc/arm-none-eabi/10.3.1/thumb/v7e-m+fp/hard/crtbegin.o
 .ARM.attributes
                0x0000000000000052       0x34 ./Core/Src/lis302dl.o
 .ARM.attributes
                0x0000000000000086       0x34 ./Core/Src/lis3dsh.o
 .ARM.attributes
                0x00000000000000ba       0x34 ./Core/Src/main.o
 .ARM.attributes
                0x00000000000000ee       0x34 ./Core/Src/stm32f4_discovery.o
 .ARM.attributes
                0x0000000000000122       0x34 ./Core/Src/stm32f4_discovery_accelerometer.o
 .ARM.attributes
                0x0000000000000156       0x34 ./Core/Src/stm32f4xx_hal_msp.o
 .ARM.attributes
                0x000000000000018a       0x34 ./Core/Src/stm32f4xx_it.o
 .ARM.attributes
                0x00000000000001be       0x34 ./Core/Src/system_stm32f4xx.o
 .ARM.attributes
                0x00000000000001f2       0x21 ./Core/Startup/startup_stm32f407vgtx.o
 .ARM.attributes
                0x0000000000000213       0x34 ./Drivers/STM32F4xx_HAL_Driver/Src/stm32f4xx_hal.o
 .ARM.attributes
                0x0000000000000247       0x34 ./Drivers/STM32F4xx_HAL_Driver/Src/stm32f4xx_hal_cortex.o
 .ARM.attributes
                0x000000000000027b       0x34 ./Drivers/STM32F4xx_HAL_Driver/Src/stm32f4xx_hal_gpio.o
 .ARM.attributes
                0x00000000000002af       0x34 ./Drivers/STM32F4xx_HAL_Driver/Src/stm32f4xx_hal_i2c.o
 .ARM.attributes
                0x00000000000002e3       0x34 ./Drivers/STM32F4xx_HAL_Driver/Src/stm32f4xx_hal_i2s.o
 .ARM.attributes
                0x0000000000000317       0x34 ./Drivers/STM32F4xx_HAL_Driver/Src/stm32f4xx_hal_i2s_ex.o
 .ARM.attributes
                0x000000000000034b       0x34 ./Drivers/STM32F4xx_HAL_Driver/Src/stm32f4xx_hal_pcd.o
 .ARM.attributes
                0x000000000000037f       0x34 ./Drivers/STM32F4xx_HAL_Driver/Src/stm32f4xx_hal_pcd_ex.o
 .ARM.attributes
                0x00000000000003b3       0x34 ./Drivers/STM32F4xx_HAL_Driver/Src/stm32f4xx_hal_rcc.o
 .ARM.attributes
                0x00000000000003e7       0x34 ./Drivers/STM32F4xx_HAL_Driver/Src/stm32f4xx_hal_rcc_ex.o
 .ARM.attributes
                0x000000000000041b       0x34 ./Drivers/STM32F4xx_HAL_Driver/Src/stm32f4xx_hal_spi.o
 .ARM.attributes
                0x000000000000044f       0x34 ./Drivers/STM32F4xx_HAL_Driver/Src/stm32f4xx_ll_usb.o
 .ARM.attributes
                0x0000000000000483       0x34 ./Middlewares/ST/STM32_USB_Device_Library/Class/CDC/Src/usbd_cdc.o
 .ARM.attributes
                0x00000000000004b7       0x34 ./Middlewares/ST/STM32_USB_Device_Library/Core/Src/usbd_core.o
 .ARM.attributes
                0x00000000000004eb       0x34 ./Middlewares/ST/STM32_USB_Device_Library/Core/Src/usbd_ctlreq.o
 .ARM.attributes
                0x000000000000051f       0x34 ./Middlewares/ST/STM32_USB_Device_Library/Core/Src/usbd_ioreq.o
 .ARM.attributes
                0x0000000000000553       0x34 ./USB_DEVICE/App/usb_device.o
 .ARM.attributes
                0x0000000000000587       0x34 ./USB_DEVICE/App/usbd_cdc_if.o
 .ARM.attributes
                0x00000000000005bb       0x34 ./USB_DEVICE/App/usbd_desc.o
 .ARM.attributes
                0x00000000000005ef       0x34 ./USB_DEVICE/Target/usbd_conf.o
 .ARM.attributes
                0x0000000000000623       0x34 c:/st/stm32cubeide_1.8.0/stm32cubeide/plugins/com.st.stm32cube.ide.mcu.externaltools.gnu-tools-for-stm32.10.3-2021.10.win32_1.0.0.202111181127/tools/bin/../lib/gcc/arm-none-eabi/10.3.1/../../../../arm-none-eabi/lib/thumb/v7e-m+fp/hard\libc_nano.a(lib_a-init.o)
 .ARM.attributes
                0x0000000000000657       0x34 c:/st/stm32cubeide_1.8.0/stm32cubeide/plugins/com.st.stm32cube.ide.mcu.externaltools.gnu-tools-for-stm32.10.3-2021.10.win32_1.0.0.202111181127/tools/bin/../lib/gcc/arm-none-eabi/10.3.1/../../../../arm-none-eabi/lib/thumb/v7e-m+fp/hard\libc_nano.a(lib_a-memset.o)
 .ARM.attributes
                0x000000000000068b       0x1e c:/st/stm32cubeide_1.8.0/stm32cubeide/plugins/com.st.stm32cube.ide.mcu.externaltools.gnu-tools-for-stm32.10.3-2021.10.win32_1.0.0.202111181127/tools/bin/../lib/gcc/arm-none-eabi/10.3.1/thumb/v7e-m+fp/hard\libgcc.a(_aeabi_uldivmod.o)
 .ARM.attributes
                0x00000000000006a9       0x34 c:/st/stm32cubeide_1.8.0/stm32cubeide/plugins/com.st.stm32cube.ide.mcu.externaltools.gnu-tools-for-stm32.10.3-2021.10.win32_1.0.0.202111181127/tools/bin/../lib/gcc/arm-none-eabi/10.3.1/thumb/v7e-m+fp/hard\libgcc.a(_udivmoddi4.o)
 .ARM.attributes
                0x00000000000006dd       0x1e c:/st/stm32cubeide_1.8.0/stm32cubeide/plugins/com.st.stm32cube.ide.mcu.externaltools.gnu-tools-for-stm32.10.3-2021.10.win32_1.0.0.202111181127/tools/bin/../lib/gcc/arm-none-eabi/10.3.1/thumb/v7e-m+fp/hard\libgcc.a(_dvmd_tls.o)
 .ARM.attributes
                0x00000000000006fb       0x1e c:/st/stm32cubeide_1.8.0/stm32cubeide/plugins/com.st.stm32cube.ide.mcu.externaltools.gnu-tools-for-stm32.10.3-2021.10.win32_1.0.0.202111181127/tools/bin/../lib/gcc/arm-none-eabi/10.3.1/thumb/v7e-m+fp/hard/crtn.o
OUTPUT(hope2.elf elf32-littlearm)
LOAD linker stubs
LOAD c:/st/stm32cubeide_1.8.0/stm32cubeide/plugins/com.st.stm32cube.ide.mcu.externaltools.gnu-tools-for-stm32.10.3-2021.10.win32_1.0.0.202111181127/tools/bin/../lib/gcc/arm-none-eabi/10.3.1/../../../../arm-none-eabi/lib/thumb/v7e-m+fp/hard\libc.a
LOAD c:/st/stm32cubeide_1.8.0/stm32cubeide/plugins/com.st.stm32cube.ide.mcu.externaltools.gnu-tools-for-stm32.10.3-2021.10.win32_1.0.0.202111181127/tools/bin/../lib/gcc/arm-none-eabi/10.3.1/../../../../arm-none-eabi/lib/thumb/v7e-m+fp/hard\libm.a
LOAD c:/st/stm32cubeide_1.8.0/stm32cubeide/plugins/com.st.stm32cube.ide.mcu.externaltools.gnu-tools-for-stm32.10.3-2021.10.win32_1.0.0.202111181127/tools/bin/../lib/gcc/arm-none-eabi/10.3.1/thumb/v7e-m+fp/hard\libgcc.a

.debug_info     0x0000000000000000    0x178f8
 .debug_info    0x0000000000000000      0x559 ./Core/Src/lis302dl.o
 .debug_info    0x0000000000000559      0x507 ./Core/Src/lis3dsh.o
 .debug_info    0x0000000000000a60     0x1222 ./Core/Src/main.o
 .debug_info    0x0000000000001c82     0x16e5 ./Core/Src/stm32f4_discovery.o
 .debug_info    0x0000000000003367      0x41f ./Core/Src/stm32f4_discovery_accelerometer.o
 .debug_info    0x0000000000003786     0x105a ./Core/Src/stm32f4xx_hal_msp.o
 .debug_info    0x00000000000047e0      0x650 ./Core/Src/stm32f4xx_it.o
 .debug_info    0x0000000000004e30      0x523 ./Core/Src/system_stm32f4xx.o
 .debug_info    0x0000000000005353       0x22 ./Core/Startup/startup_stm32f407vgtx.o
 .debug_info    0x0000000000005375      0x97c ./Drivers/STM32F4xx_HAL_Driver/Src/stm32f4xx_hal.o
 .debug_info    0x0000000000005cf1      0xe1b ./Drivers/STM32F4xx_HAL_Driver/Src/stm32f4xx_hal_cortex.o
 .debug_info    0x0000000000006b0c      0x76a ./Drivers/STM32F4xx_HAL_Driver/Src/stm32f4xx_hal_gpio.o
 .debug_info    0x0000000000007276     0x2609 ./Drivers/STM32F4xx_HAL_Driver/Src/stm32f4xx_hal_i2c.o
 .debug_info    0x000000000000987f      0xeb6 ./Drivers/STM32F4xx_HAL_Driver/Src/stm32f4xx_hal_i2s.o
 .debug_info    0x000000000000a735      0xb7b ./Drivers/STM32F4xx_HAL_Driver/Src/stm32f4xx_hal_i2s_ex.o
 .debug_info    0x000000000000b2b0     0x1695 ./Drivers/STM32F4xx_HAL_Driver/Src/stm32f4xx_hal_pcd.o
 .debug_info    0x000000000000c945      0x717 ./Drivers/STM32F4xx_HAL_Driver/Src/stm32f4xx_hal_pcd_ex.o
 .debug_info    0x000000000000d05c      0x966 ./Drivers/STM32F4xx_HAL_Driver/Src/stm32f4xx_hal_rcc.o
 .debug_info    0x000000000000d9c2      0x569 ./Drivers/STM32F4xx_HAL_Driver/Src/stm32f4xx_hal_rcc_ex.o
 .debug_info    0x000000000000df2b     0x1758 ./Drivers/STM32F4xx_HAL_Driver/Src/stm32f4xx_hal_spi.o
 .debug_info    0x000000000000f683     0x1a97 ./Drivers/STM32F4xx_HAL_Driver/Src/stm32f4xx_ll_usb.o
 .debug_info    0x000000000001111a     0x130c ./Middlewares/ST/STM32_USB_Device_Library/Class/CDC/Src/usbd_cdc.o
 .debug_info    0x0000000000012426      0xee7 ./Middlewares/ST/STM32_USB_Device_Library/Core/Src/usbd_core.o
 .debug_info    0x000000000001330d      0xb7f ./Middlewares/ST/STM32_USB_Device_Library/Core/Src/usbd_ctlreq.o
 .debug_info    0x0000000000013e8c      0x7da ./Middlewares/ST/STM32_USB_Device_Library/Core/Src/usbd_ioreq.o
 .debug_info    0x0000000000014666      0x76a ./USB_DEVICE/App/usb_device.o
 .debug_info    0x0000000000014dd0      0x96f ./USB_DEVICE/App/usbd_cdc_if.o
 .debug_info    0x000000000001573f      0x498 ./USB_DEVICE/App/usbd_desc.o
 .debug_info    0x0000000000015bd7     0x1d21 ./USB_DEVICE/Target/usbd_conf.o

.debug_abbrev   0x0000000000000000     0x3d7b
 .debug_abbrev  0x0000000000000000      0x1dc ./Core/Src/lis302dl.o
 .debug_abbrev  0x00000000000001dc      0x1dc ./Core/Src/lis3dsh.o
 .debug_abbrev  0x00000000000003b8      0x26b ./Core/Src/main.o
 .debug_abbrev  0x0000000000000623      0x2e2 ./Core/Src/stm32f4_discovery.o
 .debug_abbrev  0x0000000000000905      0x162 ./Core/Src/stm32f4_discovery_accelerometer.o
 .debug_abbrev  0x0000000000000a67      0x211 ./Core/Src/stm32f4xx_hal_msp.o
 .debug_abbrev  0x0000000000000c78      0x199 ./Core/Src/stm32f4xx_it.o
 .debug_abbrev  0x0000000000000e11      0x116 ./Core/Src/system_stm32f4xx.o
 .debug_abbrev  0x0000000000000f27       0x12 ./Core/Startup/startup_stm32f407vgtx.o
 .debug_abbrev  0x0000000000000f39      0x20d ./Drivers/STM32F4xx_HAL_Driver/Src/stm32f4xx_hal.o
 .debug_abbrev  0x0000000000001146      0x316 ./Drivers/STM32F4xx_HAL_Driver/Src/stm32f4xx_hal_cortex.o
 .debug_abbrev  0x000000000000145c      0x1c4 ./Drivers/STM32F4xx_HAL_Driver/Src/stm32f4xx_hal_gpio.o
 .debug_abbrev  0x0000000000001620      0x297 ./Drivers/STM32F4xx_HAL_Driver/Src/stm32f4xx_hal_i2c.o
 .debug_abbrev  0x00000000000018b7      0x247 ./Drivers/STM32F4xx_HAL_Driver/Src/stm32f4xx_hal_i2s.o
 .debug_abbrev  0x0000000000001afe      0x278 ./Drivers/STM32F4xx_HAL_Driver/Src/stm32f4xx_hal_i2s_ex.o
 .debug_abbrev  0x0000000000001d76      0x2bb ./Drivers/STM32F4xx_HAL_Driver/Src/stm32f4xx_hal_pcd.o
 .debug_abbrev  0x0000000000002031      0x1ce ./Drivers/STM32F4xx_HAL_Driver/Src/stm32f4xx_hal_pcd_ex.o
 .debug_abbrev  0x00000000000021ff      0x2aa ./Drivers/STM32F4xx_HAL_Driver/Src/stm32f4xx_hal_rcc.o
 .debug_abbrev  0x00000000000024a9      0x1a8 ./Drivers/STM32F4xx_HAL_Driver/Src/stm32f4xx_hal_rcc_ex.o
 .debug_abbrev  0x0000000000002651      0x26e ./Drivers/STM32F4xx_HAL_Driver/Src/stm32f4xx_hal_spi.o
 .debug_abbrev  0x00000000000028bf      0x296 ./Drivers/STM32F4xx_HAL_Driver/Src/stm32f4xx_ll_usb.o
 .debug_abbrev  0x0000000000002b55      0x2be ./Middlewares/ST/STM32_USB_Device_Library/Class/CDC/Src/usbd_cdc.o
 .debug_abbrev  0x0000000000002e13      0x263 ./Middlewares/ST/STM32_USB_Device_Library/Core/Src/usbd_core.o
 .debug_abbrev  0x0000000000003076      0x25c ./Middlewares/ST/STM32_USB_Device_Library/Core/Src/usbd_ctlreq.o
 .debug_abbrev  0x00000000000032d2      0x18a ./Middlewares/ST/STM32_USB_Device_Library/Core/Src/usbd_ioreq.o
 .debug_abbrev  0x000000000000345c      0x18a ./USB_DEVICE/App/usb_device.o
 .debug_abbrev  0x00000000000035e6      0x290 ./USB_DEVICE/App/usbd_cdc_if.o
 .debug_abbrev  0x0000000000003876      0x1da ./USB_DEVICE/App/usbd_desc.o
 .debug_abbrev  0x0000000000003a50      0x32b ./USB_DEVICE/Target/usbd_conf.o

.debug_aranges  0x0000000000000000     0x13c8
 .debug_aranges
                0x0000000000000000       0x78 ./Core/Src/lis302dl.o
 .debug_aranges
                0x0000000000000078       0x68 ./Core/Src/lis3dsh.o
 .debug_aranges
                0x00000000000000e0       0x50 ./Core/Src/main.o
 .debug_aranges
                0x0000000000000130       0xd8 ./Core/Src/stm32f4_discovery.o
 .debug_aranges
                0x0000000000000208       0x48 ./Core/Src/stm32f4_discovery_accelerometer.o
 .debug_aranges
                0x0000000000000250       0x50 ./Core/Src/stm32f4xx_hal_msp.o
 .debug_aranges
                0x00000000000002a0       0x68 ./Core/Src/stm32f4xx_it.o
 .debug_aranges
                0x0000000000000308       0x28 ./Core/Src/system_stm32f4xx.o
 .debug_aranges
                0x0000000000000330       0x28 ./Core/Startup/startup_stm32f407vgtx.o
 .debug_aranges
                0x0000000000000358       0xf0 ./Drivers/STM32F4xx_HAL_Driver/Src/stm32f4xx_hal.o
 .debug_aranges
                0x0000000000000448      0x118 ./Drivers/STM32F4xx_HAL_Driver/Src/stm32f4xx_hal_cortex.o
 .debug_aranges
                0x0000000000000560       0x58 ./Drivers/STM32F4xx_HAL_Driver/Src/stm32f4xx_hal_gpio.o
 .debug_aranges
                0x00000000000005b8      0x2a0 ./Drivers/STM32F4xx_HAL_Driver/Src/stm32f4xx_hal_i2c.o
 .debug_aranges
                0x0000000000000858      0x108 ./Drivers/STM32F4xx_HAL_Driver/Src/stm32f4xx_hal_i2s.o
 .debug_aranges
                0x0000000000000960       0x88 ./Drivers/STM32F4xx_HAL_Driver/Src/stm32f4xx_hal_i2s_ex.o
 .debug_aranges
                0x00000000000009e8      0x148 ./Drivers/STM32F4xx_HAL_Driver/Src/stm32f4xx_hal_pcd.o
 .debug_aranges
                0x0000000000000b30       0x38 ./Drivers/STM32F4xx_HAL_Driver/Src/stm32f4xx_hal_pcd_ex.o
 .debug_aranges
                0x0000000000000b68       0x88 ./Drivers/STM32F4xx_HAL_Driver/Src/stm32f4xx_hal_rcc.o
 .debug_aranges
                0x0000000000000bf0       0x48 ./Drivers/STM32F4xx_HAL_Driver/Src/stm32f4xx_hal_rcc_ex.o
 .debug_aranges
                0x0000000000000c38      0x1d0 ./Drivers/STM32F4xx_HAL_Driver/Src/stm32f4xx_hal_spi.o
 .debug_aranges
                0x0000000000000e08      0x1a0 ./Drivers/STM32F4xx_HAL_Driver/Src/stm32f4xx_ll_usb.o
 .debug_aranges
                0x0000000000000fa8       0x90 ./Middlewares/ST/STM32_USB_Device_Library/Class/CDC/Src/usbd_cdc.o
 .debug_aranges
                0x0000000000001038       0xd8 ./Middlewares/ST/STM32_USB_Device_Library/Core/Src/usbd_core.o
 .debug_aranges
                0x0000000000001110       0x90 ./Middlewares/ST/STM32_USB_Device_Library/Core/Src/usbd_ctlreq.o
 .debug_aranges
                0x00000000000011a0       0x50 ./Middlewares/ST/STM32_USB_Device_Library/Core/Src/usbd_ioreq.o
 .debug_aranges
                0x00000000000011f0       0x20 ./USB_DEVICE/App/usb_device.o
 .debug_aranges
                0x0000000000001210       0x48 ./USB_DEVICE/App/usbd_cdc_if.o
 .debug_aranges
                0x0000000000001258       0x60 ./USB_DEVICE/App/usbd_desc.o
 .debug_aranges
                0x00000000000012b8      0x110 ./USB_DEVICE/Target/usbd_conf.o

.debug_ranges   0x0000000000000000     0x1218
 .debug_ranges  0x0000000000000000       0x68 ./Core/Src/lis302dl.o
 .debug_ranges  0x0000000000000068       0x58 ./Core/Src/lis3dsh.o
 .debug_ranges  0x00000000000000c0       0x40 ./Core/Src/main.o
 .debug_ranges  0x0000000000000100       0xc8 ./Core/Src/stm32f4_discovery.o
 .debug_ranges  0x00000000000001c8       0x38 ./Core/Src/stm32f4_discovery_accelerometer.o
 .debug_ranges  0x0000000000000200       0x40 ./Core/Src/stm32f4xx_hal_msp.o
 .debug_ranges  0x0000000000000240       0x58 ./Core/Src/stm32f4xx_it.o
 .debug_ranges  0x0000000000000298       0x18 ./Core/Src/system_stm32f4xx.o
 .debug_ranges  0x00000000000002b0       0x20 ./Core/Startup/startup_stm32f407vgtx.o
 .debug_ranges  0x00000000000002d0       0xe0 ./Drivers/STM32F4xx_HAL_Driver/Src/stm32f4xx_hal.o
 .debug_ranges  0x00000000000003b0      0x108 ./Drivers/STM32F4xx_HAL_Driver/Src/stm32f4xx_hal_cortex.o
 .debug_ranges  0x00000000000004b8       0x48 ./Drivers/STM32F4xx_HAL_Driver/Src/stm32f4xx_hal_gpio.o
 .debug_ranges  0x0000000000000500      0x2a8 ./Drivers/STM32F4xx_HAL_Driver/Src/stm32f4xx_hal_i2c.o
 .debug_ranges  0x00000000000007a8       0xf8 ./Drivers/STM32F4xx_HAL_Driver/Src/stm32f4xx_hal_i2s.o
 .debug_ranges  0x00000000000008a0       0x78 ./Drivers/STM32F4xx_HAL_Driver/Src/stm32f4xx_hal_i2s_ex.o
 .debug_ranges  0x0000000000000918      0x138 ./Drivers/STM32F4xx_HAL_Driver/Src/stm32f4xx_hal_pcd.o
 .debug_ranges  0x0000000000000a50       0x28 ./Drivers/STM32F4xx_HAL_Driver/Src/stm32f4xx_hal_pcd_ex.o
 .debug_ranges  0x0000000000000a78       0x78 ./Drivers/STM32F4xx_HAL_Driver/Src/stm32f4xx_hal_rcc.o
 .debug_ranges  0x0000000000000af0       0x38 ./Drivers/STM32F4xx_HAL_Driver/Src/stm32f4xx_hal_rcc_ex.o
 .debug_ranges  0x0000000000000b28      0x1c0 ./Drivers/STM32F4xx_HAL_Driver/Src/stm32f4xx_hal_spi.o
 .debug_ranges  0x0000000000000ce8      0x190 ./Drivers/STM32F4xx_HAL_Driver/Src/stm32f4xx_ll_usb.o
 .debug_ranges  0x0000000000000e78       0x80 ./Middlewares/ST/STM32_USB_Device_Library/Class/CDC/Src/usbd_cdc.o
 .debug_ranges  0x0000000000000ef8       0xc8 ./Middlewares/ST/STM32_USB_Device_Library/Core/Src/usbd_core.o
 .debug_ranges  0x0000000000000fc0       0x80 ./Middlewares/ST/STM32_USB_Device_Library/Core/Src/usbd_ctlreq.o
 .debug_ranges  0x0000000000001040       0x40 ./Middlewares/ST/STM32_USB_Device_Library/Core/Src/usbd_ioreq.o
 .debug_ranges  0x0000000000001080       0x10 ./USB_DEVICE/App/usb_device.o
 .debug_ranges  0x0000000000001090       0x38 ./USB_DEVICE/App/usbd_cdc_if.o
 .debug_ranges  0x00000000000010c8       0x50 ./USB_DEVICE/App/usbd_desc.o
 .debug_ranges  0x0000000000001118      0x100 ./USB_DEVICE/Target/usbd_conf.o

.debug_macro    0x0000000000000000    0x2586f
 .debug_macro   0x0000000000000000       0x7c ./Core/Src/lis302dl.o
 .debug_macro   0x000000000000007c      0xa78 ./Core/Src/lis302dl.o
 .debug_macro   0x0000000000000af4       0x22 ./Core/Src/lis302dl.o
 .debug_macro   0x0000000000000b16       0x8e ./Core/Src/lis302dl.o
 .debug_macro   0x0000000000000ba4       0x51 ./Core/Src/lis302dl.o
 .debug_macro   0x0000000000000bf5      0x103 ./Core/Src/lis302dl.o
 .debug_macro   0x0000000000000cf8       0x6a ./Core/Src/lis302dl.o
 .debug_macro   0x0000000000000d62      0x1df ./Core/Src/lis302dl.o
 .debug_macro   0x0000000000000f41      0x1d1 ./Core/Src/lis302dl.o
 .debug_macro   0x0000000000001112       0x7c ./Core/Src/lis3dsh.o
 .debug_macro   0x000000000000118e      0x428 ./Core/Src/lis3dsh.o
 .debug_macro   0x00000000000015b6      0x440 ./Core/Src/main.o
 .debug_macro   0x00000000000019f6      0x2a7 ./Core/Src/main.o
 .debug_macro   0x0000000000001c9d       0x2e ./Core/Src/main.o
 .debug_macro   0x0000000000001ccb       0x2f ./Core/Src/main.o
 .debug_macro   0x0000000000001cfa       0x1c ./Core/Src/main.o
 .debug_macro   0x0000000000001d16       0x22 ./Core/Src/main.o
 .debug_macro   0x0000000000001d38       0xd9 ./Core/Src/main.o
 .debug_macro   0x0000000000001e11     0x102d ./Core/Src/main.o
 .debug_macro   0x0000000000002e3e      0x11f ./Core/Src/main.o
 .debug_macro   0x0000000000002f5d    0x15e82 ./Core/Src/main.o
 .debug_macro   0x0000000000018ddf       0x6d ./Core/Src/main.o
 .debug_macro   0x0000000000018e4c     0x367e ./Core/Src/main.o
 .debug_macro   0x000000000001c4ca      0x174 ./Core/Src/main.o
 .debug_macro   0x000000000001c63e       0x5c ./Core/Src/main.o
 .debug_macro   0x000000000001c69a      0x96b ./Core/Src/main.o
 .debug_macro   0x000000000001d005      0x9fe ./Core/Src/main.o
 .debug_macro   0x000000000001da03      0x115 ./Core/Src/main.o
 .debug_macro   0x000000000001db18      0x13e ./Core/Src/main.o
 .debug_macro   0x000000000001dc56       0xa5 ./Core/Src/main.o
 .debug_macro   0x000000000001dcfb      0x174 ./Core/Src/main.o
 .debug_macro   0x000000000001de6f      0x287 ./Core/Src/main.o
 .debug_macro   0x000000000001e0f6       0x5f ./Core/Src/main.o
 .debug_macro   0x000000000001e155      0x236 ./Core/Src/main.o
 .debug_macro   0x000000000001e38b      0x12c ./Core/Src/main.o
 .debug_macro   0x000000000001e4b7      0x21e ./Core/Src/main.o
 .debug_macro   0x000000000001e6d5       0x2e ./Core/Src/main.o
 .debug_macro   0x000000000001e703      0x1b5 ./Core/Src/main.o
 .debug_macro   0x000000000001e8b8       0xd6 ./Core/Src/main.o
 .debug_macro   0x000000000001e98e      0x1a7 ./Core/Src/main.o
 .debug_macro   0x000000000001eb35       0x46 ./Core/Src/main.o
 .debug_macro   0x000000000001eb7b       0x4a ./Core/Src/main.o
 .debug_macro   0x000000000001ebc5      0x11a ./Core/Src/main.o
 .debug_macro   0x000000000001ecdf       0x7e ./Core/Src/main.o
 .debug_macro   0x000000000001ed5d       0x89 ./Core/Src/main.o
 .debug_macro   0x000000000001ede6      0x225 ./Core/Src/main.o
 .debug_macro   0x000000000001f00b      0x248 ./Core/Src/main.o
 .debug_macro   0x000000000001f253       0xba ./Core/Src/main.o
 .debug_macro   0x000000000001f30d      0x12d ./Core/Src/main.o
 .debug_macro   0x000000000001f43a      0x190 ./Core/Src/main.o
 .debug_macro   0x000000000001f5ca       0x52 ./Core/Src/main.o
 .debug_macro   0x000000000001f61c       0x1e ./Core/Src/main.o
 .debug_macro   0x000000000001f63a       0x3c ./Core/Src/main.o
 .debug_macro   0x000000000001f676       0x34 ./Core/Src/main.o
 .debug_macro   0x000000000001f6aa       0x16 ./Core/Src/main.o
 .debug_macro   0x000000000001f6c0       0x35 ./Core/Src/main.o
 .debug_macro   0x000000000001f6f5      0x341 ./Core/Src/main.o
 .debug_macro   0x000000000001fa36       0x10 ./Core/Src/main.o
 .debug_macro   0x000000000001fa46       0x16 ./Core/Src/main.o
 .debug_macro   0x000000000001fa5c       0x43 ./Core/Src/main.o
 .debug_macro   0x000000000001fa9f       0x34 ./Core/Src/main.o
 .debug_macro   0x000000000001fad3       0x10 ./Core/Src/main.o
 .debug_macro   0x000000000001fae3       0x58 ./Core/Src/main.o
 .debug_macro   0x000000000001fb3b       0x71 ./Core/Src/main.o
 .debug_macro   0x000000000001fbac       0x1c ./Core/Src/main.o
 .debug_macro   0x000000000001fbc8      0x12a ./Core/Src/main.o
 .debug_macro   0x000000000001fcf2       0x10 ./Core/Src/main.o
 .debug_macro   0x000000000001fd02       0x1c ./Core/Src/main.o
 .debug_macro   0x000000000001fd1e       0x52 ./Core/Src/main.o
 .debug_macro   0x000000000001fd70       0x22 ./Core/Src/main.o
 .debug_macro   0x000000000001fd92       0x10 ./Core/Src/main.o
 .debug_macro   0x000000000001fda2       0x52 ./Core/Src/main.o
 .debug_macro   0x000000000001fdf4       0xd5 ./Core/Src/main.o
 .debug_macro   0x000000000001fec9       0x1c ./Core/Src/main.o
 .debug_macro   0x000000000001fee5       0x3d ./Core/Src/main.o
 .debug_macro   0x000000000001ff22       0x16 ./Core/Src/main.o
 .debug_macro   0x000000000001ff38      0x145 ./Core/Src/main.o
 .debug_macro   0x000000000002007d       0x16 ./Core/Src/main.o
 .debug_macro   0x0000000000020093       0x16 ./Core/Src/main.o
 .debug_macro   0x00000000000200a9       0x29 ./Core/Src/main.o
 .debug_macro   0x00000000000200d2       0x16 ./Core/Src/main.o
 .debug_macro   0x00000000000200e8       0x20 ./Core/Src/main.o
 .debug_macro   0x0000000000020108       0x65 ./Core/Src/main.o
 .debug_macro   0x000000000002016d      0x20f ./Core/Src/main.o
 .debug_macro   0x000000000002037c      0x1e5 ./Core/Src/main.o
 .debug_macro   0x0000000000020561      0x42e ./Core/Src/main.o
 .debug_macro   0x000000000002098f      0x23e ./Core/Src/stm32f4_discovery.o
 .debug_macro   0x0000000000020bcd      0x1df ./Core/Src/stm32f4_discovery.o
 .debug_macro   0x0000000000020dac      0x24c ./Core/Src/stm32f4_discovery_accelerometer.o
 .debug_macro   0x0000000000020ff8      0x220 ./Core/Src/stm32f4xx_hal_msp.o
 .debug_macro   0x0000000000021218      0x22a ./Core/Src/stm32f4xx_it.o
 .debug_macro   0x0000000000021442      0x211 ./Core/Src/system_stm32f4xx.o
 .debug_macro   0x0000000000021653      0x271 ./Drivers/STM32F4xx_HAL_Driver/Src/stm32f4xx_hal.o
 .debug_macro   0x00000000000218c4      0x211 ./Drivers/STM32F4xx_HAL_Driver/Src/stm32f4xx_hal_cortex.o
 .debug_macro   0x0000000000021ad5      0x217 ./Drivers/STM32F4xx_HAL_Driver/Src/stm32f4xx_hal_gpio.o
 .debug_macro   0x0000000000021cec      0x258 ./Drivers/STM32F4xx_HAL_Driver/Src/stm32f4xx_hal_i2c.o
 .debug_macro   0x0000000000021f44      0x219 ./Drivers/STM32F4xx_HAL_Driver/Src/stm32f4xx_hal_i2s.o